Archive member included because of file (symbol)

c:/altera/13.0sp1/nios2eds/bin/gnu/h-i686-mingw32/bin/../lib/gcc/nios2-elf/4.1.2/../../../../nios2-elf/lib\libc.a(lib_a-fwrite.o)
                              obj/default/hello_world.o (fwrite)
c:/altera/13.0sp1/nios2eds/bin/gnu/h-i686-mingw32/bin/../lib/gcc/nios2-elf/4.1.2/../../../../nios2-elf/lib\libc.a(lib_a-impure.o)
                              obj/default/hello_world.o (_impure_ptr)
c:/altera/13.0sp1/nios2eds/bin/gnu/h-i686-mingw32/bin/../lib/gcc/nios2-elf/4.1.2/../../../../nios2-elf/lib\libc.a(lib_a-malloc.o)
                              obj/default/hello_world.o (free)
c:/altera/13.0sp1/nios2eds/bin/gnu/h-i686-mingw32/bin/../lib/gcc/nios2-elf/4.1.2/../../../../nios2-elf/lib\libc.a(lib_a-mallocr.o)
                              c:/altera/13.0sp1/nios2eds/bin/gnu/h-i686-mingw32/bin/../lib/gcc/nios2-elf/4.1.2/../../../../nios2-elf/lib\libc.a(lib_a-malloc.o) (_malloc_r)
c:/altera/13.0sp1/nios2eds/bin/gnu/h-i686-mingw32/bin/../lib/gcc/nios2-elf/4.1.2/../../../../nios2-elf/lib\libc.a(lib_a-printf.o)
                              obj/default/hello_world.o (printf)
c:/altera/13.0sp1/nios2eds/bin/gnu/h-i686-mingw32/bin/../lib/gcc/nios2-elf/4.1.2/../../../../nios2-elf/lib\libc.a(lib_a-puts.o)
                              obj/default/hello_world.o (puts)
c:/altera/13.0sp1/nios2eds/bin/gnu/h-i686-mingw32/bin/../lib/gcc/nios2-elf/4.1.2/../../../../nios2-elf/lib\libc.a(lib_a-rand.o)
                              obj/default/hello_world.o (srand)
c:/altera/13.0sp1/nios2eds/bin/gnu/h-i686-mingw32/bin/../lib/gcc/nios2-elf/4.1.2/../../../../nios2-elf/lib\libc.a(lib_a-sbrkr.o)
                              c:/altera/13.0sp1/nios2eds/bin/gnu/h-i686-mingw32/bin/../lib/gcc/nios2-elf/4.1.2/../../../../nios2-elf/lib\libc.a(lib_a-mallocr.o) (_sbrk_r)
c:/altera/13.0sp1/nios2eds/bin/gnu/h-i686-mingw32/bin/../lib/gcc/nios2-elf/4.1.2/../../../../nios2-elf/lib\libc.a(lib_a-strlen.o)
                              c:/altera/13.0sp1/nios2eds/bin/gnu/h-i686-mingw32/bin/../lib/gcc/nios2-elf/4.1.2/../../../../nios2-elf/lib\libc.a(lib_a-puts.o) (strlen)
c:/altera/13.0sp1/nios2eds/bin/gnu/h-i686-mingw32/bin/../lib/gcc/nios2-elf/4.1.2/../../../../nios2-elf/lib\libc.a(lib_a-time.o)
                              obj/default/hello_world.o (time)
c:/altera/13.0sp1/nios2eds/bin/gnu/h-i686-mingw32/bin/../lib/gcc/nios2-elf/4.1.2/../../../../nios2-elf/lib\libc.a(lib_a-vfprintf.o)
                              c:/altera/13.0sp1/nios2eds/bin/gnu/h-i686-mingw32/bin/../lib/gcc/nios2-elf/4.1.2/../../../../nios2-elf/lib\libc.a(lib_a-printf.o) (___vfprintf_internal_r)
c:/altera/13.0sp1/nios2eds/bin/gnu/h-i686-mingw32/bin/../lib/gcc/nios2-elf/4.1.2/../../../../nios2-elf/lib\libc.a(lib_a-wsetup.o)
                              c:/altera/13.0sp1/nios2eds/bin/gnu/h-i686-mingw32/bin/../lib/gcc/nios2-elf/4.1.2/../../../../nios2-elf/lib\libc.a(lib_a-vfprintf.o) (__swsetup_r)
c:/altera/13.0sp1/nios2eds/bin/gnu/h-i686-mingw32/bin/../lib/gcc/nios2-elf/4.1.2/../../../../nios2-elf/lib\libc.a(lib_a-dtoa.o)
                              c:/altera/13.0sp1/nios2eds/bin/gnu/h-i686-mingw32/bin/../lib/gcc/nios2-elf/4.1.2/../../../../nios2-elf/lib\libc.a(lib_a-vfprintf.o) (_dtoa_r)
c:/altera/13.0sp1/nios2eds/bin/gnu/h-i686-mingw32/bin/../lib/gcc/nios2-elf/4.1.2/../../../../nios2-elf/lib\libc.a(lib_a-fflush.o)
                              c:/altera/13.0sp1/nios2eds/bin/gnu/h-i686-mingw32/bin/../lib/gcc/nios2-elf/4.1.2/../../../../nios2-elf/lib\libc.a(lib_a-vfprintf.o) (_fflush_r)
c:/altera/13.0sp1/nios2eds/bin/gnu/h-i686-mingw32/bin/../lib/gcc/nios2-elf/4.1.2/../../../../nios2-elf/lib\libc.a(lib_a-findfp.o)
                              c:/altera/13.0sp1/nios2eds/bin/gnu/h-i686-mingw32/bin/../lib/gcc/nios2-elf/4.1.2/../../../../nios2-elf/lib\libc.a(lib_a-fwrite.o) (__sinit)
c:/altera/13.0sp1/nios2eds/bin/gnu/h-i686-mingw32/bin/../lib/gcc/nios2-elf/4.1.2/../../../../nios2-elf/lib\libc.a(lib_a-freer.o)
                              c:/altera/13.0sp1/nios2eds/bin/gnu/h-i686-mingw32/bin/../lib/gcc/nios2-elf/4.1.2/../../../../nios2-elf/lib\libc.a(lib_a-malloc.o) (_free_r)
c:/altera/13.0sp1/nios2eds/bin/gnu/h-i686-mingw32/bin/../lib/gcc/nios2-elf/4.1.2/../../../../nios2-elf/lib\libc.a(lib_a-fvwrite.o)
                              c:/altera/13.0sp1/nios2eds/bin/gnu/h-i686-mingw32/bin/../lib/gcc/nios2-elf/4.1.2/../../../../nios2-elf/lib\libc.a(lib_a-fwrite.o) (__sfvwrite_r)
c:/altera/13.0sp1/nios2eds/bin/gnu/h-i686-mingw32/bin/../lib/gcc/nios2-elf/4.1.2/../../../../nios2-elf/lib\libc.a(lib_a-fwalk.o)
                              c:/altera/13.0sp1/nios2eds/bin/gnu/h-i686-mingw32/bin/../lib/gcc/nios2-elf/4.1.2/../../../../nios2-elf/lib\libc.a(lib_a-fflush.o) (_fwalk_reent)
c:/altera/13.0sp1/nios2eds/bin/gnu/h-i686-mingw32/bin/../lib/gcc/nios2-elf/4.1.2/../../../../nios2-elf/lib\libc.a(lib_a-gettimeofdayr.o)
[...]
Memory Configuration

Name             Origin             Length             Attributes
onchip_memory2_0 0x00000000         0x00001000
reset            0x01000000         0x00000020
sdram            0x01000020         0x007fffe0
*default*        0x00000000         0xffffffff

Linker script and memory map

LOAD ../module1_bsp//obj/HAL/src/crt0.o
LOAD obj/default/hello_world.o
LOAD c:/altera/13.0sp1/nios2eds/bin/gnu/h-i686-mingw32/bin/../lib/gcc/nios2-elf/4.1.2/../../../../nios2-elf/lib\libstdc++.a
LOAD c:/altera/13.0sp1/nios2eds/bin/gnu/h-i686-mingw32/bin/../lib/gcc/nios2-elf/4.1.2/../../../../nios2-elf/lib\libm.a
LOAD c:/altera/13.0sp1/nios2eds/bin/gnu/h-i686-mingw32/bin/../lib/gcc/nios2-elf/4.1.2\libgcc.a
START GROUP
LOAD c:/altera/13.0sp1/nios2eds/bin/gnu/h-i686-mingw32/bin/../lib/gcc/nios2-elf/4.1.2/../../../../nios2-elf/lib\libc.a
LOAD c:/altera/13.0sp1/nios2eds/bin/gnu/h-i686-mingw32/bin/../lib/gcc/nios2-elf/4.1.2\libgcc.a
LOAD ../module1_bsp/\libhal_bsp.a
END GROUP
LOAD c:/altera/13.0sp1/nios2eds/bin/gnu/h-i686-mingw32/bin/../lib/gcc/nios2-elf/4.1.2\libgcc.a
                0x00000000                __alt_mem_onchip_memory2_0 = 0x0
                0x01000000                __alt_mem_sdram = 0x1000000

.entry          0x01000000       0x20
 *(.entry)
 .entry         0x01000000       0x20 ../module1_bsp//obj/HAL/src/crt0.o
                0x01000000                __reset

.exceptions     0x01000020      0x198
                0x01000020                PROVIDE (__ram_exceptions_start, ABSOLUTE (.))
                0x01000020                . = ALIGN (0x20)
 *(.irq)
 *(.exceptions.entry.label)
 .exceptions.entry.label
                0x01000020        0x0 ../module1_bsp/\libhal_bsp.a(alt_irq_entry.o)
                0x01000020                alt_irq_entry
 .exceptions.entry.label
                0x01000020        0x0 ../module1_bsp/\libhal_bsp.a(alt_exception_entry.o)
                0x01000020                alt_exception
 *(.exceptions.entry.user)
 *(.exceptions.entry)
 .exceptions.entry
                0x01000020       0x54 ../module1_bsp/\libhal_bsp.a(alt_exception_entry.o)
 *(.exceptions.irqtest.user)
 *(.exceptions.irqtest)
 .exceptions.irqtest
                0x01000074       0x10 ../module1_bsp/\libhal_bsp.a(alt_irq_entry.o)
 *(.exceptions.irqhandler.user)
 *(.exceptions.irqhandler)
 .exceptions.irqhandler
                0x01000084        0x4 ../module1_bsp/\libhal_bsp.a(alt_irq_entry.o)
 *(.exceptions.irqreturn.user)
 *(.exceptions.irqreturn)
 .exceptions.irqreturn
                0x01000088        0x4 ../module1_bsp/\libhal_bsp.a(alt_irq_entry.o)
 *(.exceptions.notirq.label)
 .exceptions.notirq.label
                0x0100008c        0x0 ../module1_bsp/\libhal_bsp.a(alt_irq_entry.o)
 *(.exceptions.notirq.user)
 *(.exceptions.notirq)
 .exceptions.notirq
                0x0100008c        0x8 ../module1_bsp/\libhal_bsp.a(alt_exception_entry.o)
 *(.exceptions.soft.user)
 *(.exceptions.soft)
 *(.exceptions.unknown.user)
 *(.exceptions.unknown)
 .exceptions.unknown
                0x01000094        0x4 ../module1_bsp/\libhal_bsp.a(alt_exception_entry.o)
 *(.exceptions.exit.label)
 .exceptions.exit.label
                0x01000098        0x0 ../module1_bsp/\libhal_bsp.a(alt_irq_entry.o)
 .exceptions.exit.label
                0x01000098        0x0 ../module1_bsp/\libhal_bsp.a(alt_exception_entry.o)
 *(.exceptions.exit.user)
 *(.exceptions.exit)
 .exceptions.exit
                0x01000098       0x54 ../module1_bsp/\libhal_bsp.a(alt_exception_entry.o)
 *(.exceptions)
 .exceptions    0x010000ec       0xcc ../module1_bsp/\libhal_bsp.a(alt_irq_handler.o)
                0x010000ec                alt_irq_handler
                0x010001b8                PROVIDE (__ram_exceptions_end, ABSOLUTE (.))
                0x01000020                PROVIDE (__flash_exceptions_start, LOADADDR (.exceptions))

.text           0x010001b8    0x16e10
                0x010001b8                PROVIDE (stext, ABSOLUTE (.))
 *(.interp)
 *(.hash)
 *(.dynsym)
 *(.dynstr)
 *(.gnu.version)
 *(.gnu.version_d)
 *(.gnu.version_r)
 *(.rel.init)
 *(.rela.init)
 *(.rel.text .rel.text.* .rel.gnu.linkonce.t.*)
 *(.rela.text .rela.text.* .rela.gnu.linkonce.t.*)
 *(.rel.fini)
 *(.rela.fini)
 *(.rel.rodata .rel.rodata.* .rel.gnu.linkonce.r.*)
 *(.rela.rodata .rela.rodata.* .rela.gnu.linkonce.r.*)
 *(.rel.data .rel.data.* .rel.gnu.linkonce.d.*)
 *(.rela.data .rela.data.* .rela.gnu.linkonce.d.*)
 *(.rel.tdata .rel.tdata.* .rel.gnu.linkonce.td.*)
 *(.rela.tdata .rela.tdata.* .rela.gnu.linkonce.td.*)
 *(.rel.tbss .rel.tbss.* .rel.gnu.linkonce.tb.*)
 *(.rela.tbss .rela.tbss.* .rela.gnu.linkonce.tb.*)
 *(.rel.ctors)
 *(.rela.ctors)
 *(.rel.dtors)
 *(.rela.dtors)
 *(.rel.got)
 *(.rela.got)
 *(.rel.sdata .rel.sdata.* .rel.gnu.linkonce.s.*)
 *(.rela.sdata .rela.sdata.* .rela.gnu.linkonce.s.*)
 *(.rel.sbss .rel.sbss.* .rel.gnu.linkonce.sb.*)
 *(.rela.sbss .rela.sbss.* .rela.gnu.linkonce.sb.*)
 *(.rel.sdata2 .rel.sdata2.* .rel.gnu.linkonce.s2.*)
 *(.rela.sdata2 .rela.sdata2.* .rela.gnu.linkonce.s2.*)
 *(.rel.sbss2 .rel.sbss2.* .rel.gnu.linkonce.sb2.*)
 *(.rela.sbss2 .rela.sbss2.* .rela.gnu.linkonce.sb2.*)
 *(.rel.bss .rel.bss.* .rel.gnu.linkonce.b.*)
 *(.rela.bss .rela.bss.* .rela.gnu.linkonce.b.*)
 *(.rel.plt)
 *(.rela.plt)
 *(.rel.dyn)
 *(.init)
 *(.plt)
 *(.text .stub .text.* .gnu.linkonce.t.*)
 .text          0x010001b8       0x4c ../module1_bsp//obj/HAL/src/crt0.o
                0x010001b8                _start
 .text          0x01000204      0xd88 obj/default/hello_world.o
                0x010003a4                draw_Arrows
                0x010006a4                main
                0x01000f08                drawArrow
 .text          0x01000f8c       0xdc c:/altera/13.0sp1/nios2eds/bin/gnu/h-i686-mingw32/bin/../lib/gcc/nios2-elf/4.1.2/../../../../nios2-elf/lib\libc.a(lib_a-fwrite.o)
                0x01000f8c                _fwrite_r
                0x01001028                fwrite
 .text          0x01001068        0x0 c:/altera/13.0sp1/nios2eds/bin/gnu/h-i686-mingw32/bin/../lib/gcc/nios2-elf/4.1.2/../../../../nios2-elf/lib\libc.a(lib_a-impure.o)
 .text          0x01001068       0x28 c:/altera/13.0sp1/nios2eds/bin/gnu/h-i686-mingw32/bin/../lib/gcc/nios2-elf/4.1.2/../../../../nios2-elf/lib\libc.a(lib_a-malloc.o)
                0x01001068                free
                0x0100107c                malloc
 .text          0x01001090      0x740 c:/altera/13.0sp1/nios2eds/bin/gnu/h-i686-mingw32/bin/../lib/gcc/nios2-elf/4.1.2/../../../../nios2-elf/lib\libc.a(lib_a-mallocr.o)
                0x01001090                _malloc_r
 .text          0x010017d0       0x78 c:/altera/13.0sp1/nios2eds/bin/gnu/h-i686-mingw32/bin/../lib/gcc/nios2-elf/4.1.2/../../../../nios2-elf/lib\libc.a(lib_a-printf.o)
                0x010017d0                printf
                0x01001814                _printf_r
 .text          0x01001848       0xb4 c:/altera/13.0sp1/nios2eds/bin/gnu/h-i686-mingw32/bin/../lib/gcc/nios2-elf/4.1.2/../../../../nios2-elf/lib\libc.a(lib_a-puts.o)
                0x01001848                _puts_r
                0x010018e8                puts
 .text          0x010018fc       0x94 c:/altera/13.0sp1/nios2eds/bin/gnu/h-i686-mingw32/bin/../lib/gcc/nios2-elf/4.1.2/../../../../nios2-elf/lib\libc.a(lib_a-rand.o)
                0x010018fc                srand
                0x01001918                rand
 .text          0x01001990       0x70 c:/altera/13.0sp1/nios2eds/bin/gnu/h-i686-mingw32/bin/../lib/gcc/nios2-elf/4.1.2/../../../../nios2-elf/lib\libc.a(lib_a-sbrkr.o)
                0x01001990                _sbrk_r
 .text          0x01001a00       0x74 c:/altera/13.0sp1/nios2eds/bin/gnu/h-i686-mingw32/bin/../lib/gcc/nios2-elf/4.1.2/../../../../nios2-elf/lib\libc.a(lib_a-strlen.o)
                0x01001a00                strlen
 .text          0x01001a74       0x5c c:/altera/13.0sp1/nios2eds/bin/gnu/h-i686-mingw32/bin/../lib/gcc/nios2-elf/4.1.2/../../../../nios2-elf/lib\libc.a(lib_a-time.o)
                0x01001a74                time
 .text          0x01001ad0     0x1f28 c:/altera/13.0sp1/nios2eds/bin/gnu/h-i686-mingw32/bin/../lib/gcc/nios2-elf/4.1.2/../../../../nios2-elf/lib\libc.a(lib_a-vfprintf.o)
                0x01001b28                ___vfprintf_internal_r
                0x010039d4                __vfprintf_internal
 .text          0x010039f8      0x13c c:/altera/13.0sp1/nios2eds/bin/gnu/h-i686-mingw32/bin/../lib/gcc/nios2-elf/4.1.2/../../../../nios2-elf/lib\libc.a(lib_a-wsetup.o)
                0x010039f8                __swsetup_r
 .text          0x01003b34     0x17cc c:/altera/13.0sp1/nios2eds/bin/gnu/h-i686-mingw32/bin/../lib/gcc/nios2-elf/4.1.2/../../../../nios2-elf/lib\libc.a(lib_a-dtoa.o)
                0x01003d4c                _dtoa_r
 .text          0x01005300      0x230 c:/altera/13.0sp1/nios2eds/bin/gnu/h-i686-mingw32/bin/../lib/gcc/nios2-elf/4.1.2/../../../../nios2-elf/lib\libc.a(lib_a-fflush.o)
                0x01005300                _fflush_r
                0x010054fc                fflush
 .text          0x01005530      0x2c0 c:/altera/13.0sp1/nios2eds/bin/gnu/h-i686-mingw32/bin/../lib/gcc/nios2-elf/4.1.2/../../../../nios2-elf/lib\libc.a(lib_a-findfp.o)
                0x01005588                __sfp_lock_acquire
                0x0100558c                __sfp_lock_release
                0x01005590                __sinit_lock_acquire
                0x01005594                __sinit_lock_release
                0x01005598                __sinit
                0x0100564c                __fp_unlock_all
                0x01005664                __fp_lock_all
                0x0100567c                _cleanup_r
                0x01005688                _cleanup
                0x01005698                __sfmoreglue
                0x01005700                __sfp
 .text          0x010057f0      0x440 c:/altera/13.0sp1/nios2eds/bin/gnu/h-i686-mingw32/bin/../lib/gcc/nios2-elf/4.1.2/../../../../nios2-elf/lib\libc.a(lib_a-freer.o)
                0x010057f0                _malloc_trim_r
                0x0100591c                _free_r
 .text          0x01005c30      0x49c c:/altera/13.0sp1/nios2eds/bin/gnu/h-i686-mingw32/bin/../lib/gcc/nios2-elf/4.1.2/../../../../nios2-elf/lib\libc.a(lib_a-fvwrite.o)
                0x01005c30                __sfvwrite_r
 .text          0x010060cc      0x180 c:/altera/13.0sp1/nios2eds/bin/gnu/h-i686-mingw32/bin/../lib/gcc/nios2-elf/4.1.2/../../../../nios2-elf/lib\libc.a(lib_a-fwalk.o)
                0x010060cc                _fwalk_reent
                0x01006194                _fwalk
 .text          0x0100624c       0x74 c:/altera/13.0sp1/nios2eds/bin/gnu/h-i686-mingw32/bin/../lib/gcc/nios2-elf/4.1.2/../../../../nios2-elf/lib\libc.a(lib_a-gettimeofdayr.o)
                0x0100624c                _gettimeofday_r
 .text          0x010062c0        0x0 c:/altera/13.0sp1/nios2eds/bin/gnu/h-i686-mingw32/bin/../lib/gcc/nios2-elf/4.1.2/../../../../nios2-elf/lib\libc.a(lib_a-int_errno.o)
 .text          0x010062c0       0xc4 c:/altera/13.0sp1/nios2eds/bin/gnu/h-i686-mingw32/bin/../lib/gcc/nios2-elf/4.1.2/../../../../nios2-elf/lib\libc.a(lib_a-locale.o)
                0x010062c0                __locale_charset
                0x010062c8                _localeconv_r
                0x010062d4                localeconv
                0x010062e4                _setlocale_r
                0x01006368                setlocale
 .text          0x01006384      0x194 c:/altera/13.0sp1/nios2eds/bin/gnu/h-i686-mingw32/bin/../lib/gcc/nios2-elf/4.1.2/../../../../nios2-elf/lib\libc.a(lib_a-makebuf.o)
                0x01006384                __smakebuf_r
 .text          0x01006518       0xe4 c:/altera/13.0sp1/nios2eds/bin/gnu/h-i686-mingw32/bin/../lib/gcc/nios2-elf/4.1.2/../../../../nios2-elf/lib\libc.a(lib_a-memchr.o)
                0x01006518                memchr
 .text          0x010065fc       0xa0 c:/altera/13.0sp1/nios2eds/bin/gnu/h-i686-mingw32/bin/../lib/gcc/nios2-elf/4.1.2/../../../../nios2-elf/lib\libc.a(lib_a-memcpy.o)
                0x010065fc                memcpy
 .text          0x0100669c       0xe0 c:/altera/13.0sp1/nios2eds/bin/gnu/h-i686-mingw32/bin/../lib/gcc/nios2-elf/4.1.2/../../../../nios2-elf/lib\libc.a(lib_a-memmove.o)
                0x0100669c                memmove
 .text          0x0100677c       0x98 c:/altera/13.0sp1/nios2eds/bin/gnu/h-i686-mingw32/bin/../lib/gcc/nios2-elf/4.1.2/../../../../nios2-elf/lib\libc.a(lib_a-memset.o)
                0x0100677c                memset
 .text          0x01006814      0xff4 c:/altera/13.0sp1/nios2eds/bin/gnu/h-i686-mingw32/bin/../lib/gcc/nios2-elf/4.1.2/../../../../nios2-elf/lib\libc.a(lib_a-mprec.o)
                0x01006814                _Bfree
                0x0100683c                __hi0bits
                0x010068ac                __lo0bits
                0x01006970                __mcmp
                0x010069d0                __ulp
                0x01006a50                __b2d
                0x01006b70                __ratio
                0x01006c20                _mprec_log10
                0x01006cb4                __copybits
                0x01006d0c                __any_on
                0x01006d94                _Balloc
                0x01006e50                __d2b
                0x01006fcc                __mdiff
                0x01007158                __lshift
                0x010072a4                __multiply
                0x0100748c                __i2b
                0x010074c8                __multadd
                0x010075c8                __pow5mult
                0x010076e8                __s2b
 .text          0x01007808      0x5f4 c:/altera/13.0sp1/nios2eds/bin/gnu/h-i686-mingw32/bin/../lib/gcc/nios2-elf/4.1.2/../../../../nios2-elf/lib\libc.a(lib_a-reallocr.o)
                0x01007808                _realloc_r
 .text          0x01007dfc       0x40 c:/altera/13.0sp1/nios2eds/bin/gnu/h-i686-mingw32/bin/../lib/gcc/nios2-elf/4.1.2/../../../../nios2-elf/lib\libc.a(lib_a-s_isinfd.o)
                0x01007dfc                __isinfd
 .text          0x01007e3c       0x30 c:/altera/13.0sp1/nios2eds/bin/gnu/h-i686-mingw32/bin/../lib/gcc/nios2-elf/4.1.2/../../../../nios2-elf/lib\libc.a(lib_a-s_isnand.o)
                0x01007e3c                __isnand
 .text          0x01007e6c      0x14c c:/altera/13.0sp1/nios2eds/bin/gnu/h-i686-mingw32/bin/../lib/gcc/nios2-elf/4.1.2/../../../../nios2-elf/lib\libc.a(lib_a-stdio.o)
                0x01007e6c                __sclose
                0x01007e74                __sseek
                0x01007edc                __swrite
                0x01007f58                __sread
 .text          0x01007fb8       0xbc c:/altera/13.0sp1/nios2eds/bin/gnu/h-i686-mingw32/bin/../lib/gcc/nios2-elf/4.1.2/../../../../nios2-elf/lib\libc.a(lib_a-strcmp.o)
                0x01007fb8                strcmp
 .text          0x01008074       0x78 c:/altera/13.0sp1/nios2eds/bin/gnu/h-i686-mingw32/bin/../lib/gcc/nios2-elf/4.1.2/../../../../nios2-elf/lib\libc.a(lib_a-writer.o)
                0x01008074                _write_r
 .text          0x010080ec       0xb4 c:/altera/13.0sp1/nios2eds/bin/gnu/h-i686-mingw32/bin/../lib/gcc/nios2-elf/4.1.2/../../../../nios2-elf/lib\libc.a(lib_a-callocr.o)
                0x010080ec                _calloc_r
 .text          0x010081a0       0x70 c:/altera/13.0sp1/nios2eds/bin/gnu/h-i686-mingw32/bin/../lib/gcc/nios2-elf/4.1.2/../../../../nios2-elf/lib\libc.a(lib_a-closer.o)
                0x010081a0                _close_r
 .text          0x01008210      0x124 c:/altera/13.0sp1/nios2eds/bin/gnu/h-i686-mingw32/bin/../lib/gcc/nios2-elf/4.1.2/../../../../nios2-elf/lib\libc.a(lib_a-fclose.o)
                0x01008210                _fclose_r
                0x01008320                fclose
 .text          0x01008334       0x74 c:/altera/13.0sp1/nios2eds/bin/gnu/h-i686-mingw32/bin/../lib/gcc/nios2-elf/4.1.2/../../../../nios2-elf/lib\libc.a(lib_a-fstatr.o)
                0x01008334                _fstat_r
 .text          0x010083a8       0x70 c:/altera/13.0sp1/nios2eds/bin/gnu/h-i686-mingw32/bin/../lib/gcc/nios2-elf/4.1.2/../../../../nios2-elf/lib\libc.a(lib_a-isattyr.o)
                0x010083a8                _isatty_r
 .text          0x01008418       0x78 c:/altera/13.0sp1/nios2eds/bin/gnu/h-i686-mingw32/bin/../lib/gcc/nios2-elf/4.1.2/../../../../nios2-elf/lib\libc.a(lib_a-lseekr.o)
                0x01008418                _lseek_r
 .text          0x01008490       0x78 c:/altera/13.0sp1/nios2eds/bin/gnu/h-i686-mingw32/bin/../lib/gcc/nios2-elf/4.1.2/../../../../nios2-elf/lib\libc.a(lib_a-readr.o)
                0x01008490                _read_r
 .text          0x01008508       0x98 c:/altera/13.0sp1/nios2eds/bin/gnu/h-i686-mingw32/bin/../lib/gcc/nios2-elf/4.1.2\libgcc.a(_muldi3.o)
                0x01008508                __muldi3
 .text          0x010085a0      0x5dc c:/altera/13.0sp1/nios2eds/bin/gnu/h-i686-mingw32/bin/../lib/gcc/nios2-elf/4.1.2\libgcc.a(_udivdi3.o)
                0x010085a0                __udivdi3
 .text          0x01008b7c      0x5b0 c:/altera/13.0sp1/nios2eds/bin/gnu/h-i686-mingw32/bin/../lib/gcc/nios2-elf/4.1.2\libgcc.a(_umoddi3.o)
                0x01008b7c                __umoddi3
 .text          0x0100912c      0x504 c:/altera/13.0sp1/nios2eds/bin/gnu/h-i686-mingw32/bin/../lib/gcc/nios2-elf/4.1.2\libgcc.a(_addsub_df.o)
                0x0100953c                __subdf3
                0x010095bc                __adddf3
 .text          0x01009630      0x3c4 c:/altera/13.0sp1/nios2eds/bin/gnu/h-i686-mingw32/bin/../lib/gcc/nios2-elf/4.1.2\libgcc.a(_mul_df.o)
                0x01009630                __muldf3
 .text          0x010099f4      0x258 c:/altera/13.0sp1/nios2eds/bin/gnu/h-i686-mingw32/bin/../lib/gcc/nios2-elf/4.1.2\libgcc.a(_div_df.o)
                0x010099f4                __divdf3
 .text          0x01009c4c       0x88 c:/altera/13.0sp1/nios2eds/bin/gnu/h-i686-mingw32/bin/../lib/gcc/nios2-elf/4.1.2\libgcc.a(_eq_df.o)
                0x01009c4c                __eqdf2
 .text          0x01009cd4       0x88 c:/altera/13.0sp1/nios2eds/bin/gnu/h-i686-mingw32/bin/../lib/gcc/nios2-elf/4.1.2\libgcc.a(_ne_df.o)
                0x01009cd4                __nedf2
 .text          0x01009d5c       0x88 c:/altera/13.0sp1/nios2eds/bin/gnu/h-i686-mingw32/bin/../lib/gcc/nios2-elf/4.1.2\libgcc.a(_gt_df.o)
                0x01009d5c                __gtdf2
 .text          0x01009de4       0x88 c:/altera/13.0sp1/nios2eds/bin/gnu/h-i686-mingw32/bin/../lib/gcc/nios2-elf/4.1.2\libgcc.a(_ge_df.o)
                0x01009de4                __gedf2
 .text          0x01009e6c       0x88 c:/altera/13.0sp1/nios2eds/bin/gnu/h-i686-mingw32/bin/../lib/gcc/nios2-elf/4.1.2\libgcc.a(_lt_df.o)
                0x01009e6c                __ltdf2
 .text          0x01009ef4       0xf8 c:/altera/13.0sp1/nios2eds/bin/gnu/h-i686-mingw32/bin/../lib/gcc/nios2-elf/4.1.2\libgcc.a(_si_to_df.o)
                0x01009ef4                __floatsidf
 .text          0x01009fec       0xd8 c:/altera/13.0sp1/nios2eds/bin/gnu/h-i686-mingw32/bin/../lib/gcc/nios2-elf/4.1.2\libgcc.a(_df_to_si.o)
                0x01009fec                __fixdfsi
 .text          0x0100a0c4        0x0 c:/altera/13.0sp1/nios2eds/bin/gnu/h-i686-mingw32/bin/../lib/gcc/nios2-elf/4.1.2\libgcc.a(_thenan_df.o)
 .text          0x0100a0c4      0x194 c:/altera/13.0sp1/nios2eds/bin/gnu/h-i686-mingw32/bin/../lib/gcc/nios2-elf/4.1.2\libgcc.a(_usi_to_df.o)
                0x0100a0c4                __floatunsidf
 .text          0x0100a258      0x14c c:/altera/13.0sp1/nios2eds/bin/gnu/h-i686-mingw32/bin/../lib/gcc/nios2-elf/4.1.2\libgcc.a(lib2-divmod.o)
                0x0100a2d4                __divsi3
                0x0100a334                __modsi3
                0x0100a394                __udivsi3
                0x0100a39c                __umodsi3
 .text          0x0100a3a4        0x0 c:/altera/13.0sp1/nios2eds/bin/gnu/h-i686-mingw32/bin/../lib/gcc/nios2-elf/4.1.2\libgcc.a(_clz.o)
 .text          0x0100a3a4       0x80 c:/altera/13.0sp1/nios2eds/bin/gnu/h-i686-mingw32/bin/../lib/gcc/nios2-elf/4.1.2\libgcc.a(_clzsi2.o)
                0x0100a3a4                __clzsi2
 .text          0x0100a424      0x314 c:/altera/13.0sp1/nios2eds/bin/gnu/h-i686-mingw32/bin/../lib/gcc/nios2-elf/4.1.2\libgcc.a(_pack_df.o)
                0x0100a424                __pack_d
 .text          0x0100a738      0x138 c:/altera/13.0sp1/nios2eds/bin/gnu/h-i686-mingw32/bin/../lib/gcc/nios2-elf/4.1.2\libgcc.a(_unpack_df.o)
                0x0100a738                __unpack_d
 .text          0x0100a870       0xc8 c:/altera/13.0sp1/nios2eds/bin/gnu/h-i686-mingw32/bin/../lib/gcc/nios2-elf/4.1.2\libgcc.a(_fpcmp_parts_df.o)
                0x0100a870                __fpcmp_parts_d
 .text          0x0100a938      0x15c ../module1_bsp/\libhal_bsp.a(alt_close.o)
                0x0100a938                close
 .text          0x0100aa94       0x2c ../module1_bsp/\libhal_bsp.a(alt_dev.o)
 .text          0x0100aac0        0x0 ../module1_bsp/\libhal_bsp.a(alt_errno.o)
 .text          0x0100aac0      0x134 ../module1_bsp/\libhal_bsp.a(alt_fstat.o)
                0x0100aac0                fstat
 .text          0x0100abf4      0x208 ../module1_bsp/\libhal_bsp.a(alt_gettod.o)
                0x0100abf4                gettimeofday
 .text          0x0100adfc      0x1c0 ../module1_bsp/\libhal_bsp.a(alt_irq_register.o)
                0x0100adfc                alt_irq_register
 .text          0x0100afbc        0x0 ../module1_bsp/\libhal_bsp.a(alt_irq_vars.o)
 .text          0x0100afbc      0x120 ../module1_bsp/\libhal_bsp.a(alt_isatty.o)
                0x0100afbc                isatty
 .text          0x0100b0dc       0xec ../module1_bsp/\libhal_bsp.a(alt_load.o)
                0x0100b0dc                alt_load
 .text          0x0100b1c8      0x150 ../module1_bsp/\libhal_bsp.a(alt_lseek.o)
                0x0100b1c8                lseek
 .text          0x0100b318       0x6c ../module1_bsp/\libhal_bsp.a(alt_main.o)
                0x0100b318                alt_main
 .text          0x0100b384       0x40 ../module1_bsp/\libhal_bsp.a(alt_malloc_lock.o)
                0x0100b384                __malloc_lock
                0x0100b3a4                __malloc_unlock
 .text          0x0100b3c4      0x180 ../module1_bsp/\libhal_bsp.a(alt_read.o)
                0x0100b3c4                read
 .text          0x0100b544       0x60 ../module1_bsp/\libhal_bsp.a(alt_release_fd.o)
                0x0100b544                alt_release_fd
 .text          0x0100b5a4       0xbc ../module1_bsp/\libhal_bsp.a(alt_sbrk.o)
                0x0100b5a4                sbrk
 .text          0x0100b660      0x1a4 ../module1_bsp/\libhal_bsp.a(alt_tick.o)
                0x0100b660                alt_alarm_stop
                0x0100b6f8                alt_tick
 .text          0x0100b804      0x180 ../module1_bsp/\libhal_bsp.a(alt_write.o)
                0x0100b804                write
 .text          0x0100b984      0x3f0 ../module1_bsp/\libhal_bsp.a(alt_sys_init.o)
                0x0100b984                alt_irq_init
                0x0100b9b8                alt_sys_init
 .text          0x0100bd74     0x45fc ../module1_bsp/\libhal_bsp.a(Altera_UP_SD_Card_Avalon_Interface.o)
                0x0100bd74                Write_Sector_Data
                0x0100be3c                Save_Modified_Sector
                0x0100be8c                Read_Sector_Data
                0x0100bf88                get_cluster_flag
                0x0100c040                mark_cluster
                0x0100c124                Check_for_Master_Boot_Record
                0x0100c2d4                Read_File_Record_At_Offset
                0x0100c558                Write_File_Record_At_Offset
                0x0100c810                Check_for_DOS_FAT
                0x0100ce50                Look_for_FAT16
                0x0100cf54                filename_to_upper_case
                0x0100d024                check_file_name_for_FAT16_compliance
                0x0100d2b4                get_dir_divider_location
                0x0100d374                match_file_record_to_name_ext
                0x0100d660                get_home_directory_cluster_for_file
                0x0100db74                find_file_in_directory
                0x0100dfd8                find_first_empty_cluster
                0x0100e17c                find_first_empty_record_in_a_subdirectory
                0x0100e3c8                find_first_empty_record_in_root_directory
                0x0100e4f4                convert_filename_to_name_extension
                0x0100e6ac                create_file
                0x0100e980                copy_file_record_name_to_string
                0x0100ead4                alt_up_sd_card_open_dev
                0x0100eb98                alt_up_sd_card_is_Present
                0x0100ec60                alt_up_sd_card_is_FAT16
                0x0100ecd4                alt_up_sd_card_find_first
                0x0100eda8                alt_up_sd_card_find_next
                0x0100f158                alt_up_sd_card_fopen
                0x0100f500                alt_up_sd_card_set_attributes
                0x0100f590                alt_up_sd_card_get_attributes
                0x0100f61c                alt_up_sd_card_read
                0x0100f9b0                alt_up_sd_card_write
                0x0100ffec                alt_up_sd_card_fclose
                0x010101e4                Read_Sector_Data_CRC
                0x010102e0                Read_Sector_Data_Attempt_CRC
 .text          0x01010370      0x148 ../module1_bsp/\libhal_bsp.a(altera_avalon_jtag_uart_fd.o)
                0x01010370                altera_avalon_jtag_uart_read_fd
                0x010103c8                altera_avalon_jtag_uart_write_fd
                0x01010420                altera_avalon_jtag_uart_close_fd
                0x01010468                altera_avalon_jtag_uart_ioctl_fd
 .text          0x010104b8      0x408 ../module1_bsp/\libhal_bsp.a(altera_avalon_jtag_uart_init.o)
                0x010104b8                altera_avalon_jtag_uart_init
                0x0101084c                altera_avalon_jtag_uart_close
 .text          0x010108c0       0xf4 ../module1_bsp/\libhal_bsp.a(altera_avalon_jtag_uart_ioctl.o)
                0x010108c0                altera_avalon_jtag_uart_ioctl
 .text          0x010109b4      0x224 ../module1_bsp/\libhal_bsp.a(altera_avalon_jtag_uart_read.o)
                0x010109b4                altera_avalon_jtag_uart_read
 .text          0x01010bd8      0x240 ../module1_bsp/\libhal_bsp.a(altera_avalon_jtag_uart_write.o)
                0x01010bd8                altera_avalon_jtag_uart_write
 .text          0x01010e18       0xfc ../module1_bsp/\libhal_bsp.a(altera_avalon_timer_sc.o)
                0x01010e8c                alt_avalon_timer_sc_init
 .text          0x01010f14        0x0 ../module1_bsp/\libhal_bsp.a(altera_avalon_timer_vars.o)
 .text          0x01010f14      0x80c ../module1_bsp/\libhal_bsp.a(altera_up_avalon_audio.o)
                0x01010f14                alt_up_audio_open_dev
                0x01010f54                alt_up_audio_enable_read_interrupt
                0x01010fa0                alt_up_audio_disable_read_interrupt
                0x01010ff0                alt_up_audio_enable_write_interrupt
                0x0101103c                alt_up_audio_disable_write_interrupt
                0x0101108c                alt_up_audio_read_interrupt_pending
                0x010110c8                alt_up_audio_write_interrupt_pending
                0x01011104                alt_up_audio_reset_audio_core
                0x0101118c                alt_up_audio_read_fifo_avail
                0x010111fc                alt_up_audio_record_r
                0x0101126c                alt_up_audio_record_l
                0x010112dc                alt_up_audio_write_fifo_space
                0x01011350                alt_up_audio_play_r
                0x010113c0                alt_up_audio_play_l
                0x01011430                alt_up_audio_read_fifo
                0x01011534                alt_up_audio_write_fifo
                0x01011660                alt_up_audio_read_fifo_head
                0x010116c0                alt_up_audio_write_fifo_head
 .text          0x01011720      0x788 ../module1_bsp/\libhal_bsp.a(altera_up_avalon_audio_and_video_config.o)
                0x01011720                alt_up_av_config_open_dev
                0x01011784                alt_up_av_config_write_data
                0x010117e8                alt_up_av_config_read_data
                0x01011874                alt_up_av_config_reset
                0x010118ac                alt_up_av_config_enable_interrupt
                0x010118e4                alt_up_av_config_disable_interrupt
                0x01011914                alt_up_av_config_read_acknowledge
                0x0101197c                alt_up_av_config_read_ready
                0x010119b4                alt_up_av_config_write_audio_cfg_register
                0x01011a60                alt_up_av_config_read_video_cfg_register
                0x01011b58                alt_up_av_config_write_video_cfg_register
                0x01011c50                alt_up_av_config_read_DC2_cfg_register
                0x01011cb4                alt_up_av_config_write_DC2_cfg_register
                0x01011d18                alt_up_av_config_read_D5M_cfg_register
                0x01011d7c                alt_up_av_config_write_D5M_cfg_register
                0x01011de0                alt_up_av_config_read_LTM_cfg_register
                0x01011e44                alt_up_av_config_write_LTM_cfg_register
 .text          0x01011ea8      0x530 ../module1_bsp/\libhal_bsp.a(altera_up_avalon_character_lcd.o)
                0x01011ea8                get_DDRAM_addr
                0x01011f24                alt_up_character_lcd_send_cmd
                0x01011f58                alt_up_character_lcd_init
                0x01011f8c                alt_up_character_lcd_open_dev
                0x01011fcc                alt_up_character_lcd_write
                0x01012044                alt_up_character_lcd_string
                0x010120bc                alt_up_character_lcd_write_fd
                0x01012108                alt_up_character_lcd_set_cursor_pos
                0x01012180                alt_up_character_lcd_shift_cursor
                0x01012230                alt_up_character_lcd_shift_display
                0x010122e0                alt_up_character_lcd_erase_pos
                0x01012370                alt_up_character_lcd_cursor_off
                0x010123a4                alt_up_character_lcd_cursor_blink_on
 .text          0x010123d8      0x700 ../module1_bsp/\libhal_bsp.a(altera_up_avalon_ps2.o)
                0x010123d8                read_RI_bit
                0x0101240c                read_RE_bit
                0x0101243c                read_CE_bit
                0x01012470                read_num_bytes_available
                0x010124a4                read_data_valid
                0x010124d8                read_data_byte
                0x01012504                alt_up_ps2_init
                0x010125d0                alt_up_ps2_enable_read_interrupt
                0x01012624                alt_up_ps2_disable_read_interrupt
                0x0101267c                alt_up_ps2_write_data_byte
                0x010126f4                alt_up_ps2_wait_for_ack
                0x01012764                alt_up_ps2_write_data_byte_with_ack
                0x010127d0                alt_up_ps2_read_data_byte_timeout
                0x01012880                alt_up_ps2_read_data_byte
                0x010128fc                alt_up_ps2_clear_fifo
                0x01012954                alt_up_ps2_read_fd
                0x010129f0                alt_up_ps2_write_fd
                0x01012a98                alt_up_ps2_open_dev
 .text          0x01012ad8      0x304 ../module1_bsp/\libhal_bsp.a(altera_up_avalon_video_character_buffer_with_dma.o)
                0x01012ad8                alt_up_char_buffer_init
                0x01012b5c                alt_up_char_buffer_open_dev
                0x01012b9c                alt_up_char_buffer_draw
                0x01012c6c                alt_up_char_buffer_string
                0x01012d80                alt_up_char_buffer_clear
 .text          0x01012ddc     0x156c ../module1_bsp/\libhal_bsp.a(altera_up_avalon_video_pixel_buffer_dma.o)
                0x01012ddc                alt_up_pixel_buffer_dma_open_dev
                0x01012e1c                alt_up_pixel_buffer_dma_draw
                0x01012fbc                alt_up_pixel_buffer_dma_change_back_buffer_address
                0x01013014                alt_up_pixel_buffer_dma_swap_buffers
                0x0101306c                alt_up_pixel_buffer_dma_check_swap_buffers_status
                0x010130a0                alt_up_pixel_buffer_dma_clear_screen
                0x01013204                alt_up_pixel_buffer_dma_draw_box
                0x010136f8                alt_up_pixel_buffer_dma_draw_hline
                0x01013a48                alt_up_pixel_buffer_dma_draw_vline
                0x01013e18                alt_up_pixel_buffer_dma_draw_rectangle
                0x01013edc                helper_plot_pixel
                0x01013fac                alt_up_pixel_buffer_dma_draw_line
 .text          0x01014348      0x5e0 ../module1_bsp/\libhal_bsp.a(altera_up_ps2_keyboard.o)
                0x01014348                get_multi_byte_make_code_index
                0x010143c0                get_single_byte_make_code_index
                0x01014438                get_next_state
                0x01014694                decode_scancode
                0x01014740                set_keyboard_rate
                0x010147a0                translate_make_code
                0x010148a8                reset_keyboard
 .text          0x01014928      0x154 ../module1_bsp/\libhal_bsp.a(alt_alarm_start.o)
                0x01014928                alt_alarm_start
 .text          0x01014a7c       0x44 ../module1_bsp/\libhal_bsp.a(alt_dcache_flush_all.o)
                0x01014a7c                alt_dcache_flush_all
 .text          0x01014ac0      0x114 ../module1_bsp/\libhal_bsp.a(alt_dev_llist_insert.o)
                0x01014ac0                alt_dev_llist_insert
 .text          0x01014bd4       0x64 ../module1_bsp/\libhal_bsp.a(alt_do_ctors.o)
                0x01014bd4                _do_ctors
 .text          0x01014c38       0x64 ../module1_bsp/\libhal_bsp.a(alt_do_dtors.o)
                0x01014c38                _do_dtors
 .text          0x01014c9c       0x94 ../module1_bsp/\libhal_bsp.a(alt_find_dev.o)
                0x01014c9c                alt_find_dev
 .text          0x01014d30       0x30 ../module1_bsp/\libhal_bsp.a(alt_icache_flush_all.o)
                0x01014d30                alt_icache_flush_all
 .text          0x01014d60      0x13c ../module1_bsp/\libhal_bsp.a(alt_io_redirect.o)
                0x01014e24                alt_io_redirect
 .text          0x01014e9c        0x0 ../module1_bsp/\libhal_bsp.a(alt_irq_entry.o)
 .text          0x01014e9c        0x0 ../module1_bsp/\libhal_bsp.a(alt_irq_handler.o)
 .text          0x01014e9c      0x2c4 ../module1_bsp/\libhal_bsp.a(alt_open.o)
                0x01014f78                open
 .text          0x01015160       0x20 ../module1_bsp/\libhal_bsp.a(altera_nios2_qsys_irq.o)
                0x01015160                altera_nios2_qsys_irq_init
 .text          0x01015180        0x0 ../module1_bsp/\libhal_bsp.a(alt_exception_entry.o)
 .text          0x01015180      0x120 ../module1_bsp/\libhal_bsp.a(alt_find_file.o)
                0x01015180                alt_find_file
 .text          0x010152a0       0xb8 ../module1_bsp/\libhal_bsp.a(alt_get_fd.o)
                0x010152a0                alt_get_fd
 .text          0x01015358       0x90 ../module1_bsp/\libhal_bsp.a(alt_icache_flush.o)
                0x01015358                alt_icache_flush
 .text          0x010153e8       0x78 c:/altera/13.0sp1/nios2eds/bin/gnu/h-i686-mingw32/bin/../lib/gcc/nios2-elf/4.1.2/../../../../nios2-elf/lib\libc.a(lib_a-assert.o)
                0x010153e8                __assert_func
                0x0101544c                __assert
 .text          0x01015460       0x14 c:/altera/13.0sp1/nios2eds/bin/gnu/h-i686-mingw32/bin/../lib/gcc/nios2-elf/4.1.2/../../../../nios2-elf/lib\libc.a(lib_a-atexit.o)
                0x01015460                atexit
 .text          0x01015474       0x38 c:/altera/13.0sp1/nios2eds/bin/gnu/h-i686-mingw32/bin/../lib/gcc/nios2-elf/4.1.2/../../../../nios2-elf/lib\libc.a(lib_a-exit.o)
                0x01015474                exit
 .text          0x010154ac       0x6c c:/altera/13.0sp1/nios2eds/bin/gnu/h-i686-mingw32/bin/../lib/gcc/nios2-elf/4.1.2/../../../../nios2-elf/lib\libc.a(lib_a-fiprintf.o)
                0x010154ac                fiprintf
                0x010154f0                _fiprintf_r
 .text          0x01015518       0x74 c:/altera/13.0sp1/nios2eds/bin/gnu/h-i686-mingw32/bin/../lib/gcc/nios2-elf/4.1.2/../../../../nios2-elf/lib\libc.a(lib_a-memcmp.o)
                0x01015518                memcmp
 .text          0x0101558c       0x8c c:/altera/13.0sp1/nios2eds/bin/gnu/h-i686-mingw32/bin/../lib/gcc/nios2-elf/4.1.2/../../../../nios2-elf/lib\libc.a(lib_a-strcpy.o)
                0x0101558c                strcpy
 .text          0x01015618       0x1c c:/altera/13.0sp1/nios2eds/bin/gnu/h-i686-mingw32/bin/../lib/gcc/nios2-elf/4.1.2/../../../../nios2-elf/lib\libc.a(lib_a-vfiprintfr_1.o)
                0x01015618                _vfiprintf_r
 .text          0x01015634      0x134 c:/altera/13.0sp1/nios2eds/bin/gnu/h-i686-mingw32/bin/../lib/gcc/nios2-elf/4.1.2/../../../../nios2-elf/lib\libc.a(lib_a-__atexit.o)
                0x01015634                __register_exitproc
 .text          0x01015768      0x1b4 c:/altera/13.0sp1/nios2eds/bin/gnu/h-i686-mingw32/bin/../lib/gcc/nios2-elf/4.1.2/../../../../nios2-elf/lib\libc.a(lib_a-__call_atexit.o)
                0x0101576c                __call_exitprocs
 .text          0x0101591c       0x18 c:/altera/13.0sp1/nios2eds/bin/gnu/h-i686-mingw32/bin/../lib/gcc/nios2-elf/4.1.2/../../../../nios2-elf/lib\libc.a(lib_a-abort.o)
                0x0101591c                abort
 .text          0x01015934      0x2d8 c:/altera/13.0sp1/nios2eds/bin/gnu/h-i686-mingw32/bin/../lib/gcc/nios2-elf/4.1.2/../../../../nios2-elf/lib\libc.a(lib_a-signal.o)
                0x01015934                _raise_r
                0x01015a00                raise
                0x01015a14                _init_signal_r
                0x01015a78                _init_signal
                0x01015a88                __sigtramp_r
                0x01015b3c                __sigtramp
                0x01015b50                _signal_r
                0x01015bf0                signal
 .text          0x01015c0c       0x78 c:/altera/13.0sp1/nios2eds/bin/gnu/h-i686-mingw32/bin/../lib/gcc/nios2-elf/4.1.2/../../../../nios2-elf/lib\libc.a(lib_a-signalr.o)
                0x01015c0c                _getpid_r
                0x01015c10                _kill_r
 .text          0x01015c84     0x1120 c:/altera/13.0sp1/nios2eds/bin/gnu/h-i686-mingw32/bin/../lib/gcc/nios2-elf/4.1.2/../../../../nios2-elf/lib\libc.a(lib_a-vfiprintf.o)
                0x01015cdc                ___vfiprintf_internal_r
                0x01016d80                __vfiprintf_internal
 .text          0x01016da4       0x60 ../module1_bsp/\libhal_bsp.a(alt_exit.o)
                0x01016de4                _exit
 .text          0x01016e04       0x20 ../module1_bsp/\libhal_bsp.a(alt_getpid.o)
                0x01016e04                getpid
 .text          0x01016e24      0x1a0 ../module1_bsp/\libhal_bsp.a(alt_kill.o)
                0x01016e24                kill
 *(.gnu.warning.*)
 *(.fini)
                0x01016fc4                PROVIDE (__etext, ABSOLUTE (.))
                0x01016fc4                PROVIDE (_etext, ABSOLUTE (.))
                0x01016fc4                PROVIDE (etext, ABSOLUTE (.))
 *(.eh_frame_hdr)
                0x01016fc4                . = ALIGN (0x4)
                0x01016fc4                PROVIDE (__preinit_array_start, ABSOLUTE (.))
 *(.preinit_array)
                0x01016fc4                PROVIDE (__preinit_array_end, ABSOLUTE (.))
                0x01016fc4                PROVIDE (__init_array_start, ABSOLUTE (.))
 *(.init_array)
                0x01016fc4                PROVIDE (__init_array_end, ABSOLUTE (.))
                0x01016fc4                PROVIDE (__fini_array_start, ABSOLUTE (.))
 *(.fini_array)
                0x01016fc4                PROVIDE (__fini_array_end, ABSOLUTE (.))
 *(.eh_frame)
 *(.gcc_except_table)
 *(.dynamic)
                0x01016fc4                PROVIDE (__CTOR_LIST__, ABSOLUTE (.))
 *(.ctors)
 *(SORT(.ctors.*))
 .ctors.65535   0x01016fc4        0x4 c:/altera/13.0sp1/nios2eds/bin/gnu/h-i686-mingw32/bin/../lib/gcc/nios2-elf/4.1.2/../../../../nios2-elf/lib\libc.a(lib_a-__call_atexit.o)
                0x01016fc8                PROVIDE (__CTOR_END__, ABSOLUTE (.))
                0x01016fc8                PROVIDE (__DTOR_LIST__, ABSOLUTE (.))
 *(.dtors)
 *(SORT(.dtors.*))
                0x01016fc8                PROVIDE (__DTOR_END__, ABSOLUTE (.))
 *(.jcr)
                0x01016fc8                . = ALIGN (0x4)

.rodata         0x01016fc8      0x8a0
                0x01016fc8                PROVIDE (__ram_rodata_start, ABSOLUTE (.))
                0x01016fc8                . = ALIGN (0x4)
 *(.rodata .rodata.* .gnu.linkonce.r.*)
 .rodata        0x01016fc8      0x198 obj/default/hello_world.o
 .rodata.str1.4
                0x01017160        0x2 c:/altera/13.0sp1/nios2eds/bin/gnu/h-i686-mingw32/bin/../lib/gcc/nios2-elf/4.1.2/../../../../nios2-elf/lib\libc.a(lib_a-impure.o)
                                  0x4 (size before relaxing)
 *fill*         0x01017162        0x2 00
 .rodata.str1.4
                0x01017164        0x2 c:/altera/13.0sp1/nios2eds/bin/gnu/h-i686-mingw32/bin/../lib/gcc/nios2-elf/4.1.2/../../../../nios2-elf/lib\libc.a(lib_a-puts.o)
                                  0x4 (size before relaxing)
 *fill*         0x01017166        0x2 00
 .rodata.str1.4
                0x01017168       0x5e c:/altera/13.0sp1/nios2eds/bin/gnu/h-i686-mingw32/bin/../lib/gcc/nios2-elf/4.1.2/../../../../nios2-elf/lib\libc.a(lib_a-vfprintf.o)
                                 0x60 (size before relaxing)
 .rodata        0x010171c6       0x20 c:/altera/13.0sp1/nios2eds/bin/gnu/h-i686-mingw32/bin/../lib/gcc/nios2-elf/4.1.2/../../../../nios2-elf/lib\libc.a(lib_a-vfprintf.o)
 *fill*         0x010171e6        0x2 00
 .rodata.str1.4
                0x010171e8       0x10 c:/altera/13.0sp1/nios2eds/bin/gnu/h-i686-mingw32/bin/../lib/gcc/nios2-elf/4.1.2/../../../../nios2-elf/lib\libc.a(lib_a-dtoa.o)
                                 0x14 (size before relaxing)
 .rodata.str1.4
                0x010171f8        0xf c:/altera/13.0sp1/nios2eds/bin/gnu/h-i686-mingw32/bin/../lib/gcc/nios2-elf/4.1.2/../../../../nios2-elf/lib\libc.a(lib_a-locale.o)
                                 0x18 (size before relaxing)
 *fill*         0x01017207        0x1 00
 .rodata        0x01017208       0x30 c:/altera/13.0sp1/nios2eds/bin/gnu/h-i686-mingw32/bin/../lib/gcc/nios2-elf/4.1.2/../../../../nios2-elf/lib\libc.a(lib_a-locale.o)
 .rodata        0x01017238      0x124 c:/altera/13.0sp1/nios2eds/bin/gnu/h-i686-mingw32/bin/../lib/gcc/nios2-elf/4.1.2/../../../../nios2-elf/lib\libc.a(lib_a-mprec.o)
                0x01017238                __mprec_tens
                0x01017300                __mprec_bigtens
                0x01017328                __mprec_tinytens
 .rodata        0x0101735c       0x14 c:/altera/13.0sp1/nios2eds/bin/gnu/h-i686-mingw32/bin/../lib/gcc/nios2-elf/4.1.2\libgcc.a(_thenan_df.o)
                0x0101735c                __thenan_df
 .rodata        0x01017370      0x100 c:/altera/13.0sp1/nios2eds/bin/gnu/h-i686-mingw32/bin/../lib/gcc/nios2-elf/4.1.2\libgcc.a(_clz.o)
                0x01017370                __clz_tab
 .rodata        0x01017470        0xc ../module1_bsp/\libhal_bsp.a(alt_dev.o)
 .rodata        0x0101747c       0x14 ../module1_bsp/\libhal_bsp.a(alt_main.o)
 .rodata        0x01017490       0xc0 ../module1_bsp/\libhal_bsp.a(alt_sys_init.o)
 .rodata        0x01017550       0x60 ../module1_bsp/\libhal_bsp.a(Altera_UP_SD_Card_Avalon_Interface.o)
 .rodata        0x010175b0       0x1c ../module1_bsp/\libhal_bsp.a(altera_up_avalon_video_character_buffer_with_dma.o)
 .rodata        0x010175cc      0x23c ../module1_bsp/\libhal_bsp.a(altera_up_ps2_keyboard.o)
 .rodata.str1.4
                0x01017808       0x40 c:/altera/13.0sp1/nios2eds/bin/gnu/h-i686-mingw32/bin/../lib/gcc/nios2-elf/4.1.2/../../../../nios2-elf/lib\libc.a(lib_a-assert.o)
                                 0x44 (size before relaxing)
 .rodata.str1.4
                0x00000000       0x4c c:/altera/13.0sp1/nios2eds/bin/gnu/h-i686-mingw32/bin/../lib/gcc/nios2-elf/4.1.2/../../../../nios2-elf/lib\libc.a(lib_a-vfiprintf.o)
 .rodata        0x01017848       0x20 c:/altera/13.0sp1/nios2eds/bin/gnu/h-i686-mingw32/bin/../lib/gcc/nios2-elf/4.1.2/../../../../nios2-elf/lib\libc.a(lib_a-vfiprintf.o)
 *(.rodata1)
                0x01017868                . = ALIGN (0x4)
                0x01017868                PROVIDE (__ram_rodata_end, ABSOLUTE (.))
                0x01016fc8                PROVIDE (__flash_rodata_start, LOADADDR (.rodata))

.rwdata         0x01017868     0x1eb4 load address 0x0101971c
                0x01017868                PROVIDE (__ram_rwdata_start, ABSOLUTE (.))
                0x01017868                . = ALIGN (0x4)
 *(.got.plt)
 *(.got)
 *(.data1)
 *(.data .data.* .gnu.linkonce.d.*)
 .data          0x01017868        0x0 ../module1_bsp//obj/HAL/src/crt0.o
 .data          0x01017868        0x0 obj/default/hello_world.o
 .data          0x01017868        0x0 c:/altera/13.0sp1/nios2eds/bin/gnu/h-i686-mingw32/bin/../lib/gcc/nios2-elf/4.1.2/../../../../nios2-elf/lib\libc.a(lib_a-fwrite.o)
 .data          0x01017868      0x400 c:/altera/13.0sp1/nios2eds/bin/gnu/h-i686-mingw32/bin/../lib/gcc/nios2-elf/4.1.2/../../../../nios2-elf/lib\libc.a(lib_a-impure.o)
 .data          0x01017c68        0x0 c:/altera/13.0sp1/nios2eds/bin/gnu/h-i686-mingw32/bin/../lib/gcc/nios2-elf/4.1.2/../../../../nios2-elf/lib\libc.a(lib_a-malloc.o)
 .data          0x01017c68      0x408 c:/altera/13.0sp1/nios2eds/bin/gnu/h-i686-mingw32/bin/../lib/gcc/nios2-elf/4.1.2/../../../../nios2-elf/lib\libc.a(lib_a-mallocr.o)
                0x01017c68                __malloc_av_
 .data          0x01018070        0x0 c:/altera/13.0sp1/nios2eds/bin/gnu/h-i686-mingw32/bin/../lib/gcc/nios2-elf/4.1.2/../../../../nios2-elf/lib\libc.a(lib_a-printf.o)
 .data          0x01018070        0x0 c:/altera/13.0sp1/nios2eds/bin/gnu/h-i686-mingw32/bin/../lib/gcc/nios2-elf/4.1.2/../../../../nios2-elf/lib\libc.a(lib_a-puts.o)
 .data          0x01018070        0x0 c:/altera/13.0sp1/nios2eds/bin/gnu/h-i686-mingw32/bin/../lib/gcc/nios2-elf/4.1.2/../../../../nios2-elf/lib\libc.a(lib_a-rand.o)
 .data          0x01018070        0x0 c:/altera/13.0sp1/nios2eds/bin/gnu/h-i686-mingw32/bin/../lib/gcc/nios2-elf/4.1.2/../../../../nios2-elf/lib\libc.a(lib_a-sbrkr.o)
 .data          0x01018070        0x0 c:/altera/13.0sp1/nios2eds/bin/gnu/h-i686-mingw32/bin/../lib/gcc/nios2-elf/4.1.2/../../../../nios2-elf/lib\libc.a(lib_a-strlen.o)
 .data          0x01018070        0x0 c:/altera/13.0sp1/nios2eds/bin/gnu/h-i686-mingw32/bin/../lib/gcc/nios2-elf/4.1.2/../../../../nios2-elf/lib\libc.a(lib_a-time.o)
 .data          0x01018070        0x0 c:/altera/13.0sp1/nios2eds/bin/gnu/h-i686-mingw32/bin/../lib/gcc/nios2-elf/4.1.2/../../../../nios2-elf/lib\libc.a(lib_a-vfprintf.o)
 .data          0x01018070        0x0 c:/altera/13.0sp1/nios2eds/bin/gnu/h-i686-mingw32/bin/../lib/gcc/nios2-elf/4.1.2/../../../../nios2-elf/lib\libc.a(lib_a-wsetup.o)
 .data          0x01018070        0x0 c:/altera/13.0sp1/nios2eds/bin/gnu/h-i686-mingw32/bin/../lib/gcc/nios2-elf/4.1.2/../../../../nios2-elf/lib\libc.a(lib_a-dtoa.o)
 .data          0x01018070        0x0 c:/altera/13.0sp1/nios2eds/bin/gnu/h-i686-mingw32/bin/../lib/gcc/nios2-elf/4.1.2/../../../../nios2-elf/lib\libc.a(lib_a-fflush.o)
 .data          0x01018070        0x0 c:/altera/13.0sp1/nios2eds/bin/gnu/h-i686-mingw32/bin/../lib/gcc/nios2-elf/4.1.2/../../../../nios2-elf/lib\libc.a(lib_a-findfp.o)
 .data          0x01018070        0x0 c:/altera/13.0sp1/nios2eds/bin/gnu/h-i686-mingw32/bin/../lib/gcc/nios2-elf/4.1.2/../../../../nios2-elf/lib\libc.a(lib_a-freer.o)
 .data          0x01018070        0x0 c:/altera/13.0sp1/nios2eds/bin/gnu/h-i686-mingw32/bin/../lib/gcc/nios2-elf/4.1.2/../../../../nios2-elf/lib\libc.a(lib_a-fvwrite.o)
 .data          0x01018070        0x0 c:/altera/13.0sp1/nios2eds/bin/gnu/h-i686-mingw32/bin/../lib/gcc/nios2-elf/4.1.2/../../../../nios2-elf/lib\libc.a(lib_a-fwalk.o)
 .data          0x01018070        0x0 c:/altera/13.0sp1/nios2eds/bin/gnu/h-i686-mingw32/bin/../lib/gcc/nios2-elf/4.1.2/../../../../nios2-elf/lib\libc.a(lib_a-gettimeofdayr.o)
 .data          0x01018070        0x0 c:/altera/13.0sp1/nios2eds/bin/gnu/h-i686-mingw32/bin/../lib/gcc/nios2-elf/4.1.2/../../../../nios2-elf/lib\libc.a(lib_a-int_errno.o)
 .data          0x01018070        0xc c:/altera/13.0sp1/nios2eds/bin/gnu/h-i686-mingw32/bin/../lib/gcc/nios2-elf/4.1.2/../../../../nios2-elf/lib\libc.a(lib_a-locale.o)
                0x01018070                __lc_ctype
 .data          0x0101807c        0x0 c:/altera/13.0sp1/nios2eds/bin/gnu/h-i686-mingw32/bin/../lib/gcc/nios2-elf/4.1.2/../../../../nios2-elf/lib\libc.a(lib_a-makebuf.o)
 .data          0x0101807c        0x0 c:/altera/13.0sp1/nios2eds/bin/gnu/h-i686-mingw32/bin/../lib/gcc/nios2-elf/4.1.2/../../../../nios2-elf/lib\libc.a(lib_a-memchr.o)
 .data          0x0101807c        0x0 c:/altera/13.0sp1/nios2eds/bin/gnu/h-i686-mingw32/bin/../lib/gcc/nios2-elf/4.1.2/../../../../nios2-elf/lib\libc.a(lib_a-memcpy.o)
 .data          0x0101807c        0x0 c:/altera/13.0sp1/nios2eds/bin/gnu/h-i686-mingw32/bin/../lib/gcc/nios2-elf/4.1.2/../../../../nios2-elf/lib\libc.a(lib_a-memmove.o)
 .data          0x0101807c        0x0 c:/altera/13.0sp1/nios2eds/bin/gnu/h-i686-mingw32/bin/../lib/gcc/nios2-elf/4.1.2/../../../../nios2-elf/lib\libc.a(lib_a-memset.o)
 .data          0x0101807c        0x0 c:/altera/13.0sp1/nios2eds/bin/gnu/h-i686-mingw32/bin/../lib/gcc/nios2-elf/4.1.2/../../../../nios2-elf/lib\libc.a(lib_a-mprec.o)
 .data          0x0101807c        0x0 c:/altera/13.0sp1/nios2eds/bin/gnu/h-i686-mingw32/bin/../lib/gcc/nios2-elf/4.1.2/../../../../nios2-elf/lib\libc.a(lib_a-reallocr.o)
 .data          0x0101807c        0x0 c:/altera/13.0sp1/nios2eds/bin/gnu/h-i686-mingw32/bin/../lib/gcc/nios2-elf/4.1.2/../../../../nios2-elf/lib\libc.a(lib_a-s_isinfd.o)
 .data          0x0101807c        0x0 c:/altera/13.0sp1/nios2eds/bin/gnu/h-i686-mingw32/bin/../lib/gcc/nios2-elf/4.1.2/../../../../nios2-elf/lib\libc.a(lib_a-s_isnand.o)
 .data          0x0101807c        0x0 c:/altera/13.0sp1/nios2eds/bin/gnu/h-i686-mingw32/bin/../lib/gcc/nios2-elf/4.1.2/../../../../nios2-elf/lib\libc.a(lib_a-stdio.o)
 .data          0x0101807c        0x0 c:/altera/13.0sp1/nios2eds/bin/gnu/h-i686-mingw32/bin/../lib/gcc/nios2-elf/4.1.2/../../../../nios2-elf/lib\libc.a(lib_a-strcmp.o)
 .data          0x0101807c        0x0 c:/altera/13.0sp1/nios2eds/bin/gnu/h-i686-mingw32/bin/../lib/gcc/nios2-elf/4.1.2/../../../../nios2-elf/lib\libc.a(lib_a-writer.o)
 .data          0x0101807c        0x0 c:/altera/13.0sp1/nios2eds/bin/gnu/h-i686-mingw32/bin/../lib/gcc/nios2-elf/4.1.2/../../../../nios2-elf/lib\libc.a(lib_a-callocr.o)
 .data          0x0101807c        0x0 c:/altera/13.0sp1/nios2eds/bin/gnu/h-i686-mingw32/bin/../lib/gcc/nios2-elf/4.1.2/../../../../nios2-elf/lib\libc.a(lib_a-closer.o)
 .data          0x0101807c        0x0 c:/altera/13.0sp1/nios2eds/bin/gnu/h-i686-mingw32/bin/../lib/gcc/nios2-elf/4.1.2/../../../../nios2-elf/lib\libc.a(lib_a-fclose.o)
 .data          0x0101807c        0x0 c:/altera/13.0sp1/nios2eds/bin/gnu/h-i686-mingw32/bin/../lib/gcc/nios2-elf/4.1.2/../../../../nios2-elf/lib\libc.a(lib_a-fstatr.o)
 .data          0x0101807c        0x0 c:/altera/13.0sp1/nios2eds/bin/gnu/h-i686-mingw32/bin/../lib/gcc/nios2-elf/4.1.2/../../../../nios2-elf/lib\libc.a(lib_a-isattyr.o)
 .data          0x0101807c        0x0 c:/altera/13.0sp1/nios2eds/bin/gnu/h-i686-mingw32/bin/../lib/gcc/nios2-elf/4.1.2/../../../../nios2-elf/lib\libc.a(lib_a-lseekr.o)
 .data          0x0101807c        0x0 c:/altera/13.0sp1/nios2eds/bin/gnu/h-i686-mingw32/bin/../lib/gcc/nios2-elf/4.1.2/../../../../nios2-elf/lib\libc.a(lib_a-readr.o)
 .data          0x0101807c        0x0 c:/altera/13.0sp1/nios2eds/bin/gnu/h-i686-mingw32/bin/../lib/gcc/nios2-elf/4.1.2\libgcc.a(_muldi3.o)
 .data          0x0101807c        0x0 c:/altera/13.0sp1/nios2eds/bin/gnu/h-i686-mingw32/bin/../lib/gcc/nios2-elf/4.1.2\libgcc.a(_udivdi3.o)
 .data          0x0101807c        0x0 c:/altera/13.0sp1/nios2eds/bin/gnu/h-i686-mingw32/bin/../lib/gcc/nios2-elf/4.1.2\libgcc.a(_umoddi3.o)
 .data          0x0101807c        0x0 c:/altera/13.0sp1/nios2eds/bin/gnu/h-i686-mingw32/bin/../lib/gcc/nios2-elf/4.1.2\libgcc.a(_addsub_df.o)
 .data          0x0101807c        0x0 c:/altera/13.0sp1/nios2eds/bin/gnu/h-i686-mingw32/bin/../lib/gcc/nios2-elf/4.1.2\libgcc.a(_mul_df.o)
 .data          0x0101807c        0x0 c:/altera/13.0sp1/nios2eds/bin/gnu/h-i686-mingw32/bin/../lib/gcc/nios2-elf/4.1.2\libgcc.a(_div_df.o)
 .data          0x0101807c        0x0 c:/altera/13.0sp1/nios2eds/bin/gnu/h-i686-mingw32/bin/../lib/gcc/nios2-elf/4.1.2\libgcc.a(_eq_df.o)
 .data          0x0101807c        0x0 c:/altera/13.0sp1/nios2eds/bin/gnu/h-i686-mingw32/bin/../lib/gcc/nios2-elf/4.1.2\libgcc.a(_ne_df.o)
 .data          0x0101807c        0x0 c:/altera/13.0sp1/nios2eds/bin/gnu/h-i686-mingw32/bin/../lib/gcc/nios2-elf/4.1.2\libgcc.a(_gt_df.o)
 .data          0x0101807c        0x0 c:/altera/13.0sp1/nios2eds/bin/gnu/h-i686-mingw32/bin/../lib/gcc/nios2-elf/4.1.2\libgcc.a(_ge_df.o)
 .data          0x0101807c        0x0 c:/altera/13.0sp1/nios2eds/bin/gnu/h-i686-mingw32/bin/../lib/gcc/nios2-elf/4.1.2\libgcc.a(_lt_df.o)
 .data          0x0101807c        0x0 c:/altera/13.0sp1/nios2eds/bin/gnu/h-i686-mingw32/bin/../lib/gcc/nios2-elf/4.1.2\libgcc.a(_si_to_df.o)
 .data          0x0101807c        0x0 c:/altera/13.0sp1/nios2eds/bin/gnu/h-i686-mingw32/bin/../lib/gcc/nios2-elf/4.1.2\libgcc.a(_df_to_si.o)
 .data          0x0101807c        0x0 c:/altera/13.0sp1/nios2eds/bin/gnu/h-i686-mingw32/bin/../lib/gcc/nios2-elf/4.1.2\libgcc.a(_thenan_df.o)
 .data          0x0101807c        0x0 c:/altera/13.0sp1/nios2eds/bin/gnu/h-i686-mingw32/bin/../lib/gcc/nios2-elf/4.1.2\libgcc.a(_usi_to_df.o)
 .data          0x0101807c        0x0 c:/altera/13.0sp1/nios2eds/bin/gnu/h-i686-mingw32/bin/../lib/gcc/nios2-elf/4.1.2\libgcc.a(lib2-divmod.o)
 .data          0x0101807c        0x0 c:/altera/13.0sp1/nios2eds/bin/gnu/h-i686-mingw32/bin/../lib/gcc/nios2-elf/4.1.2\libgcc.a(_clz.o)
 .data          0x0101807c        0x0 c:/altera/13.0sp1/nios2eds/bin/gnu/h-i686-mingw32/bin/../lib/gcc/nios2-elf/4.1.2\libgcc.a(_clzsi2.o)
 .data          0x0101807c        0x0 c:/altera/13.0sp1/nios2eds/bin/gnu/h-i686-mingw32/bin/../lib/gcc/nios2-elf/4.1.2\libgcc.a(_pack_df.o)
 .data          0x0101807c        0x0 c:/altera/13.0sp1/nios2eds/bin/gnu/h-i686-mingw32/bin/../lib/gcc/nios2-elf/4.1.2\libgcc.a(_unpack_df.o)
 .data          0x0101807c        0x0 c:/altera/13.0sp1/nios2eds/bin/gnu/h-i686-mingw32/bin/../lib/gcc/nios2-elf/4.1.2\libgcc.a(_fpcmp_parts_df.o)
 .data          0x0101807c        0x0 ../module1_bsp/\libhal_bsp.a(alt_close.o)
 .data          0x0101807c      0x1a8 ../module1_bsp/\libhal_bsp.a(alt_dev.o)
                0x0101807c                alt_dev_null
                0x010180a4                alt_fd_list
 .data          0x01018224        0x0 ../module1_bsp/\libhal_bsp.a(alt_errno.o)
 .data          0x01018224        0x0 ../module1_bsp/\libhal_bsp.a(alt_fstat.o)
 .data          0x01018224        0x0 ../module1_bsp/\libhal_bsp.a(alt_gettod.o)
 .data          0x01018224        0x0 ../module1_bsp/\libhal_bsp.a(alt_irq_register.o)
 .data          0x01018224        0x0 ../module1_bsp/\libhal_bsp.a(alt_irq_vars.o)
 .data          0x01018224        0x0 ../module1_bsp/\libhal_bsp.a(alt_isatty.o)
 .data          0x01018224        0x0 ../module1_bsp/\libhal_bsp.a(alt_load.o)
 .data          0x01018224        0x0 ../module1_bsp/\libhal_bsp.a(alt_lseek.o)
 .data          0x01018224        0x0 ../module1_bsp/\libhal_bsp.a(alt_main.o)
 .data          0x01018224        0x0 ../module1_bsp/\libhal_bsp.a(alt_malloc_lock.o)
 .data          0x01018224        0x0 ../module1_bsp/\libhal_bsp.a(alt_read.o)
 .data          0x01018224        0x0 ../module1_bsp/\libhal_bsp.a(alt_release_fd.o)
 .data          0x01018224        0x0 ../module1_bsp/\libhal_bsp.a(alt_sbrk.o)
 .data          0x01018224        0x0 ../module1_bsp/\libhal_bsp.a(alt_tick.o)
 .data          0x01018224        0x0 ../module1_bsp/\libhal_bsp.a(alt_write.o)
 .data          0x01018224     0x11ec ../module1_bsp/\libhal_bsp.a(alt_sys_init.o)
 .data          0x01019410        0x0 ../module1_bsp/\libhal_bsp.a(Altera_UP_SD_Card_Avalon_Interface.o)
 .data          0x01019410        0x0 ../module1_bsp/\libhal_bsp.a(altera_avalon_jtag_uart_fd.o)
 .data          0x01019410        0x0 ../module1_bsp/\libhal_bsp.a(altera_avalon_jtag_uart_init.o)
 .data          0x01019410        0x0 ../module1_bsp/\libhal_bsp.a(altera_avalon_jtag_uart_ioctl.o)
 .data          0x01019410        0x0 ../module1_bsp/\libhal_bsp.a(altera_avalon_jtag_uart_read.o)
 .data          0x01019410        0x0 ../module1_bsp/\libhal_bsp.a(altera_avalon_jtag_uart_write.o)
 .data          0x01019410        0x0 ../module1_bsp/\libhal_bsp.a(altera_avalon_timer_sc.o)
 .data          0x01019410        0x0 ../module1_bsp/\libhal_bsp.a(altera_avalon_timer_vars.o)
 .data          0x01019410        0x0 ../module1_bsp/\libhal_bsp.a(altera_up_avalon_audio.o)
 .data          0x01019410        0x0 ../module1_bsp/\libhal_bsp.a(altera_up_avalon_audio_and_video_config.o)
 .data          0x01019410        0x0 ../module1_bsp/\libhal_bsp.a(altera_up_avalon_character_lcd.o)
 .data          0x01019410        0x0 ../module1_bsp/\libhal_bsp.a(altera_up_avalon_ps2.o)
 .data          0x01019410        0x0 ../module1_bsp/\libhal_bsp.a(altera_up_avalon_video_character_buffer_with_dma.o)
 .data          0x01019410        0x0 ../module1_bsp/\libhal_bsp.a(altera_up_avalon_video_pixel_buffer_dma.o)
 .data          0x01019410      0x2cc ../module1_bsp/\libhal_bsp.a(altera_up_ps2_keyboard.o)
                0x01019410                key_table
                0x010195a8                ascii_codes
                0x0101960e                single_byte_make_code
                0x01019674                multi_byte_make_code
 .data          0x010196dc        0x0 ../module1_bsp/\libhal_bsp.a(alt_alarm_start.o)
 .data          0x010196dc        0x0 ../module1_bsp/\libhal_bsp.a(alt_dcache_flush_all.o)
 .data          0x010196dc        0x0 ../module1_bsp/\libhal_bsp.a(alt_dev_llist_insert.o)
 .data          0x010196dc        0x0 ../module1_bsp/\libhal_bsp.a(alt_do_ctors.o)
 .data          0x010196dc        0x0 ../module1_bsp/\libhal_bsp.a(alt_do_dtors.o)
 .data          0x010196dc        0x0 ../module1_bsp/\libhal_bsp.a(alt_find_dev.o)
 .data          0x010196dc        0x0 ../module1_bsp/\libhal_bsp.a(alt_icache_flush_all.o)
 .data          0x010196dc        0x0 ../module1_bsp/\libhal_bsp.a(alt_io_redirect.o)
 .data          0x010196dc        0x0 ../module1_bsp/\libhal_bsp.a(alt_irq_entry.o)
 .data          0x010196dc        0x0 ../module1_bsp/\libhal_bsp.a(alt_irq_handler.o)
 .data          0x010196dc        0x0 ../module1_bsp/\libhal_bsp.a(alt_open.o)
 .data          0x010196dc        0x0 ../module1_bsp/\libhal_bsp.a(altera_nios2_qsys_irq.o)
 .data          0x010196dc        0x0 ../module1_bsp/\libhal_bsp.a(alt_exception_entry.o)
 .data          0x010196dc        0x0 ../module1_bsp/\libhal_bsp.a(alt_find_file.o)
 .data          0x010196dc        0x0 ../module1_bsp/\libhal_bsp.a(alt_get_fd.o)
 .data          0x010196dc        0x0 ../module1_bsp/\libhal_bsp.a(alt_icache_flush.o)
 .data          0x010196dc        0x0 c:/altera/13.0sp1/nios2eds/bin/gnu/h-i686-mingw32/bin/../lib/gcc/nios2-elf/4.1.2/../../../../nios2-elf/lib\libc.a(lib_a-assert.o)
 .data          0x010196dc        0x0 c:/altera/13.0sp1/nios2eds/bin/gnu/h-i686-mingw32/bin/../lib/gcc/nios2-elf/4.1.2/../../../../nios2-elf/lib\libc.a(lib_a-atexit.o)
 .data          0x010196dc        0x0 c:/altera/13.0sp1/nios2eds/bin/gnu/h-i686-mingw32/bin/../lib/gcc/nios2-elf/4.1.2/../../../../nios2-elf/lib\libc.a(lib_a-exit.o)
 .data          0x010196dc        0x0 c:/altera/13.0sp1/nios2eds/bin/gnu/h-i686-mingw32/bin/../lib/gcc/nios2-elf/4.1.2/../../../../nios2-elf/lib\libc.a(lib_a-fiprintf.o)
 .data          0x010196dc        0x0 c:/altera/13.0sp1/nios2eds/bin/gnu/h-i686-mingw32/bin/../lib/gcc/nios2-elf/4.1.2/../../../../nios2-elf/lib\libc.a(lib_a-memcmp.o)
 .data          0x010196dc        0x0 c:/altera/13.0sp1/nios2eds/bin/gnu/h-i686-mingw32/bin/../lib/gcc/nios2-elf/4.1.2/../../../../nios2-elf/lib\libc.a(lib_a-strcpy.o)
 .data          0x010196dc        0x0 c:/altera/13.0sp1/nios2eds/bin/gnu/h-i686-mingw32/bin/../lib/gcc/nios2-elf/4.1.2/../../../../nios2-elf/lib\libc.a(lib_a-vfiprintfr_1.o)
 .data          0x010196dc        0x0 c:/altera/13.0sp1/nios2eds/bin/gnu/h-i686-mingw32/bin/../lib/gcc/nios2-elf/4.1.2/../../../../nios2-elf/lib\libc.a(lib_a-__atexit.o)
 .data          0x010196dc        0x0 c:/altera/13.0sp1/nios2eds/bin/gnu/h-i686-mingw32/bin/../lib/gcc/nios2-elf/4.1.2/../../../../nios2-elf/lib\libc.a(lib_a-__call_atexit.o)
 .data          0x010196dc        0x0 c:/altera/13.0sp1/nios2eds/bin/gnu/h-i686-mingw32/bin/../lib/gcc/nios2-elf/4.1.2/../../../../nios2-elf/lib\libc.a(lib_a-abort.o)
 .data          0x010196dc        0x0 c:/altera/13.0sp1/nios2eds/bin/gnu/h-i686-mingw32/bin/../lib/gcc/nios2-elf/4.1.2/../../../../nios2-elf/lib\libc.a(lib_a-signal.o)
 .data          0x010196dc        0x0 c:/altera/13.0sp1/nios2eds/bin/gnu/h-i686-mingw32/bin/../lib/gcc/nios2-elf/4.1.2/../../../../nios2-elf/lib\libc.a(lib_a-signalr.o)
 .data          0x010196dc        0x0 c:/altera/13.0sp1/nios2eds/bin/gnu/h-i686-mingw32/bin/../lib/gcc/nios2-elf/4.1.2/../../../../nios2-elf/lib\libc.a(lib_a-vfiprintf.o)
 .data          0x010196dc        0x0 ../module1_bsp/\libhal_bsp.a(alt_exit.o)
 .data          0x010196dc        0x0 ../module1_bsp/\libhal_bsp.a(alt_getpid.o)
 .data          0x010196dc        0x0 ../module1_bsp/\libhal_bsp.a(alt_kill.o)
                0x010216dc                _gp = ABSOLUTE ((. + 0x8000))
                0x010216dc                PROVIDE (gp, _gp)
 *(.rwdata .rwdata.*)
 *(.sdata .sdata.* .gnu.linkonce.s.*)
 .sdata         0x010196dc        0x8 c:/altera/13.0sp1/nios2eds/bin/gnu/h-i686-mingw32/bin/../lib/gcc/nios2-elf/4.1.2/../../../../nios2-elf/lib\libc.a(lib_a-impure.o)
                0x010196dc                _impure_ptr
                0x010196e0                _global_impure_ptr
 .sdata         0x010196e4        0x8 c:/altera/13.0sp1/nios2eds/bin/gnu/h-i686-mingw32/bin/../lib/gcc/nios2-elf/4.1.2/../../../../nios2-elf/lib\libc.a(lib_a-mallocr.o)
                0x010196e4                __malloc_trim_threshold
                0x010196e8                __malloc_sbrk_base
 .sdata         0x010196ec        0x8 c:/altera/13.0sp1/nios2eds/bin/gnu/h-i686-mingw32/bin/../lib/gcc/nios2-elf/4.1.2/../../../../nios2-elf/lib\libc.a(lib_a-locale.o)
                0x010196ec                __mb_cur_max
 .sdata         0x010196f4       0x14 ../module1_bsp/\libhal_bsp.a(alt_dev.o)
                0x010196f4                alt_fs_list
                0x010196fc                alt_dev_list
                0x01019704                alt_max_fd
 .sdata         0x01019708        0x4 ../module1_bsp/\libhal_bsp.a(alt_errno.o)
                0x01019708                alt_errno
 .sdata         0x0101970c        0x4 ../module1_bsp/\libhal_bsp.a(alt_irq_vars.o)
                0x0101970c                alt_priority_mask
 .sdata         0x01019710        0x4 ../module1_bsp/\libhal_bsp.a(alt_sbrk.o)
 .sdata         0x01019714        0x8 ../module1_bsp/\libhal_bsp.a(alt_tick.o)
                0x01019714                alt_alarm_list
 *(.sdata2 .sdata2.* .gnu.linkonce.s2.*)
                0x0101971c                . = ALIGN (0x4)
                0x0101971c                _edata = ABSOLUTE (.)
                0x0101971c                PROVIDE (edata, ABSOLUTE (.))
                0x0101971c                PROVIDE (__ram_rwdata_end, ABSOLUTE (.))
                0x0101971c                PROVIDE (__flash_rwdata_start, LOADADDR (.rwdata))

.bss            0x0101b5d0      0x8a0
                0x0101b5d0                __bss_start = ABSOLUTE (.)
                0x0101b5d0                PROVIDE (__sbss_start, ABSOLUTE (.))
                0x0101b5d0                PROVIDE (___sbss_start, ABSOLUTE (.))
 *(.dynsbss)
 *(.sbss .sbss.* .gnu.linkonce.sb.*)
 .sbss          0x0101b5d0        0xc c:/altera/13.0sp1/nios2eds/bin/gnu/h-i686-mingw32/bin/../lib/gcc/nios2-elf/4.1.2/../../../../nios2-elf/lib\libc.a(lib_a-mallocr.o)
                0x0101b5d0                __malloc_top_pad
                0x0101b5d4                __malloc_max_sbrked_mem
                0x0101b5d8                __malloc_max_total_mem
 .sbss          0x0101b5dc        0x4 c:/altera/13.0sp1/nios2eds/bin/gnu/h-i686-mingw32/bin/../lib/gcc/nios2-elf/4.1.2/../../../../nios2-elf/lib\libc.a(lib_a-int_errno.o)
                0x0101b5dc                errno
 .sbss          0x0101b5e0        0xc c:/altera/13.0sp1/nios2eds/bin/gnu/h-i686-mingw32/bin/../lib/gcc/nios2-elf/4.1.2/../../../../nios2-elf/lib\libc.a(lib_a-locale.o)
                0x0101b5e0                __nlocale_changed
                0x0101b5e4                __mlocale_changed
                0x0101b5e8                _PathLocale
 .sbss          0x0101b5ec       0x10 ../module1_bsp/\libhal_bsp.a(alt_gettod.o)
                0x0101b5ec                alt_timezone
                0x0101b5f4                alt_resettime
 .sbss          0x0101b5fc        0x4 ../module1_bsp/\libhal_bsp.a(alt_irq_vars.o)
                0x0101b5fc                alt_irq_active
 .sbss          0x0101b600        0xc ../module1_bsp/\libhal_bsp.a(alt_main.o)
                0x0101b600                alt_argc
                0x0101b604                alt_argv
                0x0101b608                alt_envp
 .sbss          0x0101b60c        0x8 ../module1_bsp/\libhal_bsp.a(alt_tick.o)
                0x0101b60c                _alt_tick_rate
                0x0101b610                _alt_nticks
 .sbss          0x0101b614       0x34 ../module1_bsp/\libhal_bsp.a(Altera_UP_SD_Card_Avalon_Interface.o)
                0x0101b614                initialized
                0x0101b618                is_sd_card_formated_as_FAT16
                0x0101b61c                aux_status_register
                0x0101b620                status_register
                0x0101b624                CSD_register_w0
                0x0101b628                command_register
                0x0101b62c                command_argument_register
                0x0101b630                buffer_memory
                0x0101b634                fat_partition_offset_in_512_byte_sectors
                0x0101b638                fat_partition_size_in_512_byte_sectors
                0x0101b63c                device_pointer
                0x0101b640                current_sector_modified
                0x0101b644                current_sector_index
 .sbss          0x0101b648        0x8 ../module1_bsp/\libhal_bsp.a(altera_avalon_timer_vars.o)
                0x0101b648                altera_avalon_timer_ts_base
                0x0101b64c                altera_avalon_timer_ts_freq
 *(.sbss2 .sbss2.* .gnu.linkonce.sb2.*)
 *(.scommon)
                0x0101b650                PROVIDE (__sbss_end, ABSOLUTE (.))
                0x0101b650                PROVIDE (___sbss_end, ABSOLUTE (.))
 *(.dynbss)
 *(.bss .bss.* .gnu.linkonce.b.*)
 .bss           0x0101b650        0x0 ../module1_bsp//obj/HAL/src/crt0.o
 .bss           0x0101b650        0x0 obj/default/hello_world.o
 .bss           0x0101b650        0x0 c:/altera/13.0sp1/nios2eds/bin/gnu/h-i686-mingw32/bin/../lib/gcc/nios2-elf/4.1.2/../../../../nios2-elf/lib\libc.a(lib_a-fwrite.o)
 .bss           0x0101b650        0x0 c:/altera/13.0sp1/nios2eds/bin/gnu/h-i686-mingw32/bin/../lib/gcc/nios2-elf/4.1.2/../../../../nios2-elf/lib\libc.a(lib_a-impure.o)
 .bss           0x0101b650        0x0 c:/altera/13.0sp1/nios2eds/bin/gnu/h-i686-mingw32/bin/../lib/gcc/nios2-elf/4.1.2/../../../../nios2-elf/lib\libc.a(lib_a-malloc.o)
 .bss           0x0101b650       0x28 c:/altera/13.0sp1/nios2eds/bin/gnu/h-i686-mingw32/bin/../lib/gcc/nios2-elf/4.1.2/../../../../nios2-elf/lib\libc.a(lib_a-mallocr.o)
                0x0101b650                __malloc_current_mallinfo
 .bss           0x0101b678        0x0 c:/altera/13.0sp1/nios2eds/bin/gnu/h-i686-mingw32/bin/../lib/gcc/nios2-elf/4.1.2/../../../../nios2-elf/lib\libc.a(lib_a-printf.o)
 .bss           0x0101b678        0x0 c:/altera/13.0sp1/nios2eds/bin/gnu/h-i686-mingw32/bin/../lib/gcc/nios2-elf/4.1.2/../../../../nios2-elf/lib\libc.a(lib_a-puts.o)
 .bss           0x0101b678        0x0 c:/altera/13.0sp1/nios2eds/bin/gnu/h-i686-mingw32/bin/../lib/gcc/nios2-elf/4.1.2/../../../../nios2-elf/lib\libc.a(lib_a-rand.o)
 .bss           0x0101b678        0x0 c:/altera/13.0sp1/nios2eds/bin/gnu/h-i686-mingw32/bin/../lib/gcc/nios2-elf/4.1.2/../../../../nios2-elf/lib\libc.a(lib_a-sbrkr.o)
 .bss           0x0101b678        0x0 c:/altera/13.0sp1/nios2eds/bin/gnu/h-i686-mingw32/bin/../lib/gcc/nios2-elf/4.1.2/../../../../nios2-elf/lib\libc.a(lib_a-strlen.o)
 .bss           0x0101b678        0x0 c:/altera/13.0sp1/nios2eds/bin/gnu/h-i686-mingw32/bin/../lib/gcc/nios2-elf/4.1.2/../../../../nios2-elf/lib\libc.a(lib_a-time.o)
 .bss           0x0101b678        0x0 c:/altera/13.0sp1/nios2eds/bin/gnu/h-i686-mingw32/bin/../lib/gcc/nios2-elf/4.1.2/../../../../nios2-elf/lib\libc.a(lib_a-vfprintf.o)
 .bss           0x0101b678        0x0 c:/altera/13.0sp1/nios2eds/bin/gnu/h-i686-mingw32/bin/../lib/gcc/nios2-elf/4.1.2/../../../../nios2-elf/lib\libc.a(lib_a-wsetup.o)
 .bss           0x0101b678        0x0 c:/altera/13.0sp1/nios2eds/bin/gnu/h-i686-mingw32/bin/../lib/gcc/nios2-elf/4.1.2/../../../../nios2-elf/lib\libc.a(lib_a-dtoa.o)
 .bss           0x0101b678        0x0 c:/altera/13.0sp1/nios2eds/bin/gnu/h-i686-mingw32/bin/../lib/gcc/nios2-elf/4.1.2/../../../../nios2-elf/lib\libc.a(lib_a-fflush.o)
 .bss           0x0101b678        0x0 c:/altera/13.0sp1/nios2eds/bin/gnu/h-i686-mingw32/bin/../lib/gcc/nios2-elf/4.1.2/../../../../nios2-elf/lib\libc.a(lib_a-findfp.o)
 .bss           0x0101b678        0x0 c:/altera/13.0sp1/nios2eds/bin/gnu/h-i686-mingw32/bin/../lib/gcc/nios2-elf/4.1.2/../../../../nios2-elf/lib\libc.a(lib_a-freer.o)
 .bss           0x0101b678        0x0 c:/altera/13.0sp1/nios2eds/bin/gnu/h-i686-mingw32/bin/../lib/gcc/nios2-elf/4.1.2/../../../../nios2-elf/lib\libc.a(lib_a-fvwrite.o)
 .bss           0x0101b678        0x0 c:/altera/13.0sp1/nios2eds/bin/gnu/h-i686-mingw32/bin/../lib/gcc/nios2-elf/4.1.2/../../../../nios2-elf/lib\libc.a(lib_a-fwalk.o)
 .bss           0x0101b678        0x0 c:/altera/13.0sp1/nios2eds/bin/gnu/h-i686-mingw32/bin/../lib/gcc/nios2-elf/4.1.2/../../../../nios2-elf/lib\libc.a(lib_a-gettimeofdayr.o)
 .bss           0x0101b678        0x0 c:/altera/13.0sp1/nios2eds/bin/gnu/h-i686-mingw32/bin/../lib/gcc/nios2-elf/4.1.2/../../../../nios2-elf/lib\libc.a(lib_a-int_errno.o)
 .bss           0x0101b678        0x0 c:/altera/13.0sp1/nios2eds/bin/gnu/h-i686-mingw32/bin/../lib/gcc/nios2-elf/4.1.2/../../../../nios2-elf/lib\libc.a(lib_a-locale.o)
 .bss           0x0101b678        0x0 c:/altera/13.0sp1/nios2eds/bin/gnu/h-i686-mingw32/bin/../lib/gcc/nios2-elf/4.1.2/../../../../nios2-elf/lib\libc.a(lib_a-makebuf.o)
 .bss           0x0101b678        0x0 c:/altera/13.0sp1/nios2eds/bin/gnu/h-i686-mingw32/bin/../lib/gcc/nios2-elf/4.1.2/../../../../nios2-elf/lib\libc.a(lib_a-memchr.o)
 .bss           0x0101b678        0x0 c:/altera/13.0sp1/nios2eds/bin/gnu/h-i686-mingw32/bin/../lib/gcc/nios2-elf/4.1.2/../../../../nios2-elf/lib\libc.a(lib_a-memcpy.o)
 .bss           0x0101b678        0x0 c:/altera/13.0sp1/nios2eds/bin/gnu/h-i686-mingw32/bin/../lib/gcc/nios2-elf/4.1.2/../../../../nios2-elf/lib\libc.a(lib_a-memmove.o)
 .bss           0x0101b678        0x0 c:/altera/13.0sp1/nios2eds/bin/gnu/h-i686-mingw32/bin/../lib/gcc/nios2-elf/4.1.2/../../../../nios2-elf/lib\libc.a(lib_a-memset.o)
 .bss           0x0101b678        0x0 c:/altera/13.0sp1/nios2eds/bin/gnu/h-i686-mingw32/bin/../lib/gcc/nios2-elf/4.1.2/../../../../nios2-elf/lib\libc.a(lib_a-mprec.o)
 .bss           0x0101b678        0x0 c:/altera/13.0sp1/nios2eds/bin/gnu/h-i686-mingw32/bin/../lib/gcc/nios2-elf/4.1.2/../../../../nios2-elf/lib\libc.a(lib_a-reallocr.o)
 .bss           0x0101b678        0x0 c:/altera/13.0sp1/nios2eds/bin/gnu/h-i686-mingw32/bin/../lib/gcc/nios2-elf/4.1.2/../../../../nios2-elf/lib\libc.a(lib_a-s_isinfd.o)
 .bss           0x0101b678        0x0 c:/altera/13.0sp1/nios2eds/bin/gnu/h-i686-mingw32/bin/../lib/gcc/nios2-elf/4.1.2/../../../../nios2-elf/lib\libc.a(lib_a-s_isnand.o)
 .bss           0x0101b678        0x0 c:/altera/13.0sp1/nios2eds/bin/gnu/h-i686-mingw32/bin/../lib/gcc/nios2-elf/4.1.2/../../../../nios2-elf/lib\libc.a(lib_a-stdio.o)
 .bss           0x0101b678        0x0 c:/altera/13.0sp1/nios2eds/bin/gnu/h-i686-mingw32/bin/../lib/gcc/nios2-elf/4.1.2/../../../../nios2-elf/lib\libc.a(lib_a-strcmp.o)
 .bss           0x0101b678        0x0 c:/altera/13.0sp1/nios2eds/bin/gnu/h-i686-mingw32/bin/../lib/gcc/nios2-elf/4.1.2/../../../../nios2-elf/lib\libc.a(lib_a-writer.o)
 .bss           0x0101b678        0x0 c:/altera/13.0sp1/nios2eds/bin/gnu/h-i686-mingw32/bin/../lib/gcc/nios2-elf/4.1.2/../../../../nios2-elf/lib\libc.a(lib_a-callocr.o)
 .bss           0x0101b678        0x0 c:/altera/13.0sp1/nios2eds/bin/gnu/h-i686-mingw32/bin/../lib/gcc/nios2-elf/4.1.2/../../../../nios2-elf/lib\libc.a(lib_a-closer.o)
 .bss           0x0101b678        0x0 c:/altera/13.0sp1/nios2eds/bin/gnu/h-i686-mingw32/bin/../lib/gcc/nios2-elf/4.1.2/../../../../nios2-elf/lib\libc.a(lib_a-fclose.o)
 .bss           0x0101b678        0x0 c:/altera/13.0sp1/nios2eds/bin/gnu/h-i686-mingw32/bin/../lib/gcc/nios2-elf/4.1.2/../../../../nios2-elf/lib\libc.a(lib_a-fstatr.o)
 .bss           0x0101b678        0x0 c:/altera/13.0sp1/nios2eds/bin/gnu/h-i686-mingw32/bin/../lib/gcc/nios2-elf/4.1.2/../../../../nios2-elf/lib\libc.a(lib_a-isattyr.o)
 .bss           0x0101b678        0x0 c:/altera/13.0sp1/nios2eds/bin/gnu/h-i686-mingw32/bin/../lib/gcc/nios2-elf/4.1.2/../../../../nios2-elf/lib\libc.a(lib_a-lseekr.o)
 .bss           0x0101b678        0x0 c:/altera/13.0sp1/nios2eds/bin/gnu/h-i686-mingw32/bin/../lib/gcc/nios2-elf/4.1.2/../../../../nios2-elf/lib\libc.a(lib_a-readr.o)
 .bss           0x0101b678        0x0 c:/altera/13.0sp1/nios2eds/bin/gnu/h-i686-mingw32/bin/../lib/gcc/nios2-elf/4.1.2\libgcc.a(_muldi3.o)
 .bss           0x0101b678        0x0 c:/altera/13.0sp1/nios2eds/bin/gnu/h-i686-mingw32/bin/../lib/gcc/nios2-elf/4.1.2\libgcc.a(_udivdi3.o)
 .bss           0x0101b678        0x0 c:/altera/13.0sp1/nios2eds/bin/gnu/h-i686-mingw32/bin/../lib/gcc/nios2-elf/4.1.2\libgcc.a(_umoddi3.o)
 .bss           0x0101b678        0x0 c:/altera/13.0sp1/nios2eds/bin/gnu/h-i686-mingw32/bin/../lib/gcc/nios2-elf/4.1.2\libgcc.a(_addsub_df.o)
 .bss           0x0101b678        0x0 c:/altera/13.0sp1/nios2eds/bin/gnu/h-i686-mingw32/bin/../lib/gcc/nios2-elf/4.1.2\libgcc.a(_mul_df.o)
 .bss           0x0101b678        0x0 c:/altera/13.0sp1/nios2eds/bin/gnu/h-i686-mingw32/bin/../lib/gcc/nios2-elf/4.1.2\libgcc.a(_div_df.o)
 .bss           0x0101b678        0x0 c:/altera/13.0sp1/nios2eds/bin/gnu/h-i686-mingw32/bin/../lib/gcc/nios2-elf/4.1.2\libgcc.a(_eq_df.o)
 .bss           0x0101b678        0x0 c:/altera/13.0sp1/nios2eds/bin/gnu/h-i686-mingw32/bin/../lib/gcc/nios2-elf/4.1.2\libgcc.a(_ne_df.o)
 .bss           0x0101b678        0x0 c:/altera/13.0sp1/nios2eds/bin/gnu/h-i686-mingw32/bin/../lib/gcc/nios2-elf/4.1.2\libgcc.a(_gt_df.o)
 .bss           0x0101b678        0x0 c:/altera/13.0sp1/nios2eds/bin/gnu/h-i686-mingw32/bin/../lib/gcc/nios2-elf/4.1.2\libgcc.a(_ge_df.o)
 .bss           0x0101b678        0x0 c:/altera/13.0sp1/nios2eds/bin/gnu/h-i686-mingw32/bin/../lib/gcc/nios2-elf/4.1.2\libgcc.a(_lt_df.o)
 .bss           0x0101b678        0x0 c:/altera/13.0sp1/nios2eds/bin/gnu/h-i686-mingw32/bin/../lib/gcc/nios2-elf/4.1.2\libgcc.a(_si_to_df.o)
 .bss           0x0101b678        0x0 c:/altera/13.0sp1/nios2eds/bin/gnu/h-i686-mingw32/bin/../lib/gcc/nios2-elf/4.1.2\libgcc.a(_df_to_si.o)
 .bss           0x0101b678        0x0 c:/altera/13.0sp1/nios2eds/bin/gnu/h-i686-mingw32/bin/../lib/gcc/nios2-elf/4.1.2\libgcc.a(_thenan_df.o)
 .bss           0x0101b678        0x0 c:/altera/13.0sp1/nios2eds/bin/gnu/h-i686-mingw32/bin/../lib/gcc/nios2-elf/4.1.2\libgcc.a(_usi_to_df.o)
 .bss           0x0101b678        0x0 c:/altera/13.0sp1/nios2eds/bin/gnu/h-i686-mingw32/bin/../lib/gcc/nios2-elf/4.1.2\libgcc.a(lib2-divmod.o)
 .bss           0x0101b678        0x0 c:/altera/13.0sp1/nios2eds/bin/gnu/h-i686-mingw32/bin/../lib/gcc/nios2-elf/4.1.2\libgcc.a(_clz.o)
 .bss           0x0101b678        0x0 c:/altera/13.0sp1/nios2eds/bin/gnu/h-i686-mingw32/bin/../lib/gcc/nios2-elf/4.1.2\libgcc.a(_clzsi2.o)
 .bss           0x0101b678        0x0 c:/altera/13.0sp1/nios2eds/bin/gnu/h-i686-mingw32/bin/../lib/gcc/nios2-elf/4.1.2\libgcc.a(_pack_df.o)
 .bss           0x0101b678        0x0 c:/altera/13.0sp1/nios2eds/bin/gnu/h-i686-mingw32/bin/../lib/gcc/nios2-elf/4.1.2\libgcc.a(_unpack_df.o)
 .bss           0x0101b678        0x0 c:/altera/13.0sp1/nios2eds/bin/gnu/h-i686-mingw32/bin/../lib/gcc/nios2-elf/4.1.2\libgcc.a(_fpcmp_parts_df.o)
 .bss           0x0101b678        0x0 ../module1_bsp/\libhal_bsp.a(alt_close.o)
 .bss           0x0101b678        0x0 ../module1_bsp/\libhal_bsp.a(alt_dev.o)
 .bss           0x0101b678        0x0 ../module1_bsp/\libhal_bsp.a(alt_errno.o)
 .bss           0x0101b678        0x0 ../module1_bsp/\libhal_bsp.a(alt_fstat.o)
 .bss           0x0101b678        0x0 ../module1_bsp/\libhal_bsp.a(alt_gettod.o)
 .bss           0x0101b678        0x0 ../module1_bsp/\libhal_bsp.a(alt_irq_register.o)
 .bss           0x0101b678        0x0 ../module1_bsp/\libhal_bsp.a(alt_irq_vars.o)
 .bss           0x0101b678        0x0 ../module1_bsp/\libhal_bsp.a(alt_isatty.o)
 .bss           0x0101b678        0x0 ../module1_bsp/\libhal_bsp.a(alt_load.o)
 .bss           0x0101b678        0x0 ../module1_bsp/\libhal_bsp.a(alt_lseek.o)
 .bss           0x0101b678        0x0 ../module1_bsp/\libhal_bsp.a(alt_main.o)
 .bss           0x0101b678        0x0 ../module1_bsp/\libhal_bsp.a(alt_malloc_lock.o)
 .bss           0x0101b678        0x0 ../module1_bsp/\libhal_bsp.a(alt_read.o)
 .bss           0x0101b678        0x0 ../module1_bsp/\libhal_bsp.a(alt_release_fd.o)
 .bss           0x0101b678        0x0 ../module1_bsp/\libhal_bsp.a(alt_sbrk.o)
 .bss           0x0101b678        0x0 ../module1_bsp/\libhal_bsp.a(alt_tick.o)
 .bss           0x0101b678        0x0 ../module1_bsp/\libhal_bsp.a(alt_write.o)
 .bss           0x0101b678        0x0 ../module1_bsp/\libhal_bsp.a(alt_sys_init.o)
 .bss           0x0101b678        0x0 ../module1_bsp/\libhal_bsp.a(Altera_UP_SD_Card_Avalon_Interface.o)
 .bss           0x0101b678        0x0 ../module1_bsp/\libhal_bsp.a(altera_avalon_jtag_uart_fd.o)
 .bss           0x0101b678        0x0 ../module1_bsp/\libhal_bsp.a(altera_avalon_jtag_uart_init.o)
 .bss           0x0101b678        0x0 ../module1_bsp/\libhal_bsp.a(altera_avalon_jtag_uart_ioctl.o)
 .bss           0x0101b678        0x0 ../module1_bsp/\libhal_bsp.a(altera_avalon_jtag_uart_read.o)
 .bss           0x0101b678        0x0 ../module1_bsp/\libhal_bsp.a(altera_avalon_jtag_uart_write.o)
 .bss           0x0101b678        0x0 ../module1_bsp/\libhal_bsp.a(altera_avalon_timer_sc.o)
 .bss           0x0101b678        0x0 ../module1_bsp/\libhal_bsp.a(altera_avalon_timer_vars.o)
 .bss           0x0101b678        0x0 ../module1_bsp/\libhal_bsp.a(altera_up_avalon_audio.o)
 .bss           0x0101b678        0x0 ../module1_bsp/\libhal_bsp.a(altera_up_avalon_audio_and_video_config.o)
 .bss           0x0101b678        0x0 ../module1_bsp/\libhal_bsp.a(altera_up_avalon_character_lcd.o)
 .bss           0x0101b678        0x0 ../module1_bsp/\libhal_bsp.a(altera_up_avalon_ps2.o)
 .bss           0x0101b678        0x0 ../module1_bsp/\libhal_bsp.a(altera_up_avalon_video_character_buffer_with_dma.o)
 .bss           0x0101b678        0x0 ../module1_bsp/\libhal_bsp.a(altera_up_avalon_video_pixel_buffer_dma.o)
 .bss           0x0101b678        0x0 ../module1_bsp/\libhal_bsp.a(altera_up_ps2_keyboard.o)
 .bss           0x0101b678        0x0 ../module1_bsp/\libhal_bsp.a(alt_alarm_start.o)
 .bss           0x0101b678        0x0 ../module1_bsp/\libhal_bsp.a(alt_dcache_flush_all.o)
 .bss           0x0101b678        0x0 ../module1_bsp/\libhal_bsp.a(alt_dev_llist_insert.o)
 .bss           0x0101b678        0x0 ../module1_bsp/\libhal_bsp.a(alt_do_ctors.o)
 .bss           0x0101b678        0x0 ../module1_bsp/\libhal_bsp.a(alt_do_dtors.o)
 .bss           0x0101b678        0x0 ../module1_bsp/\libhal_bsp.a(alt_find_dev.o)
 .bss           0x0101b678        0x0 ../module1_bsp/\libhal_bsp.a(alt_icache_flush_all.o)
 .bss           0x0101b678        0x0 ../module1_bsp/\libhal_bsp.a(alt_io_redirect.o)
 .bss           0x0101b678        0x0 ../module1_bsp/\libhal_bsp.a(alt_irq_entry.o)
 .bss           0x0101b678        0x0 ../module1_bsp/\libhal_bsp.a(alt_irq_handler.o)
 .bss           0x0101b678        0x0 ../module1_bsp/\libhal_bsp.a(alt_open.o)
 .bss           0x0101b678        0x0 ../module1_bsp/\libhal_bsp.a(altera_nios2_qsys_irq.o)
 .bss           0x0101b678        0x0 ../module1_bsp/\libhal_bsp.a(alt_exception_entry.o)
 .bss           0x0101b678        0x0 ../module1_bsp/\libhal_bsp.a(alt_find_file.o)
 .bss           0x0101b678        0x0 ../module1_bsp/\libhal_bsp.a(alt_get_fd.o)
 .bss           0x0101b678        0x0 ../module1_bsp/\libhal_bsp.a(alt_icache_flush.o)
 .bss           0x0101b678        0x0 c:/altera/13.0sp1/nios2eds/bin/gnu/h-i686-mingw32/bin/../lib/gcc/nios2-elf/4.1.2/../../../../nios2-elf/lib\libc.a(lib_a-assert.o)
 .bss           0x0101b678        0x0 c:/altera/13.0sp1/nios2eds/bin/gnu/h-i686-mingw32/bin/../lib/gcc/nios2-elf/4.1.2/../../../../nios2-elf/lib\libc.a(lib_a-atexit.o)
 .bss           0x0101b678        0x0 c:/altera/13.0sp1/nios2eds/bin/gnu/h-i686-mingw32/bin/../lib/gcc/nios2-elf/4.1.2/../../../../nios2-elf/lib\libc.a(lib_a-exit.o)
 .bss           0x0101b678        0x0 c:/altera/13.0sp1/nios2eds/bin/gnu/h-i686-mingw32/bin/../lib/gcc/nios2-elf/4.1.2/../../../../nios2-elf/lib\libc.a(lib_a-fiprintf.o)
 .bss           0x0101b678        0x0 c:/altera/13.0sp1/nios2eds/bin/gnu/h-i686-mingw32/bin/../lib/gcc/nios2-elf/4.1.2/../../../../nios2-elf/lib\libc.a(lib_a-memcmp.o)
 .bss           0x0101b678        0x0 c:/altera/13.0sp1/nios2eds/bin/gnu/h-i686-mingw32/bin/../lib/gcc/nios2-elf/4.1.2/../../../../nios2-elf/lib\libc.a(lib_a-strcpy.o)
 .bss           0x0101b678        0x0 c:/altera/13.0sp1/nios2eds/bin/gnu/h-i686-mingw32/bin/../lib/gcc/nios2-elf/4.1.2/../../../../nios2-elf/lib\libc.a(lib_a-vfiprintfr_1.o)
 .bss           0x0101b678        0x0 c:/altera/13.0sp1/nios2eds/bin/gnu/h-i686-mingw32/bin/../lib/gcc/nios2-elf/4.1.2/../../../../nios2-elf/lib\libc.a(lib_a-__atexit.o)
 .bss           0x0101b678        0x0 c:/altera/13.0sp1/nios2eds/bin/gnu/h-i686-mingw32/bin/../lib/gcc/nios2-elf/4.1.2/../../../../nios2-elf/lib\libc.a(lib_a-__call_atexit.o)
 .bss           0x0101b678        0x0 c:/altera/13.0sp1/nios2eds/bin/gnu/h-i686-mingw32/bin/../lib/gcc/nios2-elf/4.1.2/../../../../nios2-elf/lib\libc.a(lib_a-abort.o)
 .bss           0x0101b678        0x0 c:/altera/13.0sp1/nios2eds/bin/gnu/h-i686-mingw32/bin/../lib/gcc/nios2-elf/4.1.2/../../../../nios2-elf/lib\libc.a(lib_a-signal.o)
 .bss           0x0101b678        0x0 c:/altera/13.0sp1/nios2eds/bin/gnu/h-i686-mingw32/bin/../lib/gcc/nios2-elf/4.1.2/../../../../nios2-elf/lib\libc.a(lib_a-signalr.o)
 .bss           0x0101b678        0x0 c:/altera/13.0sp1/nios2eds/bin/gnu/h-i686-mingw32/bin/../lib/gcc/nios2-elf/4.1.2/../../../../nios2-elf/lib\libc.a(lib_a-vfiprintf.o)
 .bss           0x0101b678        0x0 ../module1_bsp/\libhal_bsp.a(alt_exit.o)
 .bss           0x0101b678        0x0 ../module1_bsp/\libhal_bsp.a(alt_getpid.o)
 .bss           0x0101b678        0x0 ../module1_bsp/\libhal_bsp.a(alt_kill.o)
 *(COMMON)
 COMMON         0x0101b678      0x568 ../module1_bsp/\libhal_bsp.a(Altera_UP_SD_Card_Avalon_Interface.o)
                0x0101b678                search_data
                0x0101b68c                boot_sector_data
                0x0101b6e0                active_files
 COMMON         0x0101bbe0      0x100 ../module1_bsp/\libhal_bsp.a(alt_irq_handler.o)
                0x0101bbe0                alt_irq
 COMMON         0x0101bce0      0x190 c:/altera/13.0sp1/nios2eds/bin/gnu/h-i686-mingw32/bin/../lib/gcc/nios2-elf/4.1.2/../../../../nios2-elf/lib\libc.a(lib_a-atexit.o)
                0x0101bce0                _atexit0
                0x0101be70                . = ALIGN (0x4)
                0x0101be70                __bss_end = ABSOLUTE (.)

.onchip_memory2_0
                0x00000000        0x0 load address 0x0101be70
                0x00000000                PROVIDE (_alt_partition_onchip_memory2_0_start, ABSOLUTE (.))
 *(.onchip_memory2_0. onchip_memory2_0.*)
                0x00000000                . = ALIGN (0x4)
                0x00000000                PROVIDE (_alt_partition_onchip_memory2_0_end, ABSOLUTE (.))
                0x0101be70                PROVIDE (_alt_partition_onchip_memory2_0_load_addr, LOADADDR (.onchip_memory2_0))

.sdram          0x0101be70        0x0
                0x0101be70                PROVIDE (_alt_partition_sdram_start, ABSOLUTE (.))
 *(.sdram. sdram.*)
                0x0101be70                . = ALIGN (0x4)
                0x0101be70                PROVIDE (_alt_partition_sdram_end, ABSOLUTE (.))
                0x0101be70                _end = ABSOLUTE (.)
                0x0101be70                end = ABSOLUTE (.)
                0x0101be70                __alt_stack_base = ABSOLUTE (.)
                0x0101be70                PROVIDE (_alt_partition_sdram_load_addr, LOADADDR (.sdram))

.stab
 *(.stab)

.stabstr
 *(.stabstr)

.stab.excl
 *(.stab.excl)

.stab.exclstr
 *(.stab.exclstr)

.stab.index
 *(.stab.index)

.stab.indexstr
 *(.stab.indexstr)

.comment        0x00000000       0x26
 *(.comment)
 .comment       0x00000000       0x26 obj/default/hello_world.o
                                 0x27 (size before relaxing)
 .comment       0x00000000       0x27 c:/altera/13.0sp1/nios2eds/bin/gnu/h-i686-mingw32/bin/../lib/gcc/nios2-elf/4.1.2/../../../../nios2-elf/lib\libc.a(lib_a-fwrite.o)
 .comment       0x00000000       0x27 c:/altera/13.0sp1/nios2eds/bin/gnu/h-i686-mingw32/bin/../lib/gcc/nios2-elf/4.1.2/../../../../nios2-elf/lib\libc.a(lib_a-impure.o)
 .comment       0x00000000       0x27 c:/altera/13.0sp1/nios2eds/bin/gnu/h-i686-mingw32/bin/../lib/gcc/nios2-elf/4.1.2/../../../../nios2-elf/lib\libc.a(lib_a-malloc.o)
 .comment       0x00000000       0x27 c:/altera/13.0sp1/nios2eds/bin/gnu/h-i686-mingw32/bin/../lib/gcc/nios2-elf/4.1.2/../../../../nios2-elf/lib\libc.a(lib_a-mallocr.o)
 .comment       0x00000000       0x27 c:/altera/13.0sp1/nios2eds/bin/gnu/h-i686-mingw32/bin/../lib/gcc/nios2-elf/4.1.2/../../../../nios2-elf/lib\libc.a(lib_a-printf.o)
 .comment       0x00000000       0x27 c:/altera/13.0sp1/nios2eds/bin/gnu/h-i686-mingw32/bin/../lib/gcc/nios2-elf/4.1.2/../../../../nios2-elf/lib\libc.a(lib_a-puts.o)
 .comment       0x00000000       0x27 c:/altera/13.0sp1/nios2eds/bin/gnu/h-i686-mingw32/bin/../lib/gcc/nios2-elf/4.1.2/../../../../nios2-elf/lib\libc.a(lib_a-rand.o)
 .comment       0x00000000       0x27 c:/altera/13.0sp1/nios2eds/bin/gnu/h-i686-mingw32/bin/../lib/gcc/nios2-elf/4.1.2/../../../../nios2-elf/lib\libc.a(lib_a-sbrkr.o)
 .comment       0x00000000       0x27 c:/altera/13.0sp1/nios2eds/bin/gnu/h-i686-mingw32/bin/../lib/gcc/nios2-elf/4.1.2/../../../../nios2-elf/lib\libc.a(lib_a-strlen.o)
 .comment       0x00000000       0x27 c:/altera/13.0sp1/nios2eds/bin/gnu/h-i686-mingw32/bin/../lib/gcc/nios2-elf/4.1.2/../../../../nios2-elf/lib\libc.a(lib_a-time.o)
 .comment       0x00000000       0x27 c:/altera/13.0sp1/nios2eds/bin/gnu/h-i686-mingw32/bin/../lib/gcc/nios2-elf/4.1.2/../../../../nios2-elf/lib\libc.a(lib_a-vfprintf.o)
 .comment       0x00000000       0x27 c:/altera/13.0sp1/nios2eds/bin/gnu/h-i686-mingw32/bin/../lib/gcc/nios2-elf/4.1.2/../../../../nios2-elf/lib\libc.a(lib_a-wsetup.o)
 .comment       0x00000000       0x27 c:/altera/13.0sp1/nios2eds/bin/gnu/h-i686-mingw32/bin/../lib/gcc/nios2-elf/4.1.2/../../../../nios2-elf/lib\libc.a(lib_a-dtoa.o)
 .comment       0x00000000       0x27 c:/altera/13.0sp1/nios2eds/bin/gnu/h-i686-mingw32/bin/../lib/gcc/nios2-elf/4.1.2/../../../../nios2-elf/lib\libc.a(lib_a-fflush.o)
 .comment       0x00000000       0x27 c:/altera/13.0sp1/nios2eds/bin/gnu/h-i686-mingw32/bin/../lib/gcc/nios2-elf/4.1.2/../../../../nios2-elf/lib\libc.a(lib_a-findfp.o)
 .comment       0x00000000       0x27 c:/altera/13.0sp1/nios2eds/bin/gnu/h-i686-mingw32/bin/../lib/gcc/nios2-elf/4.1.2/../../../../nios2-elf/lib\libc.a(lib_a-freer.o)
 .comment       0x00000000       0x27 c:/altera/13.0sp1/nios2eds/bin/gnu/h-i686-mingw32/bin/../lib/gcc/nios2-elf/4.1.2/../../../../nios2-elf/lib\libc.a(lib_a-fvwrite.o)
 .comment       0x00000000       0x27 c:/altera/13.0sp1/nios2eds/bin/gnu/h-i686-mingw32/bin/../lib/gcc/nios2-elf/4.1.2/../../../../nios2-elf/lib\libc.a(lib_a-fwalk.o)
 .comment       0x00000000       0x27 c:/altera/13.0sp1/nios2eds/bin/gnu/h-i686-mingw32/bin/../lib/gcc/nios2-elf/4.1.2/../../../../nios2-elf/lib\libc.a(lib_a-gettimeofdayr.o)
 .comment       0x00000000       0x27 c:/altera/13.0sp1/nios2eds/bin/gnu/h-i686-mingw32/bin/../lib/gcc/nios2-elf/4.1.2/../../../../nios2-elf/lib\libc.a(lib_a-int_errno.o)
 .comment       0x00000000       0x27 c:/altera/13.0sp1/nios2eds/bin/gnu/h-i686-mingw32/bin/../lib/gcc/nios2-elf/4.1.2/../../../../nios2-elf/lib\libc.a(lib_a-locale.o)
 .comment       0x00000000       0x27 c:/altera/13.0sp1/nios2eds/bin/gnu/h-i686-mingw32/bin/../lib/gcc/nios2-elf/4.1.2/../../../../nios2-elf/lib\libc.a(lib_a-makebuf.o)
 .comment       0x00000000       0x27 c:/altera/13.0sp1/nios2eds/bin/gnu/h-i686-mingw32/bin/../lib/gcc/nios2-elf/4.1.2/../../../../nios2-elf/lib\libc.a(lib_a-memchr.o)
 .comment       0x00000000       0x27 c:/altera/13.0sp1/nios2eds/bin/gnu/h-i686-mingw32/bin/../lib/gcc/nios2-elf/4.1.2/../../../../nios2-elf/lib\libc.a(lib_a-memcpy.o)
 .comment       0x00000000       0x27 c:/altera/13.0sp1/nios2eds/bin/gnu/h-i686-mingw32/bin/../lib/gcc/nios2-elf/4.1.2/../../../../nios2-elf/lib\libc.a(lib_a-memmove.o)
 .comment       0x00000000       0x27 c:/altera/13.0sp1/nios2eds/bin/gnu/h-i686-mingw32/bin/../lib/gcc/nios2-elf/4.1.2/../../../../nios2-elf/lib\libc.a(lib_a-memset.o)
 .comment       0x00000000       0x27 c:/altera/13.0sp1/nios2eds/bin/gnu/h-i686-mingw32/bin/../lib/gcc/nios2-elf/4.1.2/../../../../nios2-elf/lib\libc.a(lib_a-mprec.o)
 .comment       0x00000000       0x27 c:/altera/13.0sp1/nios2eds/bin/gnu/h-i686-mingw32/bin/../lib/gcc/nios2-elf/4.1.2/../../../../nios2-elf/lib\libc.a(lib_a-reallocr.o)
 .comment       0x00000000       0x27 c:/altera/13.0sp1/nios2eds/bin/gnu/h-i686-mingw32/bin/../lib/gcc/nios2-elf/4.1.2/../../../../nios2-elf/lib\libc.a(lib_a-s_isinfd.o)
 .comment       0x00000000       0x27 c:/altera/13.0sp1/nios2eds/bin/gnu/h-i686-mingw32/bin/../lib/gcc/nios2-elf/4.1.2/../../../../nios2-elf/lib\libc.a(lib_a-s_isnand.o)
 .comment       0x00000000       0x27 c:/altera/13.0sp1/nios2eds/bin/gnu/h-i686-mingw32/bin/../lib/gcc/nios2-elf/4.1.2/../../../../nios2-elf/lib\libc.a(lib_a-stdio.o)
 .comment       0x00000000       0x27 c:/altera/13.0sp1/nios2eds/bin/gnu/h-i686-mingw32/bin/../lib/gcc/nios2-elf/4.1.2/../../../../nios2-elf/lib\libc.a(lib_a-strcmp.o)
 .comment       0x00000000       0x27 c:/altera/13.0sp1/nios2eds/bin/gnu/h-i686-mingw32/bin/../lib/gcc/nios2-elf/4.1.2/../../../../nios2-elf/lib\libc.a(lib_a-writer.o)
 .comment       0x00000000       0x27 c:/altera/13.0sp1/nios2eds/bin/gnu/h-i686-mingw32/bin/../lib/gcc/nios2-elf/4.1.2/../../../../nios2-elf/lib\libc.a(lib_a-callocr.o)
 .comment       0x00000000       0x27 c:/altera/13.0sp1/nios2eds/bin/gnu/h-i686-mingw32/bin/../lib/gcc/nios2-elf/4.1.2/../../../../nios2-elf/lib\libc.a(lib_a-closer.o)
 .comment       0x00000000       0x27 c:/altera/13.0sp1/nios2eds/bin/gnu/h-i686-mingw32/bin/../lib/gcc/nios2-elf/4.1.2/../../../../nios2-elf/lib\libc.a(lib_a-fclose.o)
 .comment       0x00000000       0x27 c:/altera/13.0sp1/nios2eds/bin/gnu/h-i686-mingw32/bin/../lib/gcc/nios2-elf/4.1.2/../../../../nios2-elf/lib\libc.a(lib_a-fstatr.o)
 .comment       0x00000000       0x27 c:/altera/13.0sp1/nios2eds/bin/gnu/h-i686-mingw32/bin/../lib/gcc/nios2-elf/4.1.2/../../../../nios2-elf/lib\libc.a(lib_a-isattyr.o)
 .comment       0x00000000       0x27 c:/altera/13.0sp1/nios2eds/bin/gnu/h-i686-mingw32/bin/../lib/gcc/nios2-elf/4.1.2/../../../../nios2-elf/lib\libc.a(lib_a-lseekr.o)
 .comment       0x00000000       0x27 c:/altera/13.0sp1/nios2eds/bin/gnu/h-i686-mingw32/bin/../lib/gcc/nios2-elf/4.1.2/../../../../nios2-elf/lib\libc.a(lib_a-readr.o)
 .comment       0x00000000       0x27 c:/altera/13.0sp1/nios2eds/bin/gnu/h-i686-mingw32/bin/../lib/gcc/nios2-elf/4.1.2\libgcc.a(_muldi3.o)
 .comment       0x00000000       0x27 c:/altera/13.0sp1/nios2eds/bin/gnu/h-i686-mingw32/bin/../lib/gcc/nios2-elf/4.1.2\libgcc.a(_udivdi3.o)
 .comment       0x00000000       0x27 c:/altera/13.0sp1/nios2eds/bin/gnu/h-i686-mingw32/bin/../lib/gcc/nios2-elf/4.1.2\libgcc.a(_umoddi3.o)
 .comment       0x00000000       0x27 c:/altera/13.0sp1/nios2eds/bin/gnu/h-i686-mingw32/bin/../lib/gcc/nios2-elf/4.1.2\libgcc.a(_addsub_df.o)