Archive member included because of file (symbol)

c:/altera/13.0/nios2eds/bin/gnu/h-i686-mingw32/bin/../lib/gcc/nios2-elf/4.1.2/mno-hw-mul\libgcc.a(lib2-divmod.o)
                              obj/default/moduleOne.o (__divsi3)
c:/altera/13.0/nios2eds/bin/gnu/h-i686-mingw32/bin/../lib/gcc/nios2-elf/4.1.2/../../../../nios2-elf/lib/mno-hw-mul\libc.a(lib_a-fwrite.o)
                              obj/default/moduleOne.o (fwrite)
c:/altera/13.0/nios2eds/bin/gnu/h-i686-mingw32/bin/../lib/gcc/nios2-elf/4.1.2/../../../../nios2-elf/lib/mno-hw-mul\libc.a(lib_a-impure.o)
                              obj/default/moduleOne.o (_impure_ptr)
c:/altera/13.0/nios2eds/bin/gnu/h-i686-mingw32/bin/../lib/gcc/nios2-elf/4.1.2/../../../../nios2-elf/lib/mno-hw-mul\libc.a(lib_a-printf.o)
                              obj/default/moduleOne.o (printf)
c:/altera/13.0/nios2eds/bin/gnu/h-i686-mingw32/bin/../lib/gcc/nios2-elf/4.1.2/../../../../nios2-elf/lib/mno-hw-mul\libc.a(lib_a-puts.o)
                              obj/default/moduleOne.o (puts)
c:/altera/13.0/nios2eds/bin/gnu/h-i686-mingw32/bin/../lib/gcc/nios2-elf/4.1.2/../../../../nios2-elf/lib/mno-hw-mul\libc.a(lib_a-rand.o)
                              obj/default/moduleOne.o (srand)
c:/altera/13.0/nios2eds/bin/gnu/h-i686-mingw32/bin/../lib/gcc/nios2-elf/4.1.2/../../../../nios2-elf/lib/mno-hw-mul\libc.a(lib_a-strlen.o)
                              c:/altera/13.0/nios2eds/bin/gnu/h-i686-mingw32/bin/../lib/gcc/nios2-elf/4.1.2/../../../../nios2-elf/lib/mno-hw-mul\libc.a(lib_a-puts.o) (strlen)
c:/altera/13.0/nios2eds/bin/gnu/h-i686-mingw32/bin/../lib/gcc/nios2-elf/4.1.2/../../../../nios2-elf/lib/mno-hw-mul\libc.a(lib_a-time.o)
                              obj/default/moduleOne.o (time)
c:/altera/13.0/nios2eds/bin/gnu/h-i686-mingw32/bin/../lib/gcc/nios2-elf/4.1.2/../../../../nios2-elf/lib/mno-hw-mul\libc.a(lib_a-vfprintf.o)
                              c:/altera/13.0/nios2eds/bin/gnu/h-i686-mingw32/bin/../lib/gcc/nios2-elf/4.1.2/../../../../nios2-elf/lib/mno-hw-mul\libc.a(lib_a-printf.o) (___vfprintf_internal_r)
c:/altera/13.0/nios2eds/bin/gnu/h-i686-mingw32/bin/../lib/gcc/nios2-elf/4.1.2/../../../../nios2-elf/lib/mno-hw-mul\libc.a(lib_a-wsetup.o)
                              c:/altera/13.0/nios2eds/bin/gnu/h-i686-mingw32/bin/../lib/gcc/nios2-elf/4.1.2/../../../../nios2-elf/lib/mno-hw-mul\libc.a(lib_a-vfprintf.o) (__swsetup_r)
c:/altera/13.0/nios2eds/bin/gnu/h-i686-mingw32/bin/../lib/gcc/nios2-elf/4.1.2/../../../../nios2-elf/lib/mno-hw-mul\libc.a(lib_a-dtoa.o)
                              c:/altera/13.0/nios2eds/bin/gnu/h-i686-mingw32/bin/../lib/gcc/nios2-elf/4.1.2/../../../../nios2-elf/lib/mno-hw-mul\libc.a(lib_a-vfprintf.o) (_dtoa_r)
c:/altera/13.0/nios2eds/bin/gnu/h-i686-mingw32/bin/../lib/gcc/nios2-elf/4.1.2/../../../../nios2-elf/lib/mno-hw-mul\libc.a(lib_a-fflush.o)
                              c:/altera/13.0/nios2eds/bin/gnu/h-i686-mingw32/bin/../lib/gcc/nios2-elf/4.1.2/../../../../nios2-elf/lib/mno-hw-mul\libc.a(lib_a-vfprintf.o) (_fflush_r)
c:/altera/13.0/nios2eds/bin/gnu/h-i686-mingw32/bin/../lib/gcc/nios2-elf/4.1.2/../../../../nios2-elf/lib/mno-hw-mul\libc.a(lib_a-findfp.o)
                              c:/altera/13.0/nios2eds/bin/gnu/h-i686-mingw32/bin/../lib/gcc/nios2-elf/4.1.2/../../../../nios2-elf/lib/mno-hw-mul\libc.a(lib_a-fwrite.o) (__sinit)
c:/altera/13.0/nios2eds/bin/gnu/h-i686-mingw32/bin/../lib/gcc/nios2-elf/4.1.2/../../../../nios2-elf/lib/mno-hw-mul\libc.a(lib_a-freer.o)
                              c:/altera/13.0/nios2eds/bin/gnu/h-i686-mingw32/bin/../lib/gcc/nios2-elf/4.1.2/../../../../nios2-elf/lib/mno-hw-mul\libc.a(lib_a-wsetup.o) (_free_r)
c:/altera/13.0/nios2eds/bin/gnu/h-i686-mingw32/bin/../lib/gcc/nios2-elf/4.1.2/../../../../nios2-elf/lib/mno-hw-mul\libc.a(lib_a-fvwrite.o)
                              c:/altera/13.0/nios2eds/bin/gnu/h-i686-mingw32/bin/../lib/gcc/nios2-elf/4.1.2/../../../../nios2-elf/lib/mno-hw-mul\libc.a(lib_a-fwrite.o) (__sfvwrite_r)
c:/altera/13.0/nios2eds/bin/gnu/h-i686-mingw32/bin/../lib/gcc/nios2-elf/4.1.2/../../../../nios2-elf/lib/mno-hw-mul\libc.a(lib_a-fwalk.o)
                              c:/altera/13.0/nios2eds/bin/gnu/h-i686-mingw32/bin/../lib/gcc/nios2-elf/4.1.2/../../../../nios2-elf/lib/mno-hw-mul\libc.a(lib_a-fflush.o) (_fwalk_reent)
c:/altera/13.0/nios2eds/bin/gnu/h-i686-mingw32/bin/../lib/gcc/nios2-elf/4.1.2/../../../../nios2-elf/lib/mno-hw-mul\libc.a(lib_a-gettimeofdayr.o)
                              c:/altera/13.0/nios2eds/bin/gnu/h-i686-mingw32/bin/../lib/gcc/nios2-elf/4.1.2/../../../../nios2-elf/lib/mno-hw-mul\libc.a(lib_a-time.o) (_gettimeofday_r)
c:/altera/13.0/nios2eds/bin/gnu/h-i686-mingw32/bin/../lib/gcc/nios2-elf/4.1.2/../../../../nios2-elf/lib/mno-hw-mul\libc.a(lib_a-int_errno.o)
                              c:/altera/13.0/nios2eds/bin/gnu/h-i686-mingw32/bin/../lib/gcc/nios2-elf/4.1.2/../../../../nios2-elf/lib/mno-hw-mul\libc.a(lib_a-gettimeofdayr.o) (errno)
[...]
Memory Configuration

Name             Origin             Length             Attributes
onchip_memory2_0 0x00000000         0x00001000
reset            0x01000000         0x00000020
sdram            0x01000020         0x007fffe0
*default*        0x00000000         0xffffffff

Linker script and memory map

LOAD ../github_Module1_bsp//obj/HAL/src/crt0.o
LOAD obj/default/moduleOne.o
LOAD c:/altera/13.0/nios2eds/bin/gnu/h-i686-mingw32/bin/../lib/gcc/nios2-elf/4.1.2/../../../../nios2-elf/lib/mno-hw-mul\libstdc++.a
LOAD c:/altera/13.0/nios2eds/bin/gnu/h-i686-mingw32/bin/../lib/gcc/nios2-elf/4.1.2/../../../../nios2-elf/lib/mno-hw-mul\libm.a
LOAD c:/altera/13.0/nios2eds/bin/gnu/h-i686-mingw32/bin/../lib/gcc/nios2-elf/4.1.2/mno-hw-mul\libgcc.a
START GROUP
LOAD c:/altera/13.0/nios2eds/bin/gnu/h-i686-mingw32/bin/../lib/gcc/nios2-elf/4.1.2/../../../../nios2-elf/lib/mno-hw-mul\libc.a
LOAD c:/altera/13.0/nios2eds/bin/gnu/h-i686-mingw32/bin/../lib/gcc/nios2-elf/4.1.2/mno-hw-mul\libgcc.a
LOAD ../github_Module1_bsp/\libhal_bsp.a
END GROUP
LOAD c:/altera/13.0/nios2eds/bin/gnu/h-i686-mingw32/bin/../lib/gcc/nios2-elf/4.1.2/mno-hw-mul\libgcc.a
                0x00000000                __alt_mem_onchip_memory2_0 = 0x0
                0x01000000                __alt_mem_sdram = 0x1000000

.entry          0x01000000       0x20
 *(.entry)
 .entry         0x01000000       0x20 ../github_Module1_bsp//obj/HAL/src/crt0.o
                0x01000000                __reset

.exceptions     0x01000020      0x198
                0x01000020                PROVIDE (__ram_exceptions_start, ABSOLUTE (.))
                0x01000020                . = ALIGN (0x20)
 *(.irq)
 *(.exceptions.entry.label)
 .exceptions.entry.label
                0x01000020        0x0 ../github_Module1_bsp/\libhal_bsp.a(alt_irq_entry.o)
                0x01000020                alt_irq_entry
 .exceptions.entry.label
                0x01000020        0x0 ../github_Module1_bsp/\libhal_bsp.a(alt_exception_entry.o)
                0x01000020                alt_exception
 *(.exceptions.entry.user)
 *(.exceptions.entry)
 .exceptions.entry
                0x01000020       0x54 ../github_Module1_bsp/\libhal_bsp.a(alt_exception_entry.o)
 *(.exceptions.irqtest.user)
 *(.exceptions.irqtest)
 .exceptions.irqtest
                0x01000074       0x10 ../github_Module1_bsp/\libhal_bsp.a(alt_irq_entry.o)
 *(.exceptions.irqhandler.user)
 *(.exceptions.irqhandler)
 .exceptions.irqhandler
                0x01000084        0x4 ../github_Module1_bsp/\libhal_bsp.a(alt_irq_entry.o)
 *(.exceptions.irqreturn.user)
 *(.exceptions.irqreturn)
 .exceptions.irqreturn
                0x01000088        0x4 ../github_Module1_bsp/\libhal_bsp.a(alt_irq_entry.o)
 *(.exceptions.notirq.label)
 .exceptions.notirq.label
                0x0100008c        0x0 ../github_Module1_bsp/\libhal_bsp.a(alt_irq_entry.o)
 *(.exceptions.notirq.user)
 *(.exceptions.notirq)
 .exceptions.notirq
                0x0100008c        0x8 ../github_Module1_bsp/\libhal_bsp.a(alt_exception_entry.o)
 *(.exceptions.soft.user)
 *(.exceptions.soft)
 *(.exceptions.unknown.user)
 *(.exceptions.unknown)
 .exceptions.unknown
                0x01000094        0x4 ../github_Module1_bsp/\libhal_bsp.a(alt_exception_entry.o)
 *(.exceptions.exit.label)
 .exceptions.exit.label
                0x01000098        0x0 ../github_Module1_bsp/\libhal_bsp.a(alt_irq_entry.o)
 .exceptions.exit.label
                0x01000098        0x0 ../github_Module1_bsp/\libhal_bsp.a(alt_exception_entry.o)
 *(.exceptions.exit.user)
 *(.exceptions.exit)
 .exceptions.exit
                0x01000098       0x54 ../github_Module1_bsp/\libhal_bsp.a(alt_exception_entry.o)
 *(.exceptions)
 .exceptions    0x010000ec       0xcc ../github_Module1_bsp/\libhal_bsp.a(alt_irq_handler.o)
                0x010000ec                alt_irq_handler
                0x010001b8                PROVIDE (__ram_exceptions_end, ABSOLUTE (.))
                0x01000020                PROVIDE (__flash_exceptions_start, LOADADDR (.exceptions))

.text           0x010001b8    0x16f24
                0x010001b8                PROVIDE (stext, ABSOLUTE (.))
 *(.interp)
 *(.hash)
 *(.dynsym)
 *(.dynstr)
 *(.gnu.version)
 *(.gnu.version_d)
 *(.gnu.version_r)
 *(.rel.init)
 *(.rela.init)
 *(.rel.text .rel.text.* .rel.gnu.linkonce.t.*)
 *(.rela.text .rela.text.* .rela.gnu.linkonce.t.*)
 *(.rel.fini)
 *(.rela.fini)
 *(.rel.rodata .rel.rodata.* .rel.gnu.linkonce.r.*)
 *(.rela.rodata .rela.rodata.* .rela.gnu.linkonce.r.*)
 *(.rel.data .rel.data.* .rel.gnu.linkonce.d.*)
 *(.rela.data .rela.data.* .rela.gnu.linkonce.d.*)
 *(.rel.tdata .rel.tdata.* .rel.gnu.linkonce.td.*)
 *(.rela.tdata .rela.tdata.* .rela.gnu.linkonce.td.*)
 *(.rel.tbss .rel.tbss.* .rel.gnu.linkonce.tb.*)
 *(.rela.tbss .rela.tbss.* .rela.gnu.linkonce.tb.*)
 *(.rel.ctors)
 *(.rela.ctors)
 *(.rel.dtors)
 *(.rela.dtors)
 *(.rel.got)
 *(.rela.got)
 *(.rel.sdata .rel.sdata.* .rel.gnu.linkonce.s.*)
 *(.rela.sdata .rela.sdata.* .rela.gnu.linkonce.s.*)
 *(.rel.sbss .rel.sbss.* .rel.gnu.linkonce.sb.*)
 *(.rela.sbss .rela.sbss.* .rela.gnu.linkonce.sb.*)
 *(.rel.sdata2 .rel.sdata2.* .rel.gnu.linkonce.s2.*)
 *(.rela.sdata2 .rela.sdata2.* .rela.gnu.linkonce.s2.*)
 *(.rel.sbss2 .rel.sbss2.* .rel.gnu.linkonce.sb2.*)
 *(.rela.sbss2 .rela.sbss2.* .rela.gnu.linkonce.sb2.*)
 *(.rel.bss .rel.bss.* .rel.gnu.linkonce.b.*)
 *(.rela.bss .rela.bss.* .rela.gnu.linkonce.b.*)
 *(.rel.plt)
 *(.rela.plt)
 *(.rel.dyn)
 *(.init)
 *(.plt)
 *(.text .stub .text.* .gnu.linkonce.t.*)
 .text          0x010001b8       0x3c ../github_Module1_bsp//obj/HAL/src/crt0.o
                0x010001b8                _start
 .text          0x010001f4      0xb8c obj/default/moduleOne.o
                0x010001f4                main
                0x01000284                setUpVideo
                0x01000468                drawArrow
                0x010004ec                readKeyboard
                0x0100054c                av_config_setup
                0x01000590                playAudio
                0x01000b5c                push
                0x01000be8                pop
                0x01000c90                peek
                0x01000cd0                createRandomArrows
 .text          0x01000d80      0x14c c:/altera/13.0/nios2eds/bin/gnu/h-i686-mingw32/bin/../lib/gcc/nios2-elf/4.1.2/mno-hw-mul\libgcc.a(lib2-divmod.o)
                0x01000dfc                __divsi3
                0x01000e5c                __modsi3
                0x01000ebc                __udivsi3
                0x01000ec4                __umodsi3
 .text          0x01000ecc       0xec c:/altera/13.0/nios2eds/bin/gnu/h-i686-mingw32/bin/../lib/gcc/nios2-elf/4.1.2/../../../../nios2-elf/lib/mno-hw-mul\libc.a(lib_a-fwrite.o)
                0x01000ecc                _fwrite_r
                0x01000f78                fwrite
 .text          0x01000fb8        0x0 c:/altera/13.0/nios2eds/bin/gnu/h-i686-mingw32/bin/../lib/gcc/nios2-elf/4.1.2/../../../../nios2-elf/lib/mno-hw-mul\libc.a(lib_a-impure.o)
 .text          0x01000fb8       0x78 c:/altera/13.0/nios2eds/bin/gnu/h-i686-mingw32/bin/../lib/gcc/nios2-elf/4.1.2/../../../../nios2-elf/lib/mno-hw-mul\libc.a(lib_a-printf.o)
                0x01000fb8                printf
                0x01000ffc                _printf_r
 .text          0x01001030       0xb4 c:/altera/13.0/nios2eds/bin/gnu/h-i686-mingw32/bin/../lib/gcc/nios2-elf/4.1.2/../../../../nios2-elf/lib/mno-hw-mul\libc.a(lib_a-puts.o)
                0x01001030                _puts_r
                0x010010d0                puts
 .text          0x010010e4       0x94 c:/altera/13.0/nios2eds/bin/gnu/h-i686-mingw32/bin/../lib/gcc/nios2-elf/4.1.2/../../../../nios2-elf/lib/mno-hw-mul\libc.a(lib_a-rand.o)
                0x010010e4                srand
                0x01001100                rand
 .text          0x01001178       0x74 c:/altera/13.0/nios2eds/bin/gnu/h-i686-mingw32/bin/../lib/gcc/nios2-elf/4.1.2/../../../../nios2-elf/lib/mno-hw-mul\libc.a(lib_a-strlen.o)
                0x01001178                strlen
 .text          0x010011ec       0x5c c:/altera/13.0/nios2eds/bin/gnu/h-i686-mingw32/bin/../lib/gcc/nios2-elf/4.1.2/../../../../nios2-elf/lib/mno-hw-mul\libc.a(lib_a-time.o)
                0x010011ec                time
 .text          0x01001248     0x1f40 c:/altera/13.0/nios2eds/bin/gnu/h-i686-mingw32/bin/../lib/gcc/nios2-elf/4.1.2/../../../../nios2-elf/lib/mno-hw-mul\libc.a(lib_a-vfprintf.o)
                0x010012a0                ___vfprintf_internal_r
                0x01003164                __vfprintf_internal
 .text          0x01003188      0x13c c:/altera/13.0/nios2eds/bin/gnu/h-i686-mingw32/bin/../lib/gcc/nios2-elf/4.1.2/../../../../nios2-elf/lib/mno-hw-mul\libc.a(lib_a-wsetup.o)
                0x01003188                __swsetup_r
 .text          0x010032c4     0x17f8 c:/altera/13.0/nios2eds/bin/gnu/h-i686-mingw32/bin/../lib/gcc/nios2-elf/4.1.2/../../../../nios2-elf/lib/mno-hw-mul\libc.a(lib_a-dtoa.o)
                0x01003508                _dtoa_r
 .text          0x01004abc      0x230 c:/altera/13.0/nios2eds/bin/gnu/h-i686-mingw32/bin/../lib/gcc/nios2-elf/4.1.2/../../../../nios2-elf/lib/mno-hw-mul\libc.a(lib_a-fflush.o)
                0x01004abc                _fflush_r
                0x01004cb8                fflush
 .text          0x01004cec      0x2f4 c:/altera/13.0/nios2eds/bin/gnu/h-i686-mingw32/bin/../lib/gcc/nios2-elf/4.1.2/../../../../nios2-elf/lib/mno-hw-mul\libc.a(lib_a-findfp.o)
                0x01004d44                __sfp_lock_acquire
                0x01004d48                __sfp_lock_release
                0x01004d4c                __sinit_lock_acquire
                0x01004d50                __sinit_lock_release
                0x01004d54                __sinit
                0x01004e08                __fp_unlock_all
                0x01004e20                __fp_lock_all
                0x01004e38                _cleanup_r
                0x01004e44                _cleanup
                0x01004e54                __sfmoreglue
                0x01004ef0                __sfp
 .text          0x01004fe0      0x440 c:/altera/13.0/nios2eds/bin/gnu/h-i686-mingw32/bin/../lib/gcc/nios2-elf/4.1.2/../../../../nios2-elf/lib/mno-hw-mul\libc.a(lib_a-freer.o)
                0x01004fe0                _malloc_trim_r
                0x0100510c                _free_r
 .text          0x01005420      0x49c c:/altera/13.0/nios2eds/bin/gnu/h-i686-mingw32/bin/../lib/gcc/nios2-elf/4.1.2/../../../../nios2-elf/lib/mno-hw-mul\libc.a(lib_a-fvwrite.o)
                0x01005420                __sfvwrite_r
 .text          0x010058bc      0x180 c:/altera/13.0/nios2eds/bin/gnu/h-i686-mingw32/bin/../lib/gcc/nios2-elf/4.1.2/../../../../nios2-elf/lib/mno-hw-mul\libc.a(lib_a-fwalk.o)
                0x010058bc                _fwalk_reent
                0x01005984                _fwalk
 .text          0x01005a3c       0x74 c:/altera/13.0/nios2eds/bin/gnu/h-i686-mingw32/bin/../lib/gcc/nios2-elf/4.1.2/../../../../nios2-elf/lib/mno-hw-mul\libc.a(lib_a-gettimeofdayr.o)
                0x01005a3c                _gettimeofday_r
 .text          0x01005ab0        0x0 c:/altera/13.0/nios2eds/bin/gnu/h-i686-mingw32/bin/../lib/gcc/nios2-elf/4.1.2/../../../../nios2-elf/lib/mno-hw-mul\libc.a(lib_a-int_errno.o)
 .text          0x01005ab0       0xc4 c:/altera/13.0/nios2eds/bin/gnu/h-i686-mingw32/bin/../lib/gcc/nios2-elf/4.1.2/../../../../nios2-elf/lib/mno-hw-mul\libc.a(lib_a-locale.o)
                0x01005ab0                __locale_charset
                0x01005ab8                _localeconv_r
                0x01005ac4                localeconv
                0x01005ad4                _setlocale_r
                0x01005b58                setlocale
 .text          0x01005b74      0x194 c:/altera/13.0/nios2eds/bin/gnu/h-i686-mingw32/bin/../lib/gcc/nios2-elf/4.1.2/../../../../nios2-elf/lib/mno-hw-mul\libc.a(lib_a-makebuf.o)
                0x01005b74                __smakebuf_r
 .text          0x01005d08      0x740 c:/altera/13.0/nios2eds/bin/gnu/h-i686-mingw32/bin/../lib/gcc/nios2-elf/4.1.2/../../../../nios2-elf/lib/mno-hw-mul\libc.a(lib_a-mallocr.o)
                0x01005d08                _malloc_r
 .text          0x01006448       0xe4 c:/altera/13.0/nios2eds/bin/gnu/h-i686-mingw32/bin/../lib/gcc/nios2-elf/4.1.2/../../../../nios2-elf/lib/mno-hw-mul\libc.a(lib_a-memchr.o)
                0x01006448                memchr
 .text          0x0100652c       0xa0 c:/altera/13.0/nios2eds/bin/gnu/h-i686-mingw32/bin/../lib/gcc/nios2-elf/4.1.2/../../../../nios2-elf/lib/mno-hw-mul\libc.a(lib_a-memcpy.o)
                0x0100652c                memcpy
 .text          0x010065cc       0xe0 c:/altera/13.0/nios2eds/bin/gnu/h-i686-mingw32/bin/../lib/gcc/nios2-elf/4.1.2/../../../../nios2-elf/lib/mno-hw-mul\libc.a(lib_a-memmove.o)
                0x010065cc                memmove
 .text          0x010066ac       0x98 c:/altera/13.0/nios2eds/bin/gnu/h-i686-mingw32/bin/../lib/gcc/nios2-elf/4.1.2/../../../../nios2-elf/lib/mno-hw-mul\libc.a(lib_a-memset.o)
                0x010066ac                memset
 .text          0x01006744     0x108c c:/altera/13.0/nios2eds/bin/gnu/h-i686-mingw32/bin/../lib/gcc/nios2-elf/4.1.2/../../../../nios2-elf/lib/mno-hw-mul\libc.a(lib_a-mprec.o)
                0x01006744                _Bfree
                0x0100676c                __hi0bits
                0x010067dc                __lo0bits
                0x010068a0                __mcmp
                0x01006900                __ulp
                0x01006980                __b2d
                0x01006aa0                __ratio
                0x01006b50                _mprec_log10
                0x01006be4                __copybits
                0x01006c3c                __any_on
                0x01006cc4                _Balloc
                0x01006d80                __d2b
                0x01006efc                __mdiff
                0x01007088                __lshift
                0x010071d4                __multiply
                0x01007428                __i2b
                0x01007464                __multadd
                0x01007590                __pow5mult
                0x010076b0                __s2b
 .text          0x010077d0      0x5f4 c:/altera/13.0/nios2eds/bin/gnu/h-i686-mingw32/bin/../lib/gcc/nios2-elf/4.1.2/../../../../nios2-elf/lib/mno-hw-mul\libc.a(lib_a-reallocr.o)
                0x010077d0                _realloc_r
 .text          0x01007dc4       0x40 c:/altera/13.0/nios2eds/bin/gnu/h-i686-mingw32/bin/../lib/gcc/nios2-elf/4.1.2/../../../../nios2-elf/lib/mno-hw-mul\libc.a(lib_a-s_isinfd.o)
                0x01007dc4                __isinfd
 .text          0x01007e04       0x30 c:/altera/13.0/nios2eds/bin/gnu/h-i686-mingw32/bin/../lib/gcc/nios2-elf/4.1.2/../../../../nios2-elf/lib/mno-hw-mul\libc.a(lib_a-s_isnand.o)
                0x01007e04                __isnand
 .text          0x01007e34       0x70 c:/altera/13.0/nios2eds/bin/gnu/h-i686-mingw32/bin/../lib/gcc/nios2-elf/4.1.2/../../../../nios2-elf/lib/mno-hw-mul\libc.a(lib_a-sbrkr.o)
                0x01007e34                _sbrk_r
 .text          0x01007ea4      0x14c c:/altera/13.0/nios2eds/bin/gnu/h-i686-mingw32/bin/../lib/gcc/nios2-elf/4.1.2/../../../../nios2-elf/lib/mno-hw-mul\libc.a(lib_a-stdio.o)
                0x01007ea4                __sclose
                0x01007eac                __sseek
                0x01007f14                __swrite
                0x01007f90                __sread
 .text          0x01007ff0       0xbc c:/altera/13.0/nios2eds/bin/gnu/h-i686-mingw32/bin/../lib/gcc/nios2-elf/4.1.2/../../../../nios2-elf/lib/mno-hw-mul\libc.a(lib_a-strcmp.o)
                0x01007ff0                strcmp
 .text          0x010080ac       0x78 c:/altera/13.0/nios2eds/bin/gnu/h-i686-mingw32/bin/../lib/gcc/nios2-elf/4.1.2/../../../../nios2-elf/lib/mno-hw-mul\libc.a(lib_a-writer.o)
                0x010080ac                _write_r
 .text          0x01008124       0xc8 c:/altera/13.0/nios2eds/bin/gnu/h-i686-mingw32/bin/../lib/gcc/nios2-elf/4.1.2/../../../../nios2-elf/lib/mno-hw-mul\libc.a(lib_a-callocr.o)
                0x01008124                _calloc_r
 .text          0x010081ec       0x70 c:/altera/13.0/nios2eds/bin/gnu/h-i686-mingw32/bin/../lib/gcc/nios2-elf/4.1.2/../../../../nios2-elf/lib/mno-hw-mul\libc.a(lib_a-closer.o)
                0x010081ec                _close_r
 .text          0x0100825c      0x124 c:/altera/13.0/nios2eds/bin/gnu/h-i686-mingw32/bin/../lib/gcc/nios2-elf/4.1.2/../../../../nios2-elf/lib/mno-hw-mul\libc.a(lib_a-fclose.o)
                0x0100825c                _fclose_r
                0x0100836c                fclose
 .text          0x01008380       0x74 c:/altera/13.0/nios2eds/bin/gnu/h-i686-mingw32/bin/../lib/gcc/nios2-elf/4.1.2/../../../../nios2-elf/lib/mno-hw-mul\libc.a(lib_a-fstatr.o)
                0x01008380                _fstat_r
 .text          0x010083f4       0x70 c:/altera/13.0/nios2eds/bin/gnu/h-i686-mingw32/bin/../lib/gcc/nios2-elf/4.1.2/../../../../nios2-elf/lib/mno-hw-mul\libc.a(lib_a-isattyr.o)
                0x010083f4                _isatty_r
 .text          0x01008464       0x78 c:/altera/13.0/nios2eds/bin/gnu/h-i686-mingw32/bin/../lib/gcc/nios2-elf/4.1.2/../../../../nios2-elf/lib/mno-hw-mul\libc.a(lib_a-lseekr.o)
                0x01008464                _lseek_r
 .text          0x010084dc       0x78 c:/altera/13.0/nios2eds/bin/gnu/h-i686-mingw32/bin/../lib/gcc/nios2-elf/4.1.2/../../../../nios2-elf/lib/mno-hw-mul\libc.a(lib_a-readr.o)
                0x010084dc                _read_r
 .text          0x01008554      0x124 c:/altera/13.0/nios2eds/bin/gnu/h-i686-mingw32/bin/../lib/gcc/nios2-elf/4.1.2/mno-hw-mul\libgcc.a(_muldi3.o)
                0x01008554                __muldi3
 .text          0x01008678      0x66c c:/altera/13.0/nios2eds/bin/gnu/h-i686-mingw32/bin/../lib/gcc/nios2-elf/4.1.2/mno-hw-mul\libgcc.a(_udivdi3.o)
                0x01008678                __udivdi3
 .text          0x01008ce4      0x660 c:/altera/13.0/nios2eds/bin/gnu/h-i686-mingw32/bin/../lib/gcc/nios2-elf/4.1.2/mno-hw-mul\libgcc.a(_umoddi3.o)
                0x01008ce4                __umoddi3
 .text          0x01009344      0x504 c:/altera/13.0/nios2eds/bin/gnu/h-i686-mingw32/bin/../lib/gcc/nios2-elf/4.1.2/mno-hw-mul\libgcc.a(_addsub_df.o)
                0x01009754                __subdf3
                0x010097d4                __adddf3
 .text          0x01009848      0x3c4 c:/altera/13.0/nios2eds/bin/gnu/h-i686-mingw32/bin/../lib/gcc/nios2-elf/4.1.2/mno-hw-mul\libgcc.a(_mul_df.o)
                0x01009848                __muldf3
 .text          0x01009c0c      0x258 c:/altera/13.0/nios2eds/bin/gnu/h-i686-mingw32/bin/../lib/gcc/nios2-elf/4.1.2/mno-hw-mul\libgcc.a(_div_df.o)
                0x01009c0c                __divdf3
 .text          0x01009e64       0x88 c:/altera/13.0/nios2eds/bin/gnu/h-i686-mingw32/bin/../lib/gcc/nios2-elf/4.1.2/mno-hw-mul\libgcc.a(_eq_df.o)
                0x01009e64                __eqdf2
 .text          0x01009eec       0x88 c:/altera/13.0/nios2eds/bin/gnu/h-i686-mingw32/bin/../lib/gcc/nios2-elf/4.1.2/mno-hw-mul\libgcc.a(_ne_df.o)
                0x01009eec                __nedf2
 .text          0x01009f74       0x88 c:/altera/13.0/nios2eds/bin/gnu/h-i686-mingw32/bin/../lib/gcc/nios2-elf/4.1.2/mno-hw-mul\libgcc.a(_gt_df.o)
                0x01009f74                __gtdf2
 .text          0x01009ffc       0x88 c:/altera/13.0/nios2eds/bin/gnu/h-i686-mingw32/bin/../lib/gcc/nios2-elf/4.1.2/mno-hw-mul\libgcc.a(_ge_df.o)
                0x01009ffc                __gedf2
 .text          0x0100a084       0x88 c:/altera/13.0/nios2eds/bin/gnu/h-i686-mingw32/bin/../lib/gcc/nios2-elf/4.1.2/mno-hw-mul\libgcc.a(_lt_df.o)
                0x0100a084                __ltdf2
 .text          0x0100a10c       0xf8 c:/altera/13.0/nios2eds/bin/gnu/h-i686-mingw32/bin/../lib/gcc/nios2-elf/4.1.2/mno-hw-mul\libgcc.a(_si_to_df.o)
                0x0100a10c                __floatsidf
 .text          0x0100a204       0xd8 c:/altera/13.0/nios2eds/bin/gnu/h-i686-mingw32/bin/../lib/gcc/nios2-elf/4.1.2/mno-hw-mul\libgcc.a(_df_to_si.o)
                0x0100a204                __fixdfsi
 .text          0x0100a2dc        0x0 c:/altera/13.0/nios2eds/bin/gnu/h-i686-mingw32/bin/../lib/gcc/nios2-elf/4.1.2/mno-hw-mul\libgcc.a(_thenan_df.o)
 .text          0x0100a2dc      0x194 c:/altera/13.0/nios2eds/bin/gnu/h-i686-mingw32/bin/../lib/gcc/nios2-elf/4.1.2/mno-hw-mul\libgcc.a(_usi_to_df.o)
                0x0100a2dc                __floatunsidf
 .text          0x0100a470       0x38 c:/altera/13.0/nios2eds/bin/gnu/h-i686-mingw32/bin/../lib/gcc/nios2-elf/4.1.2/mno-hw-mul\libgcc.a(lib2-mul.o)
                0x0100a470                __mulsi3
 .text          0x0100a4a8        0x0 c:/altera/13.0/nios2eds/bin/gnu/h-i686-mingw32/bin/../lib/gcc/nios2-elf/4.1.2/mno-hw-mul\libgcc.a(_clz.o)
 .text          0x0100a4a8       0x80 c:/altera/13.0/nios2eds/bin/gnu/h-i686-mingw32/bin/../lib/gcc/nios2-elf/4.1.2/mno-hw-mul\libgcc.a(_clzsi2.o)
                0x0100a4a8                __clzsi2
 .text          0x0100a528      0x314 c:/altera/13.0/nios2eds/bin/gnu/h-i686-mingw32/bin/../lib/gcc/nios2-elf/4.1.2/mno-hw-mul\libgcc.a(_pack_df.o)
                0x0100a528                __pack_d
 .text          0x0100a83c      0x138 c:/altera/13.0/nios2eds/bin/gnu/h-i686-mingw32/bin/../lib/gcc/nios2-elf/4.1.2/mno-hw-mul\libgcc.a(_unpack_df.o)
                0x0100a83c                __unpack_d
 .text          0x0100a974       0xc8 c:/altera/13.0/nios2eds/bin/gnu/h-i686-mingw32/bin/../lib/gcc/nios2-elf/4.1.2/mno-hw-mul\libgcc.a(_fpcmp_parts_df.o)
                0x0100a974                __fpcmp_parts_d
 .text          0x0100aa3c      0x160 ../github_Module1_bsp/\libhal_bsp.a(alt_close.o)
                0x0100aa3c                close
 .text          0x0100ab9c       0x2c ../github_Module1_bsp/\libhal_bsp.a(alt_dev.o)
 .text          0x0100abc8        0x0 ../github_Module1_bsp/\libhal_bsp.a(alt_errno.o)
 .text          0x0100abc8      0x138 ../github_Module1_bsp/\libhal_bsp.a(alt_fstat.o)
                0x0100abc8                fstat
 .text          0x0100ad00      0x21c ../github_Module1_bsp/\libhal_bsp.a(alt_gettod.o)
                0x0100ad00                gettimeofday
 .text          0x0100af1c      0x124 ../github_Module1_bsp/\libhal_bsp.a(alt_isatty.o)
                0x0100af1c                isatty
 .text          0x0100b040       0xec ../github_Module1_bsp/\libhal_bsp.a(alt_load.o)
                0x0100b040                alt_load
 .text          0x0100b12c      0x154 ../github_Module1_bsp/\libhal_bsp.a(alt_lseek.o)
                0x0100b12c                lseek
 .text          0x0100b280       0x6c ../github_Module1_bsp/\libhal_bsp.a(alt_main.o)
                0x0100b280                alt_main
 .text          0x0100b2ec       0x40 ../github_Module1_bsp/\libhal_bsp.a(alt_malloc_lock.o)
                0x0100b2ec                __malloc_lock
                0x0100b30c                __malloc_unlock
 .text          0x0100b32c      0x184 ../github_Module1_bsp/\libhal_bsp.a(alt_read.o)
                0x0100b32c                read
 .text          0x0100b4b0       0x78 ../github_Module1_bsp/\libhal_bsp.a(alt_release_fd.o)
                0x0100b4b0                alt_release_fd
 .text          0x0100b528       0xbc ../github_Module1_bsp/\libhal_bsp.a(alt_sbrk.o)
                0x0100b528                sbrk
 .text          0x0100b5e4      0x1a4 ../github_Module1_bsp/\libhal_bsp.a(alt_tick.o)
                0x0100b5e4                alt_alarm_stop
                0x0100b67c                alt_tick
 .text          0x0100b788      0x184 ../github_Module1_bsp/\libhal_bsp.a(alt_write.o)
                0x0100b788                write
 .text          0x0100b90c      0x3cc ../github_Module1_bsp/\libhal_bsp.a(alt_sys_init.o)
                0x0100b90c                alt_irq_init
                0x0100b940                alt_sys_init
 .text          0x0100bcd8     0x461c ../github_Module1_bsp/\libhal_bsp.a(Altera_UP_SD_Card_Avalon_Interface.o)
                0x0100bcd8                Write_Sector_Data
                0x0100bda0                Save_Modified_Sector
                0x0100bdf0                Read_Sector_Data
                0x0100beec                get_cluster_flag
                0x0100bfa4                mark_cluster
                0x0100c088                Check_for_Master_Boot_Record
                0x0100c238                Read_File_Record_At_Offset
                0x0100c4bc                Write_File_Record_At_Offset
                0x0100c774                Check_for_DOS_FAT
                0x0100cdbc                Look_for_FAT16
                0x0100cec0                filename_to_upper_case
                0x0100cf90                check_file_name_for_FAT16_compliance
                0x0100d220                get_dir_divider_location
                0x0100d2e0                match_file_record_to_name_ext
                0x0100d5cc                get_home_directory_cluster_for_file
                0x0100dae0                find_file_in_directory
                0x0100df44                find_first_empty_cluster
                0x0100e0e8                find_first_empty_record_in_a_subdirectory
                0x0100e334                find_first_empty_record_in_root_directory
                0x0100e460                convert_filename_to_name_extension
                0x0100e618                create_file
                0x0100e8f4                copy_file_record_name_to_string
                0x0100ea48                alt_up_sd_card_open_dev
                0x0100eb0c                alt_up_sd_card_is_Present
                0x0100ebd4                alt_up_sd_card_is_FAT16
                0x0100ec48                alt_up_sd_card_find_first
                0x0100ed1c                alt_up_sd_card_find_next
                0x0100f0cc                alt_up_sd_card_fopen
                0x0100f474                alt_up_sd_card_set_attributes
                0x0100f504                alt_up_sd_card_get_attributes
                0x0100f590                alt_up_sd_card_read
                0x0100f92c                alt_up_sd_card_write
                0x0100ff68                alt_up_sd_card_fclose
                0x01010168                Read_Sector_Data_CRC
                0x01010264                Read_Sector_Data_Attempt_CRC
 .text          0x010102f4      0x148 ../github_Module1_bsp/\libhal_bsp.a(altera_avalon_jtag_uart_fd.o)
                0x010102f4                altera_avalon_jtag_uart_read_fd
                0x0101034c                altera_avalon_jtag_uart_write_fd
                0x010103a4                altera_avalon_jtag_uart_close_fd
                0x010103ec                altera_avalon_jtag_uart_ioctl_fd
 .text          0x0101043c      0x408 ../github_Module1_bsp/\libhal_bsp.a(altera_avalon_jtag_uart_init.o)
                0x0101043c                altera_avalon_jtag_uart_init
                0x010107d0                altera_avalon_jtag_uart_close
 .text          0x01010844       0xf4 ../github_Module1_bsp/\libhal_bsp.a(altera_avalon_jtag_uart_ioctl.o)
                0x01010844                altera_avalon_jtag_uart_ioctl
 .text          0x01010938      0x224 ../github_Module1_bsp/\libhal_bsp.a(altera_avalon_jtag_uart_read.o)
                0x01010938                altera_avalon_jtag_uart_read
 .text          0x01010b5c      0x240 ../github_Module1_bsp/\libhal_bsp.a(altera_avalon_jtag_uart_write.o)
                0x01010b5c                altera_avalon_jtag_uart_write
 .text          0x01010d9c       0xfc ../github_Module1_bsp/\libhal_bsp.a(altera_avalon_timer_sc.o)
                0x01010e10                alt_avalon_timer_sc_init
 .text          0x01010e98      0x80c ../github_Module1_bsp/\libhal_bsp.a(altera_up_avalon_audio.o)
                0x01010e98                alt_up_audio_open_dev
                0x01010ed8                alt_up_audio_enable_read_interrupt
                0x01010f24                alt_up_audio_disable_read_interrupt
                0x01010f74                alt_up_audio_enable_write_interrupt
                0x01010fc0                alt_up_audio_disable_write_interrupt
                0x01011010                alt_up_audio_read_interrupt_pending
                0x0101104c                alt_up_audio_write_interrupt_pending
                0x01011088                alt_up_audio_reset_audio_core
                0x01011110                alt_up_audio_read_fifo_avail
                0x01011180                alt_up_audio_record_r
                0x010111f0                alt_up_audio_record_l
                0x01011260                alt_up_audio_write_fifo_space
                0x010112d4                alt_up_audio_play_r
                0x01011344                alt_up_audio_play_l
                0x010113b4                alt_up_audio_read_fifo
                0x010114b8                alt_up_audio_write_fifo
                0x010115e4                alt_up_audio_read_fifo_head
                0x01011644                alt_up_audio_write_fifo_head
 .text          0x010116a4      0x788 ../github_Module1_bsp/\libhal_bsp.a(altera_up_avalon_audio_and_video_config.o)
                0x010116a4                alt_up_av_config_open_dev
                0x01011708                alt_up_av_config_write_data
                0x0101176c                alt_up_av_config_read_data
                0x010117f8                alt_up_av_config_reset
                0x01011830                alt_up_av_config_enable_interrupt
                0x01011868                alt_up_av_config_disable_interrupt
                0x01011898                alt_up_av_config_read_acknowledge
                0x01011900                alt_up_av_config_read_ready
                0x01011938                alt_up_av_config_write_audio_cfg_register
                0x010119e4                alt_up_av_config_read_video_cfg_register
                0x01011adc                alt_up_av_config_write_video_cfg_register
                0x01011bd4                alt_up_av_config_read_DC2_cfg_register
                0x01011c38                alt_up_av_config_write_DC2_cfg_register
                0x01011c9c                alt_up_av_config_read_D5M_cfg_register
                0x01011d00                alt_up_av_config_write_D5M_cfg_register
                0x01011d64                alt_up_av_config_read_LTM_cfg_register
                0x01011dc8                alt_up_av_config_write_LTM_cfg_register
 .text          0x01011e2c      0x530 ../github_Module1_bsp/\libhal_bsp.a(altera_up_avalon_character_lcd.o)
                0x01011e2c                get_DDRAM_addr
                0x01011ea8                alt_up_character_lcd_send_cmd
                0x01011edc                alt_up_character_lcd_init
                0x01011f10                alt_up_character_lcd_open_dev
                0x01011f50                alt_up_character_lcd_write
                0x01011fc8                alt_up_character_lcd_string
                0x01012040                alt_up_character_lcd_write_fd
                0x0101208c                alt_up_character_lcd_set_cursor_pos
                0x01012104                alt_up_character_lcd_shift_cursor
                0x010121b4                alt_up_character_lcd_shift_display
                0x01012264                alt_up_character_lcd_erase_pos
                0x010122f4                alt_up_character_lcd_cursor_off
                0x01012328                alt_up_character_lcd_cursor_blink_on
 .text          0x0101235c      0x700 ../github_Module1_bsp/\libhal_bsp.a(altera_up_avalon_ps2.o)
                0x0101235c                read_RI_bit
                0x01012390                read_RE_bit
                0x010123c0                read_CE_bit
                0x010123f4                read_num_bytes_available
                0x01012428                read_data_valid
                0x0101245c                read_data_byte
                0x01012488                alt_up_ps2_init
                0x01012554                alt_up_ps2_enable_read_interrupt
                0x010125a8                alt_up_ps2_disable_read_interrupt
                0x01012600                alt_up_ps2_write_data_byte
                0x01012678                alt_up_ps2_wait_for_ack
                0x010126e8                alt_up_ps2_write_data_byte_with_ack
                0x01012754                alt_up_ps2_read_data_byte_timeout
                0x01012804                alt_up_ps2_read_data_byte
                0x01012880                alt_up_ps2_clear_fifo
                0x010128d8                alt_up_ps2_read_fd
                0x01012974                alt_up_ps2_write_fd
                0x01012a1c                alt_up_ps2_open_dev
 .text          0x01012a5c      0x304 ../github_Module1_bsp/\libhal_bsp.a(altera_up_avalon_video_character_buffer_with_dma.o)
                0x01012a5c                alt_up_char_buffer_init
                0x01012ae0                alt_up_char_buffer_open_dev
                0x01012b20                alt_up_char_buffer_draw
                0x01012bf0                alt_up_char_buffer_string
                0x01012d04                alt_up_char_buffer_clear
 .text          0x01012d60     0x15a0 ../github_Module1_bsp/\libhal_bsp.a(altera_up_avalon_video_pixel_buffer_dma.o)
                0x01012d60                alt_up_pixel_buffer_dma_open_dev
                0x01012da0                alt_up_pixel_buffer_dma_draw
                0x01012f4c                alt_up_pixel_buffer_dma_change_back_buffer_address
                0x01012fa4                alt_up_pixel_buffer_dma_swap_buffers
                0x01012ffc                alt_up_pixel_buffer_dma_check_swap_buffers_status
                0x01013030                alt_up_pixel_buffer_dma_clear_screen
                0x0101319c                alt_up_pixel_buffer_dma_draw_box
                0x01013698                alt_up_pixel_buffer_dma_draw_hline
                0x010139f0                alt_up_pixel_buffer_dma_draw_vline
                0x01013dc8                alt_up_pixel_buffer_dma_draw_rectangle
                0x01013e8c                helper_plot_pixel
                0x01013f64                alt_up_pixel_buffer_dma_draw_line
 .text          0x01014300      0x5e0 ../github_Module1_bsp/\libhal_bsp.a(altera_up_ps2_keyboard.o)
                0x01014300                get_multi_byte_make_code_index
                0x01014378                get_single_byte_make_code_index
                0x010143f0                get_next_state
                0x0101464c                decode_scancode
                0x010146f8                set_keyboard_rate
                0x01014758                translate_make_code
                0x01014860                reset_keyboard
 .text          0x010148e0      0x154 ../github_Module1_bsp/\libhal_bsp.a(alt_alarm_start.o)
                0x010148e0                alt_alarm_start
 .text          0x01014a34       0x1c ../github_Module1_bsp/\libhal_bsp.a(alt_dcache_flush_all.o)
                0x01014a34                alt_dcache_flush_all
 .text          0x01014a50      0x114 ../github_Module1_bsp/\libhal_bsp.a(alt_dev_llist_insert.o)
                0x01014a50                alt_dev_llist_insert
 .text          0x01014b64       0x64 ../github_Module1_bsp/\libhal_bsp.a(alt_do_ctors.o)
                0x01014b64                _do_ctors
 .text          0x01014bc8       0x64 ../github_Module1_bsp/\libhal_bsp.a(alt_do_dtors.o)
                0x01014bc8                _do_dtors
 .text          0x01014c2c       0x94 ../github_Module1_bsp/\libhal_bsp.a(alt_find_dev.o)
                0x01014c2c                alt_find_dev
 .text          0x01014cc0       0x1c ../github_Module1_bsp/\libhal_bsp.a(alt_icache_flush_all.o)
                0x01014cc0                alt_icache_flush_all
 .text          0x01014cdc      0x150 ../github_Module1_bsp/\libhal_bsp.a(alt_io_redirect.o)
                0x01014db4                alt_io_redirect
 .text          0x01014e2c      0x1c0 ../github_Module1_bsp/\libhal_bsp.a(alt_irq_register.o)
                0x01014e2c                alt_irq_register
 .text          0x01014fec        0x0 ../github_Module1_bsp/\libhal_bsp.a(alt_irq_vars.o)
 .text          0x01014fec      0x2e4 ../github_Module1_bsp/\libhal_bsp.a(alt_open.o)
                0x010150e4                open
 .text          0x010152d0       0x20 ../github_Module1_bsp/\libhal_bsp.a(altera_nios2_qsys_irq.o)
                0x010152d0                altera_nios2_qsys_irq_init
 .text          0x010152f0      0x120 ../github_Module1_bsp/\libhal_bsp.a(alt_find_file.o)
                0x010152f0                alt_find_file
 .text          0x01015410       0xd0 ../github_Module1_bsp/\libhal_bsp.a(alt_get_fd.o)
                0x01015410                alt_get_fd
 .text          0x010154e0        0x0 ../github_Module1_bsp/\libhal_bsp.a(alt_irq_entry.o)
 .text          0x010154e0        0x0 ../github_Module1_bsp/\libhal_bsp.a(alt_irq_handler.o)
 .text          0x010154e0        0x0 ../github_Module1_bsp/\libhal_bsp.a(alt_exception_entry.o)
 .text          0x010154e0       0x78 c:/altera/13.0/nios2eds/bin/gnu/h-i686-mingw32/bin/../lib/gcc/nios2-elf/4.1.2/../../../../nios2-elf/lib/mno-hw-mul\libc.a(lib_a-assert.o)
                0x010154e0                __assert_func
                0x01015544                __assert
 .text          0x01015558       0x14 c:/altera/13.0/nios2eds/bin/gnu/h-i686-mingw32/bin/../lib/gcc/nios2-elf/4.1.2/../../../../nios2-elf/lib/mno-hw-mul\libc.a(lib_a-atexit.o)
                0x01015558                atexit
 .text          0x0101556c       0x38 c:/altera/13.0/nios2eds/bin/gnu/h-i686-mingw32/bin/../lib/gcc/nios2-elf/4.1.2/../../../../nios2-elf/lib/mno-hw-mul\libc.a(lib_a-exit.o)
                0x0101556c                exit
 .text          0x010155a4       0x6c c:/altera/13.0/nios2eds/bin/gnu/h-i686-mingw32/bin/../lib/gcc/nios2-elf/4.1.2/../../../../nios2-elf/lib/mno-hw-mul\libc.a(lib_a-fiprintf.o)
                0x010155a4                fiprintf
                0x010155e8                _fiprintf_r
 .text          0x01015610       0x74 c:/altera/13.0/nios2eds/bin/gnu/h-i686-mingw32/bin/../lib/gcc/nios2-elf/4.1.2/../../../../nios2-elf/lib/mno-hw-mul\libc.a(lib_a-memcmp.o)
                0x01015610                memcmp
 .text          0x01015684       0x8c c:/altera/13.0/nios2eds/bin/gnu/h-i686-mingw32/bin/../lib/gcc/nios2-elf/4.1.2/../../../../nios2-elf/lib/mno-hw-mul\libc.a(lib_a-strcpy.o)
                0x01015684                strcpy
 .text          0x01015710       0x1c c:/altera/13.0/nios2eds/bin/gnu/h-i686-mingw32/bin/../lib/gcc/nios2-elf/4.1.2/../../../../nios2-elf/lib/mno-hw-mul\libc.a(lib_a-vfiprintfr_1.o)
                0x01015710                _vfiprintf_r
 .text          0x0101572c      0x134 c:/altera/13.0/nios2eds/bin/gnu/h-i686-mingw32/bin/../lib/gcc/nios2-elf/4.1.2/../../../../nios2-elf/lib/mno-hw-mul\libc.a(lib_a-__atexit.o)
                0x0101572c                __register_exitproc
 .text          0x01015860      0x1b4 c:/altera/13.0/nios2eds/bin/gnu/h-i686-mingw32/bin/../lib/gcc/nios2-elf/4.1.2/../../../../nios2-elf/lib/mno-hw-mul\libc.a(lib_a-__call_atexit.o)
                0x01015864                __call_exitprocs
 .text          0x01015a14       0x18 c:/altera/13.0/nios2eds/bin/gnu/h-i686-mingw32/bin/../lib/gcc/nios2-elf/4.1.2/../../../../nios2-elf/lib/mno-hw-mul\libc.a(lib_a-abort.o)
                0x01015a14                abort
 .text          0x01015a2c      0x2d8 c:/altera/13.0/nios2eds/bin/gnu/h-i686-mingw32/bin/../lib/gcc/nios2-elf/4.1.2/../../../../nios2-elf/lib/mno-hw-mul\libc.a(lib_a-signal.o)
                0x01015a2c                _raise_r
                0x01015af8                raise
                0x01015b0c                _init_signal_r
                0x01015b70                _init_signal
                0x01015b80                __sigtramp_r
                0x01015c34                __sigtramp
                0x01015c48                _signal_r
                0x01015ce8                signal
 .text          0x01015d04       0x78 c:/altera/13.0/nios2eds/bin/gnu/h-i686-mingw32/bin/../lib/gcc/nios2-elf/4.1.2/../../../../nios2-elf/lib/mno-hw-mul\libc.a(lib_a-signalr.o)
                0x01015d04                _getpid_r
                0x01015d08                _kill_r
 .text          0x01015d7c     0x113c c:/altera/13.0/nios2eds/bin/gnu/h-i686-mingw32/bin/../lib/gcc/nios2-elf/4.1.2/../../../../nios2-elf/lib/mno-hw-mul\libc.a(lib_a-vfiprintf.o)
                0x01015dd4                ___vfiprintf_internal_r
                0x01016e94                __vfiprintf_internal
 .text          0x01016eb8       0x60 ../github_Module1_bsp/\libhal_bsp.a(alt_exit.o)
                0x01016ef8                _exit
 .text          0x01016f18       0x20 ../github_Module1_bsp/\libhal_bsp.a(alt_getpid.o)
                0x01016f18                getpid
 .text          0x01016f38      0x1a0 ../github_Module1_bsp/\libhal_bsp.a(alt_kill.o)
                0x01016f38                kill
 *(.gnu.warning.*)
 *(.fini)
                0x010170d8                PROVIDE (__etext, ABSOLUTE (.))
                0x010170d8                PROVIDE (_etext, ABSOLUTE (.))
                0x010170d8                PROVIDE (etext, ABSOLUTE (.))
 *(.eh_frame_hdr)
                0x010170d8                . = ALIGN (0x4)
                0x010170d8                PROVIDE (__preinit_array_start, ABSOLUTE (.))
 *(.preinit_array)
                0x010170d8                PROVIDE (__preinit_array_end, ABSOLUTE (.))
                0x010170d8                PROVIDE (__init_array_start, ABSOLUTE (.))
 *(.init_array)
                0x010170d8                PROVIDE (__init_array_end, ABSOLUTE (.))
                0x010170d8                PROVIDE (__fini_array_start, ABSOLUTE (.))
 *(.fini_array)
                0x010170d8                PROVIDE (__fini_array_end, ABSOLUTE (.))
 *(.eh_frame)
 *(.gcc_except_table)
 *(.dynamic)
                0x010170d8                PROVIDE (__CTOR_LIST__, ABSOLUTE (.))
 *(.ctors)
 *(SORT(.ctors.*))
 .ctors.65535   0x010170d8        0x4 c:/altera/13.0/nios2eds/bin/gnu/h-i686-mingw32/bin/../lib/gcc/nios2-elf/4.1.2/../../../../nios2-elf/lib/mno-hw-mul\libc.a(lib_a-__call_atexit.o)
                0x010170dc                PROVIDE (__CTOR_END__, ABSOLUTE (.))
                0x010170dc                PROVIDE (__DTOR_LIST__, ABSOLUTE (.))
 *(.dtors)
 *(SORT(.dtors.*))
                0x010170dc                PROVIDE (__DTOR_END__, ABSOLUTE (.))
 *(.jcr)
                0x010170dc                . = ALIGN (0x4)

.rodata         0x010170dc      0x864
                0x010170dc                PROVIDE (__ram_rodata_start, ABSOLUTE (.))
                0x010170dc                . = ALIGN (0x4)
 *(.rodata .rodata.* .gnu.linkonce.r.*)
 .rodata        0x010170dc      0x15c obj/default/moduleOne.o
 .rodata.str1.4
                0x01017238        0x2 c:/altera/13.0/nios2eds/bin/gnu/h-i686-mingw32/bin/../lib/gcc/nios2-elf/4.1.2/../../../../nios2-elf/lib/mno-hw-mul\libc.a(lib_a-impure.o)
                                  0x4 (size before relaxing)
 *fill*         0x0101723a        0x2 00
 .rodata.str1.4
                0x0101723c        0x2 c:/altera/13.0/nios2eds/bin/gnu/h-i686-mingw32/bin/../lib/gcc/nios2-elf/4.1.2/../../../../nios2-elf/lib/mno-hw-mul\libc.a(lib_a-puts.o)
                                  0x4 (size before relaxing)
 *fill*         0x0101723e        0x2 00
 .rodata.str1.4
                0x01017240       0x5e c:/altera/13.0/nios2eds/bin/gnu/h-i686-mingw32/bin/../lib/gcc/nios2-elf/4.1.2/../../../../nios2-elf/lib/mno-hw-mul\libc.a(lib_a-vfprintf.o)
                                 0x60 (size before relaxing)
 *fill*         0x0101729e        0x2 00
 .rodata        0x010172a0       0x20 c:/altera/13.0/nios2eds/bin/gnu/h-i686-mingw32/bin/../lib/gcc/nios2-elf/4.1.2/../../../../nios2-elf/lib/mno-hw-mul\libc.a(lib_a-vfprintf.o)
 .rodata.str1.4
                0x010172c0       0x10 c:/altera/13.0/nios2eds/bin/gnu/h-i686-mingw32/bin/../lib/gcc/nios2-elf/4.1.2/../../../../nios2-elf/lib/mno-hw-mul\libc.a(lib_a-dtoa.o)
                                 0x14 (size before relaxing)
 .rodata.str1.4
                0x010172d0        0xf c:/altera/13.0/nios2eds/bin/gnu/h-i686-mingw32/bin/../lib/gcc/nios2-elf/4.1.2/../../../../nios2-elf/lib/mno-hw-mul\libc.a(lib_a-locale.o)
                                 0x18 (size before relaxing)
 *fill*         0x010172df        0x1 00
 .rodata        0x010172e0       0x30 c:/altera/13.0/nios2eds/bin/gnu/h-i686-mingw32/bin/../lib/gcc/nios2-elf/4.1.2/../../../../nios2-elf/lib/mno-hw-mul\libc.a(lib_a-locale.o)
 .rodata        0x01017310      0x124 c:/altera/13.0/nios2eds/bin/gnu/h-i686-mingw32/bin/../lib/gcc/nios2-elf/4.1.2/../../../../nios2-elf/lib/mno-hw-mul\libc.a(lib_a-mprec.o)
                0x01017310                __mprec_tens
                0x010173d8                __mprec_bigtens
                0x01017400                __mprec_tinytens
 .rodata        0x01017434       0x14 c:/altera/13.0/nios2eds/bin/gnu/h-i686-mingw32/bin/../lib/gcc/nios2-elf/4.1.2/mno-hw-mul\libgcc.a(_thenan_df.o)
                0x01017434                __thenan_df
 .rodata        0x01017448      0x100 c:/altera/13.0/nios2eds/bin/gnu/h-i686-mingw32/bin/../lib/gcc/nios2-elf/4.1.2/mno-hw-mul\libgcc.a(_clz.o)
                0x01017448                __clz_tab
 .rodata        0x01017548        0xc ../github_Module1_bsp/\libhal_bsp.a(alt_dev.o)
 .rodata        0x01017554       0x14 ../github_Module1_bsp/\libhal_bsp.a(alt_main.o)
 .rodata        0x01017568       0xc0 ../github_Module1_bsp/\libhal_bsp.a(alt_sys_init.o)
 .rodata        0x01017628       0x60 ../github_Module1_bsp/\libhal_bsp.a(Altera_UP_SD_Card_Avalon_Interface.o)
 .rodata        0x01017688       0x1c ../github_Module1_bsp/\libhal_bsp.a(altera_up_avalon_video_character_buffer_with_dma.o)
 .rodata        0x010176a4      0x23c ../github_Module1_bsp/\libhal_bsp.a(altera_up_ps2_keyboard.o)
 .rodata.str1.4
                0x010178e0       0x40 c:/altera/13.0/nios2eds/bin/gnu/h-i686-mingw32/bin/../lib/gcc/nios2-elf/4.1.2/../../../../nios2-elf/lib/mno-hw-mul\libc.a(lib_a-assert.o)
                                 0x44 (size before relaxing)
 .rodata.str1.4
                0x00000000       0x4c c:/altera/13.0/nios2eds/bin/gnu/h-i686-mingw32/bin/../lib/gcc/nios2-elf/4.1.2/../../../../nios2-elf/lib/mno-hw-mul\libc.a(lib_a-vfiprintf.o)
 .rodata        0x01017920       0x20 c:/altera/13.0/nios2eds/bin/gnu/h-i686-mingw32/bin/../lib/gcc/nios2-elf/4.1.2/../../../../nios2-elf/lib/mno-hw-mul\libc.a(lib_a-vfiprintf.o)
 *(.rodata1)
                0x01017940                . = ALIGN (0x4)
                0x01017940                PROVIDE (__ram_rodata_end, ABSOLUTE (.))
                0x010170dc                PROVIDE (__flash_rodata_start, LOADADDR (.rodata))

.rwdata         0x01017940     0x1eb8 load address 0x010197f8
                0x01017940                PROVIDE (__ram_rwdata_start, ABSOLUTE (.))
                0x01017940                . = ALIGN (0x4)
 *(.got.plt)
 *(.got)
 *(.data1)
 *(.data .data.* .gnu.linkonce.d.*)
 .data          0x01017940        0x0 ../github_Module1_bsp//obj/HAL/src/crt0.o
 .data          0x01017940        0x0 obj/default/moduleOne.o
 .data          0x01017940        0x0 c:/altera/13.0/nios2eds/bin/gnu/h-i686-mingw32/bin/../lib/gcc/nios2-elf/4.1.2/mno-hw-mul\libgcc.a(lib2-divmod.o)
 .data          0x01017940        0x0 c:/altera/13.0/nios2eds/bin/gnu/h-i686-mingw32/bin/../lib/gcc/nios2-elf/4.1.2/../../../../nios2-elf/lib/mno-hw-mul\libc.a(lib_a-fwrite.o)
 .data          0x01017940      0x400 c:/altera/13.0/nios2eds/bin/gnu/h-i686-mingw32/bin/../lib/gcc/nios2-elf/4.1.2/../../../../nios2-elf/lib/mno-hw-mul\libc.a(lib_a-impure.o)
 .data          0x01017d40        0x0 c:/altera/13.0/nios2eds/bin/gnu/h-i686-mingw32/bin/../lib/gcc/nios2-elf/4.1.2/../../../../nios2-elf/lib/mno-hw-mul\libc.a(lib_a-printf.o)
 .data          0x01017d40        0x0 c:/altera/13.0/nios2eds/bin/gnu/h-i686-mingw32/bin/../lib/gcc/nios2-elf/4.1.2/../../../../nios2-elf/lib/mno-hw-mul\libc.a(lib_a-puts.o)
 .data          0x01017d40        0x0 c:/altera/13.0/nios2eds/bin/gnu/h-i686-mingw32/bin/../lib/gcc/nios2-elf/4.1.2/../../../../nios2-elf/lib/mno-hw-mul\libc.a(lib_a-rand.o)
 .data          0x01017d40        0x0 c:/altera/13.0/nios2eds/bin/gnu/h-i686-mingw32/bin/../lib/gcc/nios2-elf/4.1.2/../../../../nios2-elf/lib/mno-hw-mul\libc.a(lib_a-strlen.o)
 .data          0x01017d40        0x0 c:/altera/13.0/nios2eds/bin/gnu/h-i686-mingw32/bin/../lib/gcc/nios2-elf/4.1.2/../../../../nios2-elf/lib/mno-hw-mul\libc.a(lib_a-time.o)
 .data          0x01017d40        0x0 c:/altera/13.0/nios2eds/bin/gnu/h-i686-mingw32/bin/../lib/gcc/nios2-elf/4.1.2/../../../../nios2-elf/lib/mno-hw-mul\libc.a(lib_a-vfprintf.o)
 .data          0x01017d40        0x0 c:/altera/13.0/nios2eds/bin/gnu/h-i686-mingw32/bin/../lib/gcc/nios2-elf/4.1.2/../../../../nios2-elf/lib/mno-hw-mul\libc.a(lib_a-wsetup.o)
 .data          0x01017d40        0x0 c:/altera/13.0/nios2eds/bin/gnu/h-i686-mingw32/bin/../lib/gcc/nios2-elf/4.1.2/../../../../nios2-elf/lib/mno-hw-mul\libc.a(lib_a-dtoa.o)
 .data          0x01017d40        0x0 c:/altera/13.0/nios2eds/bin/gnu/h-i686-mingw32/bin/../lib/gcc/nios2-elf/4.1.2/../../../../nios2-elf/lib/mno-hw-mul\libc.a(lib_a-fflush.o)
 .data          0x01017d40        0x0 c:/altera/13.0/nios2eds/bin/gnu/h-i686-mingw32/bin/../lib/gcc/nios2-elf/4.1.2/../../../../nios2-elf/lib/mno-hw-mul\libc.a(lib_a-findfp.o)
 .data          0x01017d40        0x0 c:/altera/13.0/nios2eds/bin/gnu/h-i686-mingw32/bin/../lib/gcc/nios2-elf/4.1.2/../../../../nios2-elf/lib/mno-hw-mul\libc.a(lib_a-freer.o)
 .data          0x01017d40        0x0 c:/altera/13.0/nios2eds/bin/gnu/h-i686-mingw32/bin/../lib/gcc/nios2-elf/4.1.2/../../../../nios2-elf/lib/mno-hw-mul\libc.a(lib_a-fvwrite.o)
 .data          0x01017d40        0x0 c:/altera/13.0/nios2eds/bin/gnu/h-i686-mingw32/bin/../lib/gcc/nios2-elf/4.1.2/../../../../nios2-elf/lib/mno-hw-mul\libc.a(lib_a-fwalk.o)
 .data          0x01017d40        0x0 c:/altera/13.0/nios2eds/bin/gnu/h-i686-mingw32/bin/../lib/gcc/nios2-elf/4.1.2/../../../../nios2-elf/lib/mno-hw-mul\libc.a(lib_a-gettimeofdayr.o)
 .data          0x01017d40        0x0 c:/altera/13.0/nios2eds/bin/gnu/h-i686-mingw32/bin/../lib/gcc/nios2-elf/4.1.2/../../../../nios2-elf/lib/mno-hw-mul\libc.a(lib_a-int_errno.o)
 .data          0x01017d40        0xc c:/altera/13.0/nios2eds/bin/gnu/h-i686-mingw32/bin/../lib/gcc/nios2-elf/4.1.2/../../../../nios2-elf/lib/mno-hw-mul\libc.a(lib_a-locale.o)
                0x01017d40                __lc_ctype
 .data          0x01017d4c        0x0 c:/altera/13.0/nios2eds/bin/gnu/h-i686-mingw32/bin/../lib/gcc/nios2-elf/4.1.2/../../../../nios2-elf/lib/mno-hw-mul\libc.a(lib_a-makebuf.o)
 .data          0x01017d4c      0x408 c:/altera/13.0/nios2eds/bin/gnu/h-i686-mingw32/bin/../lib/gcc/nios2-elf/4.1.2/../../../../nios2-elf/lib/mno-hw-mul\libc.a(lib_a-mallocr.o)
                0x01017d4c                __malloc_av_
 .data          0x01018154        0x0 c:/altera/13.0/nios2eds/bin/gnu/h-i686-mingw32/bin/../lib/gcc/nios2-elf/4.1.2/../../../../nios2-elf/lib/mno-hw-mul\libc.a(lib_a-memchr.o)
 .data          0x01018154        0x0 c:/altera/13.0/nios2eds/bin/gnu/h-i686-mingw32/bin/../lib/gcc/nios2-elf/4.1.2/../../../../nios2-elf/lib/mno-hw-mul\libc.a(lib_a-memcpy.o)
 .data          0x01018154        0x0 c:/altera/13.0/nios2eds/bin/gnu/h-i686-mingw32/bin/../lib/gcc/nios2-elf/4.1.2/../../../../nios2-elf/lib/mno-hw-mul\libc.a(lib_a-memmove.o)
 .data          0x01018154        0x0 c:/altera/13.0/nios2eds/bin/gnu/h-i686-mingw32/bin/../lib/gcc/nios2-elf/4.1.2/../../../../nios2-elf/lib/mno-hw-mul\libc.a(lib_a-memset.o)
 .data          0x01018154        0x0 c:/altera/13.0/nios2eds/bin/gnu/h-i686-mingw32/bin/../lib/gcc/nios2-elf/4.1.2/../../../../nios2-elf/lib/mno-hw-mul\libc.a(lib_a-mprec.o)
 .data          0x01018154        0x0 c:/altera/13.0/nios2eds/bin/gnu/h-i686-mingw32/bin/../lib/gcc/nios2-elf/4.1.2/../../../../nios2-elf/lib/mno-hw-mul\libc.a(lib_a-reallocr.o)
 .data          0x01018154        0x0 c:/altera/13.0/nios2eds/bin/gnu/h-i686-mingw32/bin/../lib/gcc/nios2-elf/4.1.2/../../../../nios2-elf/lib/mno-hw-mul\libc.a(lib_a-s_isinfd.o)
 .data          0x01018154        0x0 c:/altera/13.0/nios2eds/bin/gnu/h-i686-mingw32/bin/../lib/gcc/nios2-elf/4.1.2/../../../../nios2-elf/lib/mno-hw-mul\libc.a(lib_a-s_isnand.o)
 .data          0x01018154        0x0 c:/altera/13.0/nios2eds/bin/gnu/h-i686-mingw32/bin/../lib/gcc/nios2-elf/4.1.2/../../../../nios2-elf/lib/mno-hw-mul\libc.a(lib_a-sbrkr.o)
 .data          0x01018154        0x0 c:/altera/13.0/nios2eds/bin/gnu/h-i686-mingw32/bin/../lib/gcc/nios2-elf/4.1.2/../../../../nios2-elf/lib/mno-hw-mul\libc.a(lib_a-stdio.o)
 .data          0x01018154        0x0 c:/altera/13.0/nios2eds/bin/gnu/h-i686-mingw32/bin/../lib/gcc/nios2-elf/4.1.2/../../../../nios2-elf/lib/mno-hw-mul\libc.a(lib_a-strcmp.o)
 .data          0x01018154        0x0 c:/altera/13.0/nios2eds/bin/gnu/h-i686-mingw32/bin/../lib/gcc/nios2-elf/4.1.2/../../../../nios2-elf/lib/mno-hw-mul\libc.a(lib_a-writer.o)
 .data          0x01018154        0x0 c:/altera/13.0/nios2eds/bin/gnu/h-i686-mingw32/bin/../lib/gcc/nios2-elf/4.1.2/../../../../nios2-elf/lib/mno-hw-mul\libc.a(lib_a-callocr.o)
 .data          0x01018154        0x0 c:/altera/13.0/nios2eds/bin/gnu/h-i686-mingw32/bin/../lib/gcc/nios2-elf/4.1.2/../../../../nios2-elf/lib/mno-hw-mul\libc.a(lib_a-closer.o)
 .data          0x01018154        0x0 c:/altera/13.0/nios2eds/bin/gnu/h-i686-mingw32/bin/../lib/gcc/nios2-elf/4.1.2/../../../../nios2-elf/lib/mno-hw-mul\libc.a(lib_a-fclose.o)
 .data          0x01018154        0x0 c:/altera/13.0/nios2eds/bin/gnu/h-i686-mingw32/bin/../lib/gcc/nios2-elf/4.1.2/../../../../nios2-elf/lib/mno-hw-mul\libc.a(lib_a-fstatr.o)
 .data          0x01018154        0x0 c:/altera/13.0/nios2eds/bin/gnu/h-i686-mingw32/bin/../lib/gcc/nios2-elf/4.1.2/../../../../nios2-elf/lib/mno-hw-mul\libc.a(lib_a-isattyr.o)
 .data          0x01018154        0x0 c:/altera/13.0/nios2eds/bin/gnu/h-i686-mingw32/bin/../lib/gcc/nios2-elf/4.1.2/../../../../nios2-elf/lib/mno-hw-mul\libc.a(lib_a-lseekr.o)
 .data          0x01018154        0x0 c:/altera/13.0/nios2eds/bin/gnu/h-i686-mingw32/bin/../lib/gcc/nios2-elf/4.1.2/../../../../nios2-elf/lib/mno-hw-mul\libc.a(lib_a-readr.o)
 .data          0x01018154        0x0 c:/altera/13.0/nios2eds/bin/gnu/h-i686-mingw32/bin/../lib/gcc/nios2-elf/4.1.2/mno-hw-mul\libgcc.a(_muldi3.o)
 .data          0x01018154        0x0 c:/altera/13.0/nios2eds/bin/gnu/h-i686-mingw32/bin/../lib/gcc/nios2-elf/4.1.2/mno-hw-mul\libgcc.a(_udivdi3.o)
 .data          0x01018154        0x0 c:/altera/13.0/nios2eds/bin/gnu/h-i686-mingw32/bin/../lib/gcc/nios2-elf/4.1.2/mno-hw-mul\libgcc.a(_umoddi3.o)
 .data          0x01018154        0x0 c:/altera/13.0/nios2eds/bin/gnu/h-i686-mingw32/bin/../lib/gcc/nios2-elf/4.1.2/mno-hw-mul\libgcc.a(_addsub_df.o)
 .data          0x01018154        0x0 c:/altera/13.0/nios2eds/bin/gnu/h-i686-mingw32/bin/../lib/gcc/nios2-elf/4.1.2/mno-hw-mul\libgcc.a(_mul_df.o)
 .data          0x01018154        0x0 c:/altera/13.0/nios2eds/bin/gnu/h-i686-mingw32/bin/../lib/gcc/nios2-elf/4.1.2/mno-hw-mul\libgcc.a(_div_df.o)
 .data          0x01018154        0x0 c:/altera/13.0/nios2eds/bin/gnu/h-i686-mingw32/bin/../lib/gcc/nios2-elf/4.1.2/mno-hw-mul\libgcc.a(_eq_df.o)
 .data          0x01018154        0x0 c:/altera/13.0/nios2eds/bin/gnu/h-i686-mingw32/bin/../lib/gcc/nios2-elf/4.1.2/mno-hw-mul\libgcc.a(_ne_df.o)
 .data          0x01018154        0x0 c:/altera/13.0/nios2eds/bin/gnu/h-i686-mingw32/bin/../lib/gcc/nios2-elf/4.1.2/mno-hw-mul\libgcc.a(_gt_df.o)
 .data          0x01018154        0x0 c:/altera/13.0/nios2eds/bin/gnu/h-i686-mingw32/bin/../lib/gcc/nios2-elf/4.1.2/mno-hw-mul\libgcc.a(_ge_df.o)
 .data          0x01018154        0x0 c:/altera/13.0/nios2eds/bin/gnu/h-i686-mingw32/bin/../lib/gcc/nios2-elf/4.1.2/mno-hw-mul\libgcc.a(_lt_df.o)
 .data          0x01018154        0x0 c:/altera/13.0/nios2eds/bin/gnu/h-i686-mingw32/bin/../lib/gcc/nios2-elf/4.1.2/mno-hw-mul\libgcc.a(_si_to_df.o)
 .data          0x01018154        0x0 c:/altera/13.0/nios2eds/bin/gnu/h-i686-mingw32/bin/../lib/gcc/nios2-elf/4.1.2/mno-hw-mul\libgcc.a(_df_to_si.o)
 .data          0x01018154        0x0 c:/altera/13.0/nios2eds/bin/gnu/h-i686-mingw32/bin/../lib/gcc/nios2-elf/4.1.2/mno-hw-mul\libgcc.a(_thenan_df.o)
 .data          0x01018154        0x0 c:/altera/13.0/nios2eds/bin/gnu/h-i686-mingw32/bin/../lib/gcc/nios2-elf/4.1.2/mno-hw-mul\libgcc.a(_usi_to_df.o)
 .data          0x01018154        0x0 c:/altera/13.0/nios2eds/bin/gnu/h-i686-mingw32/bin/../lib/gcc/nios2-elf/4.1.2/mno-hw-mul\libgcc.a(lib2-mul.o)
 .data          0x01018154        0x0 c:/altera/13.0/nios2eds/bin/gnu/h-i686-mingw32/bin/../lib/gcc/nios2-elf/4.1.2/mno-hw-mul\libgcc.a(_clz.o)
 .data          0x01018154        0x0 c:/altera/13.0/nios2eds/bin/gnu/h-i686-mingw32/bin/../lib/gcc/nios2-elf/4.1.2/mno-hw-mul\libgcc.a(_clzsi2.o)
 .data          0x01018154        0x0 c:/altera/13.0/nios2eds/bin/gnu/h-i686-mingw32/bin/../lib/gcc/nios2-elf/4.1.2/mno-hw-mul\libgcc.a(_pack_df.o)
 .data          0x01018154        0x0 c:/altera/13.0/nios2eds/bin/gnu/h-i686-mingw32/bin/../lib/gcc/nios2-elf/4.1.2/mno-hw-mul\libgcc.a(_unpack_df.o)
 .data          0x01018154        0x0 c:/altera/13.0/nios2eds/bin/gnu/h-i686-mingw32/bin/../lib/gcc/nios2-elf/4.1.2/mno-hw-mul\libgcc.a(_fpcmp_parts_df.o)
 .data          0x01018154        0x0 ../github_Module1_bsp/\libhal_bsp.a(alt_close.o)
 .data          0x01018154      0x1a8 ../github_Module1_bsp/\libhal_bsp.a(alt_dev.o)
                0x01018154                alt_dev_null
                0x0101817c                alt_fd_list
 .data          0x010182fc        0x0 ../github_Module1_bsp/\libhal_bsp.a(alt_errno.o)
 .data          0x010182fc        0x0 ../github_Module1_bsp/\libhal_bsp.a(alt_fstat.o)
 .data          0x010182fc        0x0 ../github_Module1_bsp/\libhal_bsp.a(alt_gettod.o)
 .data          0x010182fc        0x0 ../github_Module1_bsp/\libhal_bsp.a(alt_isatty.o)
 .data          0x010182fc        0x0 ../github_Module1_bsp/\libhal_bsp.a(alt_load.o)
 .data          0x010182fc        0x0 ../github_Module1_bsp/\libhal_bsp.a(alt_lseek.o)
 .data          0x010182fc        0x0 ../github_Module1_bsp/\libhal_bsp.a(alt_main.o)
 .data          0x010182fc        0x0 ../github_Module1_bsp/\libhal_bsp.a(alt_malloc_lock.o)
 .data          0x010182fc        0x0 ../github_Module1_bsp/\libhal_bsp.a(alt_read.o)
 .data          0x010182fc        0x0 ../github_Module1_bsp/\libhal_bsp.a(alt_release_fd.o)
 .data          0x010182fc        0x0 ../github_Module1_bsp/\libhal_bsp.a(alt_sbrk.o)
 .data          0x010182fc        0x0 ../github_Module1_bsp/\libhal_bsp.a(alt_tick.o)
 .data          0x010182fc        0x0 ../github_Module1_bsp/\libhal_bsp.a(alt_write.o)
 .data          0x010182fc     0x11ec ../github_Module1_bsp/\libhal_bsp.a(alt_sys_init.o)
 .data          0x010194e8        0x0 ../github_Module1_bsp/\libhal_bsp.a(Altera_UP_SD_Card_Avalon_Interface.o)
 .data          0x010194e8        0x0 ../github_Module1_bsp/\libhal_bsp.a(altera_avalon_jtag_uart_fd.o)
 .data          0x010194e8        0x0 ../github_Module1_bsp/\libhal_bsp.a(altera_avalon_jtag_uart_init.o)
 .data          0x010194e8        0x0 ../github_Module1_bsp/\libhal_bsp.a(altera_avalon_jtag_uart_ioctl.o)
 .data          0x010194e8        0x0 ../github_Module1_bsp/\libhal_bsp.a(altera_avalon_jtag_uart_read.o)
 .data          0x010194e8        0x0 ../github_Module1_bsp/\libhal_bsp.a(altera_avalon_jtag_uart_write.o)
 .data          0x010194e8        0x0 ../github_Module1_bsp/\libhal_bsp.a(altera_avalon_timer_sc.o)
 .data          0x010194e8        0x0 ../github_Module1_bsp/\libhal_bsp.a(altera_up_avalon_audio.o)
 .data          0x010194e8        0x0 ../github_Module1_bsp/\libhal_bsp.a(altera_up_avalon_audio_and_video_config.o)
 .data          0x010194e8        0x0 ../github_Module1_bsp/\libhal_bsp.a(altera_up_avalon_character_lcd.o)
 .data          0x010194e8        0x0 ../github_Module1_bsp/\libhal_bsp.a(altera_up_avalon_ps2.o)
 .data          0x010194e8        0x0 ../github_Module1_bsp/\libhal_bsp.a(altera_up_avalon_video_character_buffer_with_dma.o)
 .data          0x010194e8        0x0 ../github_Module1_bsp/\libhal_bsp.a(altera_up_avalon_video_pixel_buffer_dma.o)
 .data          0x010194e8      0x2d0 ../github_Module1_bsp/\libhal_bsp.a(altera_up_ps2_keyboard.o)
                0x010194e8                key_table
                0x01019680                ascii_codes
                0x010196e8                single_byte_make_code
                0x01019750                multi_byte_make_code
 .data          0x010197b8        0x0 ../github_Module1_bsp/\libhal_bsp.a(alt_alarm_start.o)
 .data          0x010197b8        0x0 ../github_Module1_bsp/\libhal_bsp.a(alt_dcache_flush_all.o)
 .data          0x010197b8        0x0 ../github_Module1_bsp/\libhal_bsp.a(alt_dev_llist_insert.o)
 .data          0x010197b8        0x0 ../github_Module1_bsp/\libhal_bsp.a(alt_do_ctors.o)
 .data          0x010197b8        0x0 ../github_Module1_bsp/\libhal_bsp.a(alt_do_dtors.o)
 .data          0x010197b8        0x0 ../github_Module1_bsp/\libhal_bsp.a(alt_find_dev.o)
 .data          0x010197b8        0x0 ../github_Module1_bsp/\libhal_bsp.a(alt_icache_flush_all.o)
 .data          0x010197b8        0x0 ../github_Module1_bsp/\libhal_bsp.a(alt_io_redirect.o)
 .data          0x010197b8        0x0 ../github_Module1_bsp/\libhal_bsp.a(alt_irq_register.o)
 .data          0x010197b8        0x0 ../github_Module1_bsp/\libhal_bsp.a(alt_irq_vars.o)
 .data          0x010197b8        0x0 ../github_Module1_bsp/\libhal_bsp.a(alt_open.o)
 .data          0x010197b8        0x0 ../github_Module1_bsp/\libhal_bsp.a(altera_nios2_qsys_irq.o)
 .data          0x010197b8        0x0 ../github_Module1_bsp/\libhal_bsp.a(alt_find_file.o)
 .data          0x010197b8        0x0 ../github_Module1_bsp/\libhal_bsp.a(alt_get_fd.o)
 .data          0x010197b8        0x0 ../github_Module1_bsp/\libhal_bsp.a(alt_irq_entry.o)
 .data          0x010197b8        0x0 ../github_Module1_bsp/\libhal_bsp.a(alt_irq_handler.o)
 .data          0x010197b8        0x0 ../github_Module1_bsp/\libhal_bsp.a(alt_exception_entry.o)
 .data          0x010197b8        0x0 c:/altera/13.0/nios2eds/bin/gnu/h-i686-mingw32/bin/../lib/gcc/nios2-elf/4.1.2/../../../../nios2-elf/lib/mno-hw-mul\libc.a(lib_a-assert.o)
 .data          0x010197b8        0x0 c:/altera/13.0/nios2eds/bin/gnu/h-i686-mingw32/bin/../lib/gcc/nios2-elf/4.1.2/../../../../nios2-elf/lib/mno-hw-mul\libc.a(lib_a-atexit.o)
 .data          0x010197b8        0x0 c:/altera/13.0/nios2eds/bin/gnu/h-i686-mingw32/bin/../lib/gcc/nios2-elf/4.1.2/../../../../nios2-elf/lib/mno-hw-mul\libc.a(lib_a-exit.o)
 .data          0x010197b8        0x0 c:/altera/13.0/nios2eds/bin/gnu/h-i686-mingw32/bin/../lib/gcc/nios2-elf/4.1.2/../../../../nios2-elf/lib/mno-hw-mul\libc.a(lib_a-fiprintf.o)
 .data          0x010197b8        0x0 c:/altera/13.0/nios2eds/bin/gnu/h-i686-mingw32/bin/../lib/gcc/nios2-elf/4.1.2/../../../../nios2-elf/lib/mno-hw-mul\libc.a(lib_a-memcmp.o)
 .data          0x010197b8        0x0 c:/altera/13.0/nios2eds/bin/gnu/h-i686-mingw32/bin/../lib/gcc/nios2-elf/4.1.2/../../../../nios2-elf/lib/mno-hw-mul\libc.a(lib_a-strcpy.o)
 .data          0x010197b8        0x0 c:/altera/13.0/nios2eds/bin/gnu/h-i686-mingw32/bin/../lib/gcc/nios2-elf/4.1.2/../../../../nios2-elf/lib/mno-hw-mul\libc.a(lib_a-vfiprintfr_1.o)
 .data          0x010197b8        0x0 c:/altera/13.0/nios2eds/bin/gnu/h-i686-mingw32/bin/../lib/gcc/nios2-elf/4.1.2/../../../../nios2-elf/lib/mno-hw-mul\libc.a(lib_a-__atexit.o)
 .data          0x010197b8        0x0 c:/altera/13.0/nios2eds/bin/gnu/h-i686-mingw32/bin/../lib/gcc/nios2-elf/4.1.2/../../../../nios2-elf/lib/mno-hw-mul\libc.a(lib_a-__call_atexit.o)
 .data          0x010197b8        0x0 c:/altera/13.0/nios2eds/bin/gnu/h-i686-mingw32/bin/../lib/gcc/nios2-elf/4.1.2/../../../../nios2-elf/lib/mno-hw-mul\libc.a(lib_a-abort.o)
 .data          0x010197b8        0x0 c:/altera/13.0/nios2eds/bin/gnu/h-i686-mingw32/bin/../lib/gcc/nios2-elf/4.1.2/../../../../nios2-elf/lib/mno-hw-mul\libc.a(lib_a-signal.o)
 .data          0x010197b8        0x0 c:/altera/13.0/nios2eds/bin/gnu/h-i686-mingw32/bin/../lib/gcc/nios2-elf/4.1.2/../../../../nios2-elf/lib/mno-hw-mul\libc.a(lib_a-signalr.o)
 .data          0x010197b8        0x0 c:/altera/13.0/nios2eds/bin/gnu/h-i686-mingw32/bin/../lib/gcc/nios2-elf/4.1.2/../../../../nios2-elf/lib/mno-hw-mul\libc.a(lib_a-vfiprintf.o)
 .data          0x010197b8        0x0 ../github_Module1_bsp/\libhal_bsp.a(alt_exit.o)
 .data          0x010197b8        0x0 ../github_Module1_bsp/\libhal_bsp.a(alt_getpid.o)
 .data          0x010197b8        0x0 ../github_Module1_bsp/\libhal_bsp.a(alt_kill.o)
                0x010217b8                _gp = ABSOLUTE ((. + 0x8000))
                0x010217b8                PROVIDE (gp, _gp)
 *(.rwdata .rwdata.*)
 *(.sdata .sdata.* .gnu.linkonce.s.*)
 .sdata         0x010197b8        0x8 c:/altera/13.0/nios2eds/bin/gnu/h-i686-mingw32/bin/../lib/gcc/nios2-elf/4.1.2/../../../../nios2-elf/lib/mno-hw-mul\libc.a(lib_a-impure.o)
                0x010197b8                _impure_ptr
                0x010197bc                _global_impure_ptr
 .sdata         0x010197c0        0x8 c:/altera/13.0/nios2eds/bin/gnu/h-i686-mingw32/bin/../lib/gcc/nios2-elf/4.1.2/../../../../nios2-elf/lib/mno-hw-mul\libc.a(lib_a-locale.o)
                0x010197c0                __mb_cur_max
 .sdata         0x010197c8        0x8 c:/altera/13.0/nios2eds/bin/gnu/h-i686-mingw32/bin/../lib/gcc/nios2-elf/4.1.2/../../../../nios2-elf/lib/mno-hw-mul\libc.a(lib_a-mallocr.o)
                0x010197c8                __malloc_trim_threshold
                0x010197cc                __malloc_sbrk_base
 .sdata         0x010197d0       0x14 ../github_Module1_bsp/\libhal_bsp.a(alt_dev.o)
                0x010197d0                alt_fs_list
                0x010197d8                alt_dev_list
                0x010197e0                alt_max_fd
 .sdata         0x010197e4        0x4 ../github_Module1_bsp/\libhal_bsp.a(alt_errno.o)
                0x010197e4                alt_errno
 .sdata         0x010197e8        0x4 ../github_Module1_bsp/\libhal_bsp.a(alt_sbrk.o)
 .sdata         0x010197ec        0x8 ../github_Module1_bsp/\libhal_bsp.a(alt_tick.o)
                0x010197ec                alt_alarm_list
 .sdata         0x010197f4        0x4 ../github_Module1_bsp/\libhal_bsp.a(alt_irq_vars.o)
                0x010197f4                alt_priority_mask
 *(.sdata2 .sdata2.* .gnu.linkonce.s2.*)
                0x010197f8                . = ALIGN (0x4)
                0x010197f8                _edata = ABSOLUTE (.)
                0x010197f8                PROVIDE (edata, ABSOLUTE (.))
                0x010197f8                PROVIDE (__ram_rwdata_end, ABSOLUTE (.))
                0x010197f8                PROVIDE (__flash_rwdata_start, LOADADDR (.rwdata))

.bss            0x0101b6b0      0x9f0
                0x0101b6b0                __bss_start = ABSOLUTE (.)
                0x0101b6b0                PROVIDE (__sbss_start, ABSOLUTE (.))
                0x0101b6b0                PROVIDE (___sbss_start, ABSOLUTE (.))
 *(.dynsbss)
 *(.sbss .sbss.* .gnu.linkonce.sb.*)
 .sbss          0x0101b6b0        0x4 c:/altera/13.0/nios2eds/bin/gnu/h-i686-mingw32/bin/../lib/gcc/nios2-elf/4.1.2/../../../../nios2-elf/lib/mno-hw-mul\libc.a(lib_a-int_errno.o)
                0x0101b6b0                errno
 .sbss          0x0101b6b4        0xc c:/altera/13.0/nios2eds/bin/gnu/h-i686-mingw32/bin/../lib/gcc/nios2-elf/4.1.2/../../../../nios2-elf/lib/mno-hw-mul\libc.a(lib_a-locale.o)
                0x0101b6b4                __nlocale_changed
                0x0101b6b8                __mlocale_changed
                0x0101b6bc                _PathLocale
 .sbss          0x0101b6c0        0xc c:/altera/13.0/nios2eds/bin/gnu/h-i686-mingw32/bin/../lib/gcc/nios2-elf/4.1.2/../../../../nios2-elf/lib/mno-hw-mul\libc.a(lib_a-mallocr.o)
                0x0101b6c0                __malloc_top_pad
                0x0101b6c4                __malloc_max_sbrked_mem
                0x0101b6c8                __malloc_max_total_mem
 .sbss          0x0101b6cc       0x10 ../github_Module1_bsp/\libhal_bsp.a(alt_gettod.o)
                0x0101b6cc                alt_timezone
                0x0101b6d4                alt_resettime
 .sbss          0x0101b6dc        0xc ../github_Module1_bsp/\libhal_bsp.a(alt_main.o)
                0x0101b6dc                alt_argc
                0x0101b6e0                alt_argv
                0x0101b6e4                alt_envp
 .sbss          0x0101b6e8        0x8 ../github_Module1_bsp/\libhal_bsp.a(alt_tick.o)
                0x0101b6e8                _alt_tick_rate
                0x0101b6ec                _alt_nticks
 .sbss          0x0101b6f0       0x34 ../github_Module1_bsp/\libhal_bsp.a(Altera_UP_SD_Card_Avalon_Interface.o)
                0x0101b6f0                initialized
                0x0101b6f4                is_sd_card_formated_as_FAT16
                0x0101b6f8                aux_status_register
                0x0101b6fc                status_register
                0x0101b700                CSD_register_w0
                0x0101b704                command_register
                0x0101b708                command_argument_register
                0x0101b70c                buffer_memory
                0x0101b710                fat_partition_offset_in_512_byte_sectors
                0x0101b714                fat_partition_size_in_512_byte_sectors
                0x0101b718                device_pointer
                0x0101b71c                current_sector_modified
                0x0101b720                current_sector_index
 .sbss          0x0101b724        0x4 ../github_Module1_bsp/\libhal_bsp.a(alt_irq_vars.o)
                0x0101b724                alt_irq_active
 *(.sbss2 .sbss2.* .gnu.linkonce.sb2.*)
 *(.scommon)
                0x0101b728                PROVIDE (__sbss_end, ABSOLUTE (.))
                0x0101b728                PROVIDE (___sbss_end, ABSOLUTE (.))
 *(.dynbss)
 *(.bss .bss.* .gnu.linkonce.b.*)
 .bss           0x0101b728        0x0 ../github_Module1_bsp//obj/HAL/src/crt0.o
 .bss           0x0101b728        0x0 obj/default/moduleOne.o
 .bss           0x0101b728        0x0 c:/altera/13.0/nios2eds/bin/gnu/h-i686-mingw32/bin/../lib/gcc/nios2-elf/4.1.2/mno-hw-mul\libgcc.a(lib2-divmod.o)
 .bss           0x0101b728        0x0 c:/altera/13.0/nios2eds/bin/gnu/h-i686-mingw32/bin/../lib/gcc/nios2-elf/4.1.2/../../../../nios2-elf/lib/mno-hw-mul\libc.a(lib_a-fwrite.o)
 .bss           0x0101b728        0x0 c:/altera/13.0/nios2eds/bin/gnu/h-i686-mingw32/bin/../lib/gcc/nios2-elf/4.1.2/../../../../nios2-elf/lib/mno-hw-mul\libc.a(lib_a-impure.o)
 .bss           0x0101b728        0x0 c:/altera/13.0/nios2eds/bin/gnu/h-i686-mingw32/bin/../lib/gcc/nios2-elf/4.1.2/../../../../nios2-elf/lib/mno-hw-mul\libc.a(lib_a-printf.o)
 .bss           0x0101b728        0x0 c:/altera/13.0/nios2eds/bin/gnu/h-i686-mingw32/bin/../lib/gcc/nios2-elf/4.1.2/../../../../nios2-elf/lib/mno-hw-mul\libc.a(lib_a-puts.o)
 .bss           0x0101b728        0x0 c:/altera/13.0/nios2eds/bin/gnu/h-i686-mingw32/bin/../lib/gcc/nios2-elf/4.1.2/../../../../nios2-elf/lib/mno-hw-mul\libc.a(lib_a-rand.o)
 .bss           0x0101b728        0x0 c:/altera/13.0/nios2eds/bin/gnu/h-i686-mingw32/bin/../lib/gcc/nios2-elf/4.1.2/../../../../nios2-elf/lib/mno-hw-mul\libc.a(lib_a-strlen.o)
 .bss           0x0101b728        0x0 c:/altera/13.0/nios2eds/bin/gnu/h-i686-mingw32/bin/../lib/gcc/nios2-elf/4.1.2/../../../../nios2-elf/lib/mno-hw-mul\libc.a(lib_a-time.o)
 .bss           0x0101b728        0x0 c:/altera/13.0/nios2eds/bin/gnu/h-i686-mingw32/bin/../lib/gcc/nios2-elf/4.1.2/../../../../nios2-elf/lib/mno-hw-mul\libc.a(lib_a-vfprintf.o)
 .bss           0x0101b728        0x0 c:/altera/13.0/nios2eds/bin/gnu/h-i686-mingw32/bin/../lib/gcc/nios2-elf/4.1.2/../../../../nios2-elf/lib/mno-hw-mul\libc.a(lib_a-wsetup.o)
 .bss           0x0101b728        0x0 c:/altera/13.0/nios2eds/bin/gnu/h-i686-mingw32/bin/../lib/gcc/nios2-elf/4.1.2/../../../../nios2-elf/lib/mno-hw-mul\libc.a(lib_a-dtoa.o)
 .bss           0x0101b728        0x0 c:/altera/13.0/nios2eds/bin/gnu/h-i686-mingw32/bin/../lib/gcc/nios2-elf/4.1.2/../../../../nios2-elf/lib/mno-hw-mul\libc.a(lib_a-fflush.o)
 .bss           0x0101b728        0x0 c:/altera/13.0/nios2eds/bin/gnu/h-i686-mingw32/bin/../lib/gcc/nios2-elf/4.1.2/../../../../nios2-elf/lib/mno-hw-mul\libc.a(lib_a-findfp.o)
 .bss           0x0101b728        0x0 c:/altera/13.0/nios2eds/bin/gnu/h-i686-mingw32/bin/../lib/gcc/nios2-elf/4.1.2/../../../../nios2-elf/lib/mno-hw-mul\libc.a(lib_a-freer.o)
 .bss           0x0101b728        0x0 c:/altera/13.0/nios2eds/bin/gnu/h-i686-mingw32/bin/../lib/gcc/nios2-elf/4.1.2/../../../../nios2-elf/lib/mno-hw-mul\libc.a(lib_a-fvwrite.o)
 .bss           0x0101b728        0x0 c:/altera/13.0/nios2eds/bin/gnu/h-i686-mingw32/bin/../lib/gcc/nios2-elf/4.1.2/../../../../nios2-elf/lib/mno-hw-mul\libc.a(lib_a-fwalk.o)
 .bss           0x0101b728        0x0 c:/altera/13.0/nios2eds/bin/gnu/h-i686-mingw32/bin/../lib/gcc/nios2-elf/4.1.2/../../../../nios2-elf/lib/mno-hw-mul\libc.a(lib_a-gettimeofdayr.o)
 .bss           0x0101b728        0x0 c:/altera/13.0/nios2eds/bin/gnu/h-i686-mingw32/bin/../lib/gcc/nios2-elf/4.1.2/../../../../nios2-elf/lib/mno-hw-mul\libc.a(lib_a-int_errno.o)
 .bss           0x0101b728        0x0 c:/altera/13.0/nios2eds/bin/gnu/h-i686-mingw32/bin/../lib/gcc/nios2-elf/4.1.2/../../../../nios2-elf/lib/mno-hw-mul\libc.a(lib_a-locale.o)
 .bss           0x0101b728        0x0 c:/altera/13.0/nios2eds/bin/gnu/h-i686-mingw32/bin/../lib/gcc/nios2-elf/4.1.2/../../../../nios2-elf/lib/mno-hw-mul\libc.a(lib_a-makebuf.o)
 .bss           0x0101b728       0x28 c:/altera/13.0/nios2eds/bin/gnu/h-i686-mingw32/bin/../lib/gcc/nios2-elf/4.1.2/../../../../nios2-elf/lib/mno-hw-mul\libc.a(lib_a-mallocr.o)
                0x0101b728                __malloc_current_mallinfo
 .bss           0x0101b750        0x0 c:/altera/13.0/nios2eds/bin/gnu/h-i686-mingw32/bin/../lib/gcc/nios2-elf/4.1.2/../../../../nios2-elf/lib/mno-hw-mul\libc.a(lib_a-memchr.o)
 .bss           0x0101b750        0x0 c:/altera/13.0/nios2eds/bin/gnu/h-i686-mingw32/bin/../lib/gcc/nios2-elf/4.1.2/../../../../nios2-elf/lib/mno-hw-mul\libc.a(lib_a-memcpy.o)
 .bss           0x0101b750        0x0 c:/altera/13.0/nios2eds/bin/gnu/h-i686-mingw32/bin/../lib/gcc/nios2-elf/4.1.2/../../../../nios2-elf/lib/mno-hw-mul\libc.a(lib_a-memmove.o)
 .bss           0x0101b750        0x0 c:/altera/13.0/nios2eds/bin/gnu/h-i686-mingw32/bin/../lib/gcc/nios2-elf/4.1.2/../../../../nios2-elf/lib/mno-hw-mul\libc.a(lib_a-memset.o)
 .bss           0x0101b750        0x0 c:/altera/13.0/nios2eds/bin/gnu/h-i686-mingw32/bin/../lib/gcc/nios2-elf/4.1.2/../../../../nios2-elf/lib/mno-hw-mul\libc.a(lib_a-mprec.o)
 .bss           0x0101b750        0x0 c:/altera/13.0/nios2eds/bin/gnu/h-i686-mingw32/bin/../lib/gcc/nios2-elf/4.1.2/../../../../nios2-elf/lib/mno-hw-mul\libc.a(lib_a-reallocr.o)
 .bss           0x0101b750        0x0 c:/altera/13.0/nios2eds/bin/gnu/h-i686-mingw32/bin/../lib/gcc/nios2-elf/4.1.2/../../../../nios2-elf/lib/mno-hw-mul\libc.a(lib_a-s_isinfd.o)
 .bss           0x0101b750        0x0 c:/altera/13.0/nios2eds/bin/gnu/h-i686-mingw32/bin/../lib/gcc/nios2-elf/4.1.2/../../../../nios2-elf/lib/mno-hw-mul\libc.a(lib_a-s_isnand.o)
 .bss           0x0101b750        0x0 c:/altera/13.0/nios2eds/bin/gnu/h-i686-mingw32/bin/../lib/gcc/nios2-elf/4.1.2/../../../../nios2-elf/lib/mno-hw-mul\libc.a(lib_a-sbrkr.o)
 .bss           0x0101b750        0x0 c:/altera/13.0/nios2eds/bin/gnu/h-i686-mingw32/bin/../lib/gcc/nios2-elf/4.1.2/../../../../nios2-elf/lib/mno-hw-mul\libc.a(lib_a-stdio.o)
 .bss           0x0101b750        0x0 c:/altera/13.0/nios2eds/bin/gnu/h-i686-mingw32/bin/../lib/gcc/nios2-elf/4.1.2/../../../../nios2-elf/lib/mno-hw-mul\libc.a(lib_a-strcmp.o)
 .bss           0x0101b750        0x0 c:/altera/13.0/nios2eds/bin/gnu/h-i686-mingw32/bin/../lib/gcc/nios2-elf/4.1.2/../../../../nios2-elf/lib/mno-hw-mul\libc.a(lib_a-writer.o)
 .bss           0x0101b750        0x0 c:/altera/13.0/nios2eds/bin/gnu/h-i686-mingw32/bin/../lib/gcc/nios2-elf/4.1.2/../../../../nios2-elf/lib/mno-hw-mul\libc.a(lib_a-callocr.o)
 .bss           0x0101b750        0x0 c:/altera/13.0/nios2eds/bin/gnu/h-i686-mingw32/bin/../lib/gcc/nios2-elf/4.1.2/../../../../nios2-elf/lib/mno-hw-mul\libc.a(lib_a-closer.o)
 .bss           0x0101b750        0x0 c:/altera/13.0/nios2eds/bin/gnu/h-i686-mingw32/bin/../lib/gcc/nios2-elf/4.1.2/../../../../nios2-elf/lib/mno-hw-mul\libc.a(lib_a-fclose.o)
 .bss           0x0101b750        0x0 c:/altera/13.0/nios2eds/bin/gnu/h-i686-mingw32/bin/../lib/gcc/nios2-elf/4.1.2/../../../../nios2-elf/lib/mno-hw-mul\libc.a(lib_a-fstatr.o)
 .bss           0x0101b750        0x0 c:/altera/13.0/nios2eds/bin/gnu/h-i686-mingw32/bin/../lib/gcc/nios2-elf/4.1.2/../../../../nios2-elf/lib/mno-hw-mul\libc.a(lib_a-isattyr.o)
 .bss           0x0101b750        0x0 c:/altera/13.0/nios2eds/bin/gnu/h-i686-mingw32/bin/../lib/gcc/nios2-elf/4.1.2/../../../../nios2-elf/lib/mno-hw-mul\libc.a(lib_a-lseekr.o)
 .bss           0x0101b750        0x0 c:/altera/13.0/nios2eds/bin/gnu/h-i686-mingw32/bin/../lib/gcc/nios2-elf/4.1.2/../../../../nios2-elf/lib/mno-hw-mul\libc.a(lib_a-readr.o)
 .bss           0x0101b750        0x0 c:/altera/13.0/nios2eds/bin/gnu/h-i686-mingw32/bin/../lib/gcc/nios2-elf/4.1.2/mno-hw-mul\libgcc.a(_muldi3.o)
 .bss           0x0101b750        0x0 c:/altera/13.0/nios2eds/bin/gnu/h-i686-mingw32/bin/../lib/gcc/nios2-elf/4.1.2/mno-hw-mul\libgcc.a(_udivdi3.o)
 .bss           0x0101b750        0x0 c:/altera/13.0/nios2eds/bin/gnu/h-i686-mingw32/bin/../lib/gcc/nios2-elf/4.1.2/mno-hw-mul\libgcc.a(_umoddi3.o)
 .bss           0x0101b750        0x0 c:/altera/13.0/nios2eds/bin/gnu/h-i686-mingw32/bin/../lib/gcc/nios2-elf/4.1.2/mno-hw-mul\libgcc.a(_addsub_df.o)
 .bss           0x0101b750        0x0 c:/altera/13.0/nios2eds/bin/gnu/h-i686-mingw32/bin/../lib/gcc/nios2-elf/4.1.2/mno-hw-mul\libgcc.a(_mul_df.o)
 .bss           0x0101b750        0x0 c:/altera/13.0/nios2eds/bin/gnu/h-i686-mingw32/bin/../lib/gcc/nios2-elf/4.1.2/mno-hw-mul\libgcc.a(_div_df.o)
 .bss           0x0101b750        0x0 c:/altera/13.0/nios2eds/bin/gnu/h-i686-mingw32/bin/../lib/gcc/nios2-elf/4.1.2/mno-hw-mul\libgcc.a(_eq_df.o)
 .bss           0x0101b750        0x0 c:/altera/13.0/nios2eds/bin/gnu/h-i686-mingw32/bin/../lib/gcc/nios2-elf/4.1.2/mno-hw-mul\libgcc.a(_ne_df.o)
 .bss           0x0101b750        0x0 c:/altera/13.0/nios2eds/bin/gnu/h-i686-mingw32/bin/../lib/gcc/nios2-elf/4.1.2/mno-hw-mul\libgcc.a(_gt_df.o)
 .bss           0x0101b750        0x0 c:/altera/13.0/nios2eds/bin/gnu/h-i686-mingw32/bin/../lib/gcc/nios2-elf/4.1.2/mno-hw-mul\libgcc.a(_ge_df.o)
 .bss           0x0101b750        0x0 c:/altera/13.0/nios2eds/bin/gnu/h-i686-mingw32/bin/../lib/gcc/nios2-elf/4.1.2/mno-hw-mul\libgcc.a(_lt_df.o)
 .bss           0x0101b750        0x0 c:/altera/13.0/nios2eds/bin/gnu/h-i686-mingw32/bin/../lib/gcc/nios2-elf/4.1.2/mno-hw-mul\libgcc.a(_si_to_df.o)
 .bss           0x0101b750        0x0 c:/altera/13.0/nios2eds/bin/gnu/h-i686-mingw32/bin/../lib/gcc/nios2-elf/4.1.2/mno-hw-mul\libgcc.a(_df_to_si.o)
 .bss           0x0101b750        0x0 c:/altera/13.0/nios2eds/bin/gnu/h-i686-mingw32/bin/../lib/gcc/nios2-elf/4.1.2/mno-hw-mul\libgcc.a(_thenan_df.o)
 .bss           0x0101b750        0x0 c:/altera/13.0/nios2eds/bin/gnu/h-i686-mingw32/bin/../lib/gcc/nios2-elf/4.1.2/mno-hw-mul\libgcc.a(_usi_to_df.o)
 .bss           0x0101b750        0x0 c:/altera/13.0/nios2eds/bin/gnu/h-i686-mingw32/bin/../lib/gcc/nios2-elf/4.1.2/mno-hw-mul\libgcc.a(lib2-mul.o)
 .bss           0x0101b750        0x0 c:/altera/13.0/nios2eds/bin/gnu/h-i686-mingw32/bin/../lib/gcc/nios2-elf/4.1.2/mno-hw-mul\libgcc.a(_clz.o)
 .bss           0x0101b750        0x0 c:/altera/13.0/nios2eds/bin/gnu/h-i686-mingw32/bin/../lib/gcc/nios2-elf/4.1.2/mno-hw-mul\libgcc.a(_clzsi2.o)
 .bss           0x0101b750        0x0 c:/altera/13.0/nios2eds/bin/gnu/h-i686-mingw32/bin/../lib/gcc/nios2-elf/4.1.2/mno-hw-mul\libgcc.a(_pack_df.o)
 .bss           0x0101b750        0x0 c:/altera/13.0/nios2eds/bin/gnu/h-i686-mingw32/bin/../lib/gcc/nios2-elf/4.1.2/mno-hw-mul\libgcc.a(_unpack_df.o)
 .bss           0x0101b750        0x0 c:/altera/13.0/nios2eds/bin/gnu/h-i686-mingw32/bin/../lib/gcc/nios2-elf/4.1.2/mno-hw-mul\libgcc.a(_fpcmp_parts_df.o)
 .bss           0x0101b750        0x0 ../github_Module1_bsp/\libhal_bsp.a(alt_close.o)
 .bss           0x0101b750        0x0 ../github_Module1_bsp/\libhal_bsp.a(alt_dev.o)
 .bss           0x0101b750        0x0 ../github_Module1_bsp/\libhal_bsp.a(alt_errno.o)
 .bss           0x0101b750        0x0 ../github_Module1_bsp/\libhal_bsp.a(alt_fstat.o)
 .bss           0x0101b750        0x0 ../github_Module1_bsp/\libhal_bsp.a(alt_gettod.o)
 .bss           0x0101b750        0x0 ../github_Module1_bsp/\libhal_bsp.a(alt_isatty.o)
 .bss           0x0101b750        0x0 ../github_Module1_bsp/\libhal_bsp.a(alt_load.o)
 .bss           0x0101b750        0x0 ../github_Module1_bsp/\libhal_bsp.a(alt_lseek.o)
 .bss           0x0101b750        0x0 ../github_Module1_bsp/\libhal_bsp.a(alt_main.o)
 .bss           0x0101b750        0x0 ../github_Module1_bsp/\libhal_bsp.a(alt_malloc_lock.o)
 .bss           0x0101b750        0x0 ../github_Module1_bsp/\libhal_bsp.a(alt_read.o)
 .bss           0x0101b750        0x0 ../github_Module1_bsp/\libhal_bsp.a(alt_release_fd.o)
 .bss           0x0101b750        0x0 ../github_Module1_bsp/\libhal_bsp.a(alt_sbrk.o)
 .bss           0x0101b750        0x0 ../github_Module1_bsp/\libhal_bsp.a(alt_tick.o)
 .bss           0x0101b750        0x0 ../github_Module1_bsp/\libhal_bsp.a(alt_write.o)
 .bss           0x0101b750        0x0 ../github_Module1_bsp/\libhal_bsp.a(alt_sys_init.o)
 .bss           0x0101b750        0x0 ../github_Module1_bsp/\libhal_bsp.a(Altera_UP_SD_Card_Avalon_Interface.o)
 .bss           0x0101b750        0x0 ../github_Module1_bsp/\libhal_bsp.a(altera_avalon_jtag_uart_fd.o)
 .bss           0x0101b750        0x0 ../github_Module1_bsp/\libhal_bsp.a(altera_avalon_jtag_uart_init.o)
 .bss           0x0101b750        0x0 ../github_Module1_bsp/\libhal_bsp.a(altera_avalon_jtag_uart_ioctl.o)
 .bss           0x0101b750        0x0 ../github_Module1_bsp/\libhal_bsp.a(altera_avalon_jtag_uart_read.o)
 .bss           0x0101b750        0x0 ../github_Module1_bsp/\libhal_bsp.a(altera_avalon_jtag_uart_write.o)
 .bss           0x0101b750        0x0 ../github_Module1_bsp/\libhal_bsp.a(altera_avalon_timer_sc.o)
 .bss           0x0101b750        0x0 ../github_Module1_bsp/\libhal_bsp.a(altera_up_avalon_audio.o)
 .bss           0x0101b750        0x0 ../github_Module1_bsp/\libhal_bsp.a(altera_up_avalon_audio_and_video_config.o)
 .bss           0x0101b750        0x0 ../github_Module1_bsp/\libhal_bsp.a(altera_up_avalon_character_lcd.o)
 .bss           0x0101b750        0x0 ../github_Module1_bsp/\libhal_bsp.a(altera_up_avalon_ps2.o)
 .bss           0x0101b750        0x0 ../github_Module1_bsp/\libhal_bsp.a(altera_up_avalon_video_character_buffer_with_dma.o)
 .bss           0x0101b750        0x0 ../github_Module1_bsp/\libhal_bsp.a(altera_up_avalon_video_pixel_buffer_dma.o)
 .bss           0x0101b750        0x0 ../github_Module1_bsp/\libhal_bsp.a(altera_up_ps2_keyboard.o)
 .bss           0x0101b750        0x0 ../github_Module1_bsp/\libhal_bsp.a(alt_alarm_start.o)
 .bss           0x0101b750        0x0 ../github_Module1_bsp/\libhal_bsp.a(alt_dcache_flush_all.o)
 .bss           0x0101b750        0x0 ../github_Module1_bsp/\libhal_bsp.a(alt_dev_llist_insert.o)
 .bss           0x0101b750        0x0 ../github_Module1_bsp/\libhal_bsp.a(alt_do_ctors.o)
 .bss           0x0101b750        0x0 ../github_Module1_bsp/\libhal_bsp.a(alt_do_dtors.o)
 .bss           0x0101b750        0x0 ../github_Module1_bsp/\libhal_bsp.a(alt_find_dev.o)
 .bss           0x0101b750        0x0 ../github_Module1_bsp/\libhal_bsp.a(alt_icache_flush_all.o)
 .bss           0x0101b750        0x0 ../github_Module1_bsp/\libhal_bsp.a(alt_io_redirect.o)
 .bss           0x0101b750        0x0 ../github_Module1_bsp/\libhal_bsp.a(alt_irq_register.o)
 .bss           0x0101b750        0x0 ../github_Module1_bsp/\libhal_bsp.a(alt_irq_vars.o)
 .bss           0x0101b750        0x0 ../github_Module1_bsp/\libhal_bsp.a(alt_open.o)
 .bss           0x0101b750        0x0 ../github_Module1_bsp/\libhal_bsp.a(altera_nios2_qsys_irq.o)
 .bss           0x0101b750        0x0 ../github_Module1_bsp/\libhal_bsp.a(alt_find_file.o)
 .bss           0x0101b750        0x0 ../github_Module1_bsp/\libhal_bsp.a(alt_get_fd.o)
 .bss           0x0101b750        0x0 ../github_Module1_bsp/\libhal_bsp.a(alt_irq_entry.o)
 .bss           0x0101b750        0x0 ../github_Module1_bsp/\libhal_bsp.a(alt_irq_handler.o)
 .bss           0x0101b750        0x0 ../github_Module1_bsp/\libhal_bsp.a(alt_exception_entry.o)
 .bss           0x0101b750        0x0 c:/altera/13.0/nios2eds/bin/gnu/h-i686-mingw32/bin/../lib/gcc/nios2-elf/4.1.2/../../../../nios2-elf/lib/mno-hw-mul\libc.a(lib_a-assert.o)
 .bss           0x0101b750        0x0 c:/altera/13.0/nios2eds/bin/gnu/h-i686-mingw32/bin/../lib/gcc/nios2-elf/4.1.2/../../../../nios2-elf/lib/mno-hw-mul\libc.a(lib_a-atexit.o)
 .bss           0x0101b750        0x0 c:/altera/13.0/nios2eds/bin/gnu/h-i686-mingw32/bin/../lib/gcc/nios2-elf/4.1.2/../../../../nios2-elf/lib/mno-hw-mul\libc.a(lib_a-exit.o)
 .bss           0x0101b750        0x0 c:/altera/13.0/nios2eds/bin/gnu/h-i686-mingw32/bin/../lib/gcc/nios2-elf/4.1.2/../../../../nios2-elf/lib/mno-hw-mul\libc.a(lib_a-fiprintf.o)
 .bss           0x0101b750        0x0 c:/altera/13.0/nios2eds/bin/gnu/h-i686-mingw32/bin/../lib/gcc/nios2-elf/4.1.2/../../../../nios2-elf/lib/mno-hw-mul\libc.a(lib_a-memcmp.o)
 .bss           0x0101b750        0x0 c:/altera/13.0/nios2eds/bin/gnu/h-i686-mingw32/bin/../lib/gcc/nios2-elf/4.1.2/../../../../nios2-elf/lib/mno-hw-mul\libc.a(lib_a-strcpy.o)
 .bss           0x0101b750        0x0 c:/altera/13.0/nios2eds/bin/gnu/h-i686-mingw32/bin/../lib/gcc/nios2-elf/4.1.2/../../../../nios2-elf/lib/mno-hw-mul\libc.a(lib_a-vfiprintfr_1.o)
 .bss           0x0101b750        0x0 c:/altera/13.0/nios2eds/bin/gnu/h-i686-mingw32/bin/../lib/gcc/nios2-elf/4.1.2/../../../../nios2-elf/lib/mno-hw-mul\libc.a(lib_a-__atexit.o)
 .bss           0x0101b750        0x0 c:/altera/13.0/nios2eds/bin/gnu/h-i686-mingw32/bin/../lib/gcc/nios2-elf/4.1.2/../../../../nios2-elf/lib/mno-hw-mul\libc.a(lib_a-__call_atexit.o)
 .bss           0x0101b750        0x0 c:/altera/13.0/nios2eds/bin/gnu/h-i686-mingw32/bin/../lib/gcc/nios2-elf/4.1.2/../../../../nios2-elf/lib/mno-hw-mul\libc.a(lib_a-abort.o)
 .bss           0x0101b750        0x0 c:/altera/13.0/nios2eds/bin/gnu/h-i686-mingw32/bin/../lib/gcc/nios2-elf/4.1.2/../../../../nios2-elf/lib/mno-hw-mul\libc.a(lib_a-signal.o)
 .bss           0x0101b750        0x0 c:/altera/13.0/nios2eds/bin/gnu/h-i686-mingw32/bin/../lib/gcc/nios2-elf/4.1.2/../../../../nios2-elf/lib/mno-hw-mul\libc.a(lib_a-signalr.o)
 .bss           0x0101b750        0x0 c:/altera/13.0/nios2eds/bin/gnu/h-i686-mingw32/bin/../lib/gcc/nios2-elf/4.1.2/../../../../nios2-elf/lib/mno-hw-mul\libc.a(lib_a-vfiprintf.o)
 .bss           0x0101b750        0x0 ../github_Module1_bsp/\libhal_bsp.a(alt_exit.o)
 .bss           0x0101b750        0x0 ../github_Module1_bsp/\libhal_bsp.a(alt_getpid.o)
 .bss           0x0101b750        0x0 ../github_Module1_bsp/\libhal_bsp.a(alt_kill.o)
 *(COMMON)
 COMMON         0x0101b750      0x158 obj/default/moduleOne.o
                0x0101b750                arrow
                0x0101b7b4                s
 COMMON         0x0101b8a8      0x568 ../github_Module1_bsp/\libhal_bsp.a(Altera_UP_SD_Card_Avalon_Interface.o)
                0x0101b8a8                search_data
                0x0101b8bc                boot_sector_data
                0x0101b910                active_files
 COMMON         0x0101be10      0x100 ../github_Module1_bsp/\libhal_bsp.a(alt_irq_handler.o)
                0x0101be10                alt_irq
 COMMON         0x0101bf10      0x190 c:/altera/13.0/nios2eds/bin/gnu/h-i686-mingw32/bin/../lib/gcc/nios2-elf/4.1.2/../../../../nios2-elf/lib/mno-hw-mul\libc.a(lib_a-atexit.o)
                0x0101bf10                _atexit0
                0x0101c0a0                . = ALIGN (0x4)
                0x0101c0a0                __bss_end = ABSOLUTE (.)

.onchip_memory2_0
                0x00000000        0x0 load address 0x0101c0a0
                0x00000000                PROVIDE (_alt_partition_onchip_memory2_0_start, ABSOLUTE (.))
 *(.onchip_memory2_0. onchip_memory2_0.*)
                0x00000000                . = ALIGN (0x4)
                0x00000000                PROVIDE (_alt_partition_onchip_memory2_0_end, ABSOLUTE (.))
                0x0101c0a0                PROVIDE (_alt_partition_onchip_memory2_0_load_addr, LOADADDR (.onchip_memory2_0))

.sdram          0x0101c0a0        0x0
                0x0101c0a0                PROVIDE (_alt_partition_sdram_start, ABSOLUTE (.))
 *(.sdram. sdram.*)
                0x0101c0a0                . = ALIGN (0x4)
                0x0101c0a0                PROVIDE (_alt_partition_sdram_end, ABSOLUTE (.))
                0x0101c0a0                _end = ABSOLUTE (.)
                0x0101c0a0                end = ABSOLUTE (.)
                0x0101c0a0                __alt_stack_base = ABSOLUTE (.)
                0x0101c0a0                PROVIDE (_alt_partition_sdram_load_addr, LOADADDR (.sdram))

.stab
 *(.stab)

.stabstr
 *(.stabstr)

.stab.excl
 *(.stab.excl)

.stab.exclstr
 *(.stab.exclstr)

.stab.index
 *(.stab.index)

.stab.indexstr
 *(.stab.indexstr)

.comment        0x00000000       0x23
 *(.comment)
 .comment       0x00000000       0x23 obj/default/moduleOne.o
                                 0x24 (size before relaxing)
 .comment       0x00000000       0x24 c:/altera/13.0/nios2eds/bin/gnu/h-i686-mingw32/bin/../lib/gcc/nios2-elf/4.1.2/mno-hw-mul\libgcc.a(lib2-divmod.o)
 .comment       0x00000000       0x24 c:/altera/13.0/nios2eds/bin/gnu/h-i686-mingw32/bin/../lib/gcc/nios2-elf/4.1.2/../../../../nios2-elf/lib/mno-hw-mul\libc.a(lib_a-fwrite.o)
 .comment       0x00000000       0x24 c:/altera/13.0/nios2eds/bin/gnu/h-i686-mingw32/bin/../lib/gcc/nios2-elf/4.1.2/../../../../nios2-elf/lib/mno-hw-mul\libc.a(lib_a-impure.o)
 .comment       0x00000000       0x24 c:/altera/13.0/nios2eds/bin/gnu/h-i686-mingw32/bin/../lib/gcc/nios2-elf/4.1.2/../../../../nios2-elf/lib/mno-hw-mul\libc.a(lib_a-printf.o)
 .comment       0x00000000       0x24 c:/altera/13.0/nios2eds/bin/gnu/h-i686-mingw32/bin/../lib/gcc/nios2-elf/4.1.2/../../../../nios2-elf/lib/mno-hw-mul\libc.a(lib_a-puts.o)
 .comment       0x00000000       0x24 c:/altera/13.0/nios2eds/bin/gnu/h-i686-mingw32/bin/../lib/gcc/nios2-elf/4.1.2/../../../../nios2-elf/lib/mno-hw-mul\libc.a(lib_a-rand.o)
 .comment       0x00000000       0x24 c:/altera/13.0/nios2eds/bin/gnu/h-i686-mingw32/bin/../lib/gcc/nios2-elf/4.1.2/../../../../nios2-elf/lib/mno-hw-mul\libc.a(lib_a-strlen.o)
 .comment       0x00000000       0x24 c:/altera/13.0/nios2eds/bin/gnu/h-i686-mingw32/bin/../lib/gcc/nios2-elf/4.1.2/../../../../nios2-elf/lib/mno-hw-mul\libc.a(lib_a-time.o)
 .comment       0x00000000       0x24 c:/altera/13.0/nios2eds/bin/gnu/h-i686-mingw32/bin/../lib/gcc/nios2-elf/4.1.2/../../../../nios2-elf/lib/mno-hw-mul\libc.a(lib_a-vfprintf.o)
 .comment       0x00000000       0x24 c:/altera/13.0/nios2eds/bin/gnu/h-i686-mingw32/bin/../lib/gcc/nios2-elf/4.1.2/../../../../nios2-elf/lib/mno-hw-mul\libc.a(lib_a-wsetup.o)
 .comment       0x00000000       0x24 c:/altera/13.0/nios2eds/bin/gnu/h-i686-mingw32/bin/../lib/gcc/nios2-elf/4.1.2/../../../../nios2-elf/lib/mno-hw-mul\libc.a(lib_a-dtoa.o)
 .comment       0x00000000       0x24 c:/altera/13.0/nios2eds/bin/gnu/h-i686-mingw32/bin/../lib/gcc/nios2-elf/4.1.2/../../../../nios2-elf/lib/mno-hw-mul\libc.a(lib_a-fflush.o)
 .comment       0x00000000       0x24 c:/altera/13.0/nios2eds/bin/gnu/h-i686-mingw32/bin/../lib/gcc/nios2-elf/4.1.2/../../../../nios2-elf/lib/mno-hw-mul\libc.a(lib_a-findfp.o)
 .comment       0x00000000       0x24 c:/altera/13.0/nios2eds/bin/gnu/h-i686-mingw32/bin/../lib/gcc/nios2-elf/4.1.2/../../../../nios2-elf/lib/mno-hw-mul\libc.a(lib_a-freer.o)
 .comment       0x00000000       0x24 c:/altera/13.0/nios2eds/bin/gnu/h-i686-mingw32/bin/../lib/gcc/nios2-elf/4.1.2/../../../../nios2-elf/lib/mno-hw-mul\libc.a(lib_a-fvwrite.o)
 .comment       0x00000000       0x24 c:/altera/13.0/nios2eds/bin/gnu/h-i686-mingw32/bin/../lib/gcc/nios2-elf/4.1.2/../../../../nios2-elf/lib/mno-hw-mul\libc.a(lib_a-fwalk.o)
 .comment       0x00000000       0x24 c:/altera/13.0/nios2eds/bin/gnu/h-i686-mingw32/bin/../lib/gcc/nios2-elf/4.1.2/../../../../nios2-elf/lib/mno-hw-mul\libc.a(lib_a-gettimeofdayr.o)
 .comment       0x00000000       0x24 c:/altera/13.0/nios2eds/bin/gnu/h-i686-mingw32/bin/../lib/gcc/nios2-elf/4.1.2/../../../../nios2-elf/lib/mno-hw-mul\libc.a(lib_a-int_errno.o)
 .comment       0x00000000       0x24 c:/altera/13.0/nios2eds/bin/gnu/h-i686-mingw32/bin/../lib/gcc/nios2-elf/4.1.2/../../../../nios2-elf/lib/mno-hw-mul\libc.a(lib_a-locale.o)
 .comment       0x00000000       0x24 c:/altera/13.0/nios2eds/bin/gnu/h-i686-mingw32/bin/../lib/gcc/nios2-elf/4.1.2/../../../../nios2-elf/lib/mno-hw-mul\libc.a(lib_a-makebuf.o)
 .comment       0x00000000       0x24 c:/altera/13.0/nios2eds/bin/gnu/h-i686-mingw32/bin/../lib/gcc/nios2-elf/4.1.2/../../../../nios2-elf/lib/mno-hw-mul\libc.a(lib_a-mallocr.o)
 .comment       0x00000000       0x24 c:/altera/13.0/nios2eds/bin/gnu/h-i686-mingw32/bin/../lib/gcc/nios2-elf/4.1.2/../../../../nios2-elf/lib/mno-hw-mul\libc.a(lib_a-memchr.o)
 .comment       0x00000000       0x24 c:/altera/13.0/nios2eds/bin/gnu/h-i686-mingw32/bin/../lib/gcc/nios2-elf/4.1.2/../../../../nios2-elf/lib/mno-hw-mul\libc.a(lib_a-memcpy.o)
 .comment       0x00000000       0x24 c:/altera/13.0/nios2eds/bin/gnu/h-i686-mingw32/bin/../lib/gcc/nios2-elf/4.1.2/../../../../nios2-elf/lib/mno-hw-mul\libc.a(lib_a-memmove.o)
 .comment       0x00000000       0x24 c:/altera/13.0/nios2eds/bin/gnu/h-i686-mingw32/bin/../lib/gcc/nios2-elf/4.1.2/../../../../nios2-elf/lib/mno-hw-mul\libc.a(lib_a-memset.o)